Archive member included to satisfy reference by file (symbol)

/home/rayan/Ac6/SystemWorkbench/plugins/fr.ac6.mcu.externaltools.arm-none.linux64_1.17.0.201812190825/tools/compiler/bin/../lib/gcc/arm-none-eabi/7.3.1/thumb/v7e-m/fpv4-sp/hard/libgcc.a(_aeabi_uldivmod.o)
                              Drivers/STM32F4xx_HAL_Driver/Src/stm32f4xx_hal_rcc.o (__aeabi_uldivmod)
/home/rayan/Ac6/SystemWorkbench/plugins/fr.ac6.mcu.externaltools.arm-none.linux64_1.17.0.201812190825/tools/compiler/bin/../lib/gcc/arm-none-eabi/7.3.1/thumb/v7e-m/fpv4-sp/hard/libgcc.a(_udivmoddi4.o)
                              /home/rayan/Ac6/SystemWorkbench/plugins/fr.ac6.mcu.externaltools.arm-none.linux64_1.17.0.201812190825/tools/compiler/bin/../lib/gcc/arm-none-eabi/7.3.1/thumb/v7e-m/fpv4-sp/hard/libgcc.a(_aeabi_uldivmod.o) (__udivmoddi4)
/home/rayan/Ac6/SystemWorkbench/plugins/fr.ac6.mcu.externaltools.arm-none.linux64_1.17.0.201812190825/tools/compiler/bin/../lib/gcc/arm-none-eabi/7.3.1/thumb/v7e-m/fpv4-sp/hard/libgcc.a(_dvmd_tls.o)
                              /home/rayan/Ac6/SystemWorkbench/plugins/fr.ac6.mcu.externaltools.arm-none.linux64_1.17.0.201812190825/tools/compiler/bin/../lib/gcc/arm-none-eabi/7.3.1/thumb/v7e-m/fpv4-sp/hard/libgcc.a(_aeabi_uldivmod.o) (__aeabi_ldiv0)
/home/rayan/Ac6/SystemWorkbench/plugins/fr.ac6.mcu.externaltools.arm-none.linux64_1.17.0.201812190825/tools/compiler/bin/../lib/gcc/arm-none-eabi/7.3.1/../../../../arm-none-eabi/lib/thumb/v7e-m/fpv4-sp/hard/libc_nano.a(lib_a-errno.o)
                              Src/syscalls.o (__errno)
/home/rayan/Ac6/SystemWorkbench/plugins/fr.ac6.mcu.externaltools.arm-none.linux64_1.17.0.201812190825/tools/compiler/bin/../lib/gcc/arm-none-eabi/7.3.1/../../../../arm-none-eabi/lib/thumb/v7e-m/fpv4-sp/hard/libc_nano.a(lib_a-exit.o)
                              /home/rayan/Ac6/SystemWorkbench/plugins/fr.ac6.mcu.externaltools.arm-none.linux64_1.17.0.201812190825/tools/compiler/bin/../lib/gcc/arm-none-eabi/7.3.1/../../../../arm-none-eabi/lib/thumb/v7e-m/fpv4-sp/hard/crt0.o (exit)
/home/rayan/Ac6/SystemWorkbench/plugins/fr.ac6.mcu.externaltools.arm-none.linux64_1.17.0.201812190825/tools/compiler/bin/../lib/gcc/arm-none-eabi/7.3.1/../../../../arm-none-eabi/lib/thumb/v7e-m/fpv4-sp/hard/libc_nano.a(lib_a-impure.o)
                              /home/rayan/Ac6/SystemWorkbench/plugins/fr.ac6.mcu.externaltools.arm-none.linux64_1.17.0.201812190825/tools/compiler/bin/../lib/gcc/arm-none-eabi/7.3.1/../../../../arm-none-eabi/lib/thumb/v7e-m/fpv4-sp/hard/libc_nano.a(lib_a-exit.o) (_global_impure_ptr)
/home/rayan/Ac6/SystemWorkbench/plugins/fr.ac6.mcu.externaltools.arm-none.linux64_1.17.0.201812190825/tools/compiler/bin/../lib/gcc/arm-none-eabi/7.3.1/../../../../arm-none-eabi/lib/thumb/v7e-m/fpv4-sp/hard/libc_nano.a(lib_a-init.o)
                              /home/rayan/Ac6/SystemWorkbench/plugins/fr.ac6.mcu.externaltools.arm-none.linux64_1.17.0.201812190825/tools/compiler/bin/../lib/gcc/arm-none-eabi/7.3.1/../../../../arm-none-eabi/lib/thumb/v7e-m/fpv4-sp/hard/crt0.o (__libc_init_array)
/home/rayan/Ac6/SystemWorkbench/plugins/fr.ac6.mcu.externaltools.arm-none.linux64_1.17.0.201812190825/tools/compiler/bin/../lib/gcc/arm-none-eabi/7.3.1/../../../../arm-none-eabi/lib/thumb/v7e-m/fpv4-sp/hard/libc_nano.a(lib_a-memcpy-stub.o)
                              Drivers/si4463/Src/si4463.o (memcpy)
/home/rayan/Ac6/SystemWorkbench/plugins/fr.ac6.mcu.externaltools.arm-none.linux64_1.17.0.201812190825/tools/compiler/bin/../lib/gcc/arm-none-eabi/7.3.1/../../../../arm-none-eabi/lib/thumb/v7e-m/fpv4-sp/hard/libc_nano.a(lib_a-memset.o)
                              /home/rayan/Ac6/SystemWorkbench/plugins/fr.ac6.mcu.externaltools.arm-none.linux64_1.17.0.201812190825/tools/compiler/bin/../lib/gcc/arm-none-eabi/7.3.1/../../../../arm-none-eabi/lib/thumb/v7e-m/fpv4-sp/hard/crt0.o (memset)
/home/rayan/Ac6/SystemWorkbench/plugins/fr.ac6.mcu.externaltools.arm-none.linux64_1.17.0.201812190825/tools/compiler/bin/../lib/gcc/arm-none-eabi/7.3.1/../../../../arm-none-eabi/lib/thumb/v7e-m/fpv4-sp/hard/libc_nano.a(lib_a-sprintf.o)
                              Src/main.o (sprintf)
/home/rayan/Ac6/SystemWorkbench/plugins/fr.ac6.mcu.externaltools.arm-none.linux64_1.17.0.201812190825/tools/compiler/bin/../lib/gcc/arm-none-eabi/7.3.1/../../../../arm-none-eabi/lib/thumb/v7e-m/fpv4-sp/hard/libc_nano.a(lib_a-strcmp.o)
                              Src/main.o (strcmp)
/home/rayan/Ac6/SystemWorkbench/plugins/fr.ac6.mcu.externaltools.arm-none.linux64_1.17.0.201812190825/tools/compiler/bin/../lib/gcc/arm-none-eabi/7.3.1/../../../../arm-none-eabi/lib/thumb/v7e-m/fpv4-sp/hard/libc_nano.a(lib_a-strlen.o)
                              Src/main.o (strlen)
/home/rayan/Ac6/SystemWorkbench/plugins/fr.ac6.mcu.externaltools.arm-none.linux64_1.17.0.201812190825/tools/compiler/bin/../lib/gcc/arm-none-eabi/7.3.1/../../../../arm-none-eabi/lib/thumb/v7e-m/fpv4-sp/hard/libc_nano.a(lib_a-nano-svfprintf.o)
[...]
Memory Configuration

Name             Origin             Length             Attributes
RAM              0x0000000020000000 0x0000000000020000 xrw
CCMRAM           0x0000000010000000 0x0000000000010000 xrw
FLASH            0x0000000008000000 0x0000000000100000 xr
*default*        0x0000000000000000 0xffffffffffffffff

Linker script and memory map

LOAD /home/rayan/Ac6/SystemWorkbench/plugins/fr.ac6.mcu.externaltools.arm-none.linux64_1.17.0.201812190825/tools/compiler/bin/../lib/gcc/arm-none-eabi/7.3.1/thumb/v7e-m/fpv4-sp/hard/crti.o
LOAD /home/rayan/Ac6/SystemWorkbench/plugins/fr.ac6.mcu.externaltools.arm-none.linux64_1.17.0.201812190825/tools/compiler/bin/../lib/gcc/arm-none-eabi/7.3.1/thumb/v7e-m/fpv4-sp/hard/crtbegin.o
LOAD /home/rayan/Ac6/SystemWorkbench/plugins/fr.ac6.mcu.externaltools.arm-none.linux64_1.17.0.201812190825/tools/compiler/bin/../lib/gcc/arm-none-eabi/7.3.1/../../../../arm-none-eabi/lib/thumb/v7e-m/fpv4-sp/hard/crt0.o
LOAD Drivers/Delay_DWT/Src/delay_dwt.o
LOAD Drivers/STM32F4xx_HAL_Driver/Src/stm32f4xx_hal.o
LOAD Drivers/STM32F4xx_HAL_Driver/Src/stm32f4xx_hal_adc.o
LOAD Drivers/STM32F4xx_HAL_Driver/Src/stm32f4xx_hal_adc_ex.o
LOAD Drivers/STM32F4xx_HAL_Driver/Src/stm32f4xx_hal_cortex.o
LOAD Drivers/STM32F4xx_HAL_Driver/Src/stm32f4xx_hal_dma.o
LOAD Drivers/STM32F4xx_HAL_Driver/Src/stm32f4xx_hal_dma_ex.o
LOAD Drivers/STM32F4xx_HAL_Driver/Src/stm32f4xx_hal_exti.o
LOAD Drivers/STM32F4xx_HAL_Driver/Src/stm32f4xx_hal_flash.o
LOAD Drivers/STM32F4xx_HAL_Driver/Src/stm32f4xx_hal_flash_ex.o
LOAD Drivers/STM32F4xx_HAL_Driver/Src/stm32f4xx_hal_flash_ramfunc.o
LOAD Drivers/STM32F4xx_HAL_Driver/Src/stm32f4xx_hal_gpio.o
LOAD Drivers/STM32F4xx_HAL_Driver/Src/stm32f4xx_hal_pwr.o
LOAD Drivers/STM32F4xx_HAL_Driver/Src/stm32f4xx_hal_pwr_ex.o
LOAD Drivers/STM32F4xx_HAL_Driver/Src/stm32f4xx_hal_rcc.o
LOAD Drivers/STM32F4xx_HAL_Driver/Src/stm32f4xx_hal_rcc_ex.o
LOAD Drivers/STM32F4xx_HAL_Driver/Src/stm32f4xx_hal_rng.o
LOAD Drivers/STM32F4xx_HAL_Driver/Src/stm32f4xx_hal_spi.o
LOAD Drivers/STM32F4xx_HAL_Driver/Src/stm32f4xx_hal_tim.o
LOAD Drivers/STM32F4xx_HAL_Driver/Src/stm32f4xx_hal_tim_ex.o
LOAD Drivers/STM32F4xx_HAL_Driver/Src/stm32f4xx_hal_uart.o
LOAD Drivers/si4463/Src/si4463.o
LOAD Middlewares/Third_Party/FreeRTOS/Source/CMSIS_RTOS/cmsis_os.o
LOAD Middlewares/Third_Party/FreeRTOS/Source/croutine.o
LOAD Middlewares/Third_Party/FreeRTOS/Source/event_groups.o
LOAD Middlewares/Third_Party/FreeRTOS/Source/list.o
LOAD Middlewares/Third_Party/FreeRTOS/Source/queue.o
LOAD Middlewares/Third_Party/FreeRTOS/Source/stream_buffer.o
LOAD Middlewares/Third_Party/FreeRTOS/Source/tasks.o
LOAD Middlewares/Third_Party/FreeRTOS/Source/timers.o
LOAD Middlewares/Third_Party/FreeRTOS/Source/portable/GCC/ARM_CM4F/port.o
LOAD Middlewares/Third_Party/FreeRTOS/Source/portable/MemMang/heap_4.o
LOAD Src/adc.o
LOAD Src/freertos.o
LOAD Src/gpio.o
LOAD Src/main.o
LOAD Src/rng.o
LOAD Src/spi.o
LOAD Src/stm32f4xx_hal_msp.o
LOAD Src/stm32f4xx_hal_timebase_tim.o
LOAD Src/stm32f4xx_it.o
LOAD Src/syscalls.o
LOAD Src/system_stm32f4xx.o
LOAD Src/usart.o
LOAD startup/startup_stm32f405xx.o
LOAD /home/rayan/Ac6/SystemWorkbench/plugins/fr.ac6.mcu.externaltools.arm-none.linux64_1.17.0.201812190825/tools/compiler/bin/../lib/gcc/arm-none-eabi/7.3.1/../../../../arm-none-eabi/lib/thumb/v7e-m/fpv4-sp/hard/libm.a
START GROUP
LOAD /home/rayan/Ac6/SystemWorkbench/plugins/fr.ac6.mcu.externaltools.arm-none.linux64_1.17.0.201812190825/tools/compiler/bin/../lib/gcc/arm-none-eabi/7.3.1/thumb/v7e-m/fpv4-sp/hard/libgcc.a
LOAD /home/rayan/Ac6/SystemWorkbench/plugins/fr.ac6.mcu.externaltools.arm-none.linux64_1.17.0.201812190825/tools/compiler/bin/../lib/gcc/arm-none-eabi/7.3.1/../../../../arm-none-eabi/lib/thumb/v7e-m/fpv4-sp/hard/libc_nano.a
END GROUP
START GROUP
LOAD /home/rayan/Ac6/SystemWorkbench/plugins/fr.ac6.mcu.externaltools.arm-none.linux64_1.17.0.201812190825/tools/compiler/bin/../lib/gcc/arm-none-eabi/7.3.1/thumb/v7e-m/fpv4-sp/hard/libgcc.a
LOAD /home/rayan/Ac6/SystemWorkbench/plugins/fr.ac6.mcu.externaltools.arm-none.linux64_1.17.0.201812190825/tools/compiler/bin/../lib/gcc/arm-none-eabi/7.3.1/../../../../arm-none-eabi/lib/thumb/v7e-m/fpv4-sp/hard/libc_nano.a
LOAD /home/rayan/Ac6/SystemWorkbench/plugins/fr.ac6.mcu.externaltools.arm-none.linux64_1.17.0.201812190825/tools/compiler/bin/../lib/gcc/arm-none-eabi/7.3.1/../../../../arm-none-eabi/lib/thumb/v7e-m/fpv4-sp/hard/libnosys.a
END GROUP
START GROUP
LOAD /home/rayan/Ac6/SystemWorkbench/plugins/fr.ac6.mcu.externaltools.arm-none.linux64_1.17.0.201812190825/tools/compiler/bin/../lib/gcc/arm-none-eabi/7.3.1/thumb/v7e-m/fpv4-sp/hard/libgcc.a
LOAD /home/rayan/Ac6/SystemWorkbench/plugins/fr.ac6.mcu.externaltools.arm-none.linux64_1.17.0.201812190825/tools/compiler/bin/../lib/gcc/arm-none-eabi/7.3.1/../../../../arm-none-eabi/lib/thumb/v7e-m/fpv4-sp/hard/libc_nano.a
LOAD /home/rayan/Ac6/SystemWorkbench/plugins/fr.ac6.mcu.externaltools.arm-none.linux64_1.17.0.201812190825/tools/compiler/bin/../lib/gcc/arm-none-eabi/7.3.1/../../../../arm-none-eabi/lib/thumb/v7e-m/fpv4-sp/hard/libnosys.a
END GROUP
LOAD /home/rayan/Ac6/SystemWorkbench/plugins/fr.ac6.mcu.externaltools.arm-none.linux64_1.17.0.201812190825/tools/compiler/bin/../lib/gcc/arm-none-eabi/7.3.1/thumb/v7e-m/fpv4-sp/hard/crtend.o
LOAD /home/rayan/Ac6/SystemWorkbench/plugins/fr.ac6.mcu.externaltools.arm-none.linux64_1.17.0.201812190825/tools/compiler/bin/../lib/gcc/arm-none-eabi/7.3.1/thumb/v7e-m/fpv4-sp/hard/crtn.o
                0x0000000020020000                _estack = 0x20020000
                0x0000000000000200                _Min_Heap_Size = 0x200
                0x0000000000000400                _Min_Stack_Size = 0x400

.isr_vector     0x0000000008000000      0x188
                0x0000000008000000                . = ALIGN (0x4)
 *(.isr_vector)
 .isr_vector    0x0000000008000000      0x188 startup/startup_stm32f405xx.o
                0x0000000008000000                g_pfnVectors
                0x0000000008000188                . = ALIGN (0x4)

.text           0x0000000008000190     0x7b34
                0x0000000008000190                . = ALIGN (0x4)
 *(.text)
 .text          0x0000000008000190       0x40 /home/rayan/Ac6/SystemWorkbench/plugins/fr.ac6.mcu.externaltools.arm-none.linux64_1.17.0.201812190825/tools/compiler/bin/../lib/gcc/arm-none-eabi/7.3.1/thumb/v7e-m/fpv4-sp/hard/crtbegin.o
 .text          0x00000000080001d0       0x30 /home/rayan/Ac6/SystemWorkbench/plugins/fr.ac6.mcu.externaltools.arm-none.linux64_1.17.0.201812190825/tools/compiler/bin/../lib/gcc/arm-none-eabi/7.3.1/thumb/v7e-m/fpv4-sp/hard/libgcc.a(_aeabi_uldivmod.o)
                0x00000000080001d0                __aeabi_uldivmod
 .text          0x0000000008000200      0x2cc /home/rayan/Ac6/SystemWorkbench/plugins/fr.ac6.mcu.externaltools.arm-none.linux64_1.17.0.201812190825/tools/compiler/bin/../lib/gcc/arm-none-eabi/7.3.1/thumb/v7e-m/fpv4-sp/hard/libgcc.a(_udivmoddi4.o)
                0x0000000008000200                __udivmoddi4
 .text          0x00000000080004cc        0x4 /home/rayan/Ac6/SystemWorkbench/plugins/fr.ac6.mcu.externaltools.arm-none.linux64_1.17.0.201812190825/tools/compiler/bin/../lib/gcc/arm-none-eabi/7.3.1/thumb/v7e-m/fpv4-sp/hard/libgcc.a(_dvmd_tls.o)
                0x00000000080004cc                __aeabi_ldiv0
                0x00000000080004cc                __aeabi_idiv0
 .text          0x00000000080004d0       0x14 /home/rayan/Ac6/SystemWorkbench/plugins/fr.ac6.mcu.externaltools.arm-none.linux64_1.17.0.201812190825/tools/compiler/bin/../lib/gcc/arm-none-eabi/7.3.1/../../../../arm-none-eabi/lib/thumb/v7e-m/fpv4-sp/hard/libc_nano.a(lib_a-strcmp.o)
                0x00000000080004d0                strcmp
 .text          0x00000000080004e4       0x10 /home/rayan/Ac6/SystemWorkbench/plugins/fr.ac6.mcu.externaltools.arm-none.linux64_1.17.0.201812190825/tools/compiler/bin/../lib/gcc/arm-none-eabi/7.3.1/../../../../arm-none-eabi/lib/thumb/v7e-m/fpv4-sp/hard/libc_nano.a(lib_a-strlen.o)
                0x00000000080004e4                strlen
 *fill*         0x00000000080004f4        0xc 
 .text          0x0000000008000500       0xa0 /home/rayan/Ac6/SystemWorkbench/plugins/fr.ac6.mcu.externaltools.arm-none.linux64_1.17.0.201812190825/tools/compiler/bin/../lib/gcc/arm-none-eabi/7.3.1/../../../../arm-none-eabi/lib/thumb/v7e-m/fpv4-sp/hard/libc_nano.a(lib_a-memchr.o)
                0x0000000008000500                memchr
 *(.text*)
 .text.DWT_DelayUpdate
                0x00000000080005a0       0x44 Drivers/Delay_DWT/Src/delay_dwt.o
                0x00000000080005a0                DWT_DelayUpdate
 .text.DWT_Init
                0x00000000080005e4       0x2c Drivers/Delay_DWT/Src/delay_dwt.o
                0x00000000080005e4                DWT_Init
 .text.DWT_Delay_ms
                0x0000000008000610       0x40 Drivers/Delay_DWT/Src/delay_dwt.o
                0x0000000008000610                DWT_Delay_ms
 .text.DWT_Delay_us
                0x0000000008000650       0x40 Drivers/Delay_DWT/Src/delay_dwt.o
                0x0000000008000650                DWT_Delay_us
 .text.HAL_Init
                0x0000000008000690       0x44 Drivers/STM32F4xx_HAL_Driver/Src/stm32f4xx_hal.o
                0x0000000008000690                HAL_Init
 .text.HAL_IncTick
                0x00000000080006d4       0x28 Drivers/STM32F4xx_HAL_Driver/Src/stm32f4xx_hal.o
                0x00000000080006d4                HAL_IncTick
 .text.HAL_GetTick
                0x00000000080006fc       0x18 Drivers/STM32F4xx_HAL_Driver/Src/stm32f4xx_hal.o
                0x00000000080006fc                HAL_GetTick
 .text.HAL_ADC_Init
                0x0000000008000714       0x86 Drivers/STM32F4xx_HAL_Driver/Src/stm32f4xx_hal_adc.o
                0x0000000008000714                HAL_ADC_Init
 *fill*         0x000000000800079a        0x2 
 .text.HAL_ADC_Start
                0x000000000800079c      0x18c Drivers/STM32F4xx_HAL_Driver/Src/stm32f4xx_hal_adc.o
                0x000000000800079c                HAL_ADC_Start
 .text.HAL_ADC_Stop
                0x0000000008000928       0x66 Drivers/STM32F4xx_HAL_Driver/Src/stm32f4xx_hal_adc.o
                0x0000000008000928                HAL_ADC_Stop
 .text.HAL_ADC_PollForConversion
                0x000000000800098e      0x108 Drivers/STM32F4xx_HAL_Driver/Src/stm32f4xx_hal_adc.o
                0x000000000800098e                HAL_ADC_PollForConversion
 .text.HAL_ADC_GetValue
                0x0000000008000a96       0x1a Drivers/STM32F4xx_HAL_Driver/Src/stm32f4xx_hal_adc.o
                0x0000000008000a96                HAL_ADC_GetValue
 .text.HAL_ADC_ConfigChannel
                0x0000000008000ab0      0x244 Drivers/STM32F4xx_HAL_Driver/Src/stm32f4xx_hal_adc.o
                0x0000000008000ab0                HAL_ADC_ConfigChannel
 .text.ADC_Init
                0x0000000008000cf4      0x1f8 Drivers/STM32F4xx_HAL_Driver/Src/stm32f4xx_hal_adc.o
 .text.__NVIC_SetPriorityGrouping
                0x0000000008000eec       0x48 Drivers/STM32F4xx_HAL_Driver/Src/stm32f4xx_hal_cortex.o
 .text.__NVIC_GetPriorityGrouping
                0x0000000008000f34       0x1c Drivers/STM32F4xx_HAL_Driver/Src/stm32f4xx_hal_cortex.o
 .text.__NVIC_EnableIRQ
                0x0000000008000f50       0x3c Drivers/STM32F4xx_HAL_Driver/Src/stm32f4xx_hal_cortex.o
 .text.__NVIC_DisableIRQ
                0x0000000008000f8c       0x44 Drivers/STM32F4xx_HAL_Driver/Src/stm32f4xx_hal_cortex.o
 .text.__NVIC_SetPriority
                0x0000000008000fd0       0x54 Drivers/STM32F4xx_HAL_Driver/Src/stm32f4xx_hal_cortex.o
 .text.NVIC_EncodePriority
                0x0000000008001024       0x66 Drivers/STM32F4xx_HAL_Driver/Src/stm32f4xx_hal_cortex.o
 .text.HAL_NVIC_SetPriorityGrouping
                0x000000000800108a       0x16 Drivers/STM32F4xx_HAL_Driver/Src/stm32f4xx_hal_cortex.o
                0x000000000800108a                HAL_NVIC_SetPriorityGrouping
 .text.HAL_NVIC_SetPriority
                0x00000000080010a0       0x38 Drivers/STM32F4xx_HAL_Driver/Src/stm32f4xx_hal_cortex.o
                0x00000000080010a0                HAL_NVIC_SetPriority
 .text.HAL_NVIC_EnableIRQ
                0x00000000080010d8       0x1c Drivers/STM32F4xx_HAL_Driver/Src/stm32f4xx_hal_cortex.o
                0x00000000080010d8                HAL_NVIC_EnableIRQ
 .text.HAL_NVIC_DisableIRQ
                0x00000000080010f4       0x1c Drivers/STM32F4xx_HAL_Driver/Src/stm32f4xx_hal_cortex.o
                0x00000000080010f4                HAL_NVIC_DisableIRQ
 .text.HAL_DMA_Abort_IT
                0x0000000008001110       0x44 Drivers/STM32F4xx_HAL_Driver/Src/stm32f4xx_hal_dma.o
                0x0000000008001110                HAL_DMA_Abort_IT
 .text.HAL_GPIO_Init
                0x0000000008001154      0x334 Drivers/STM32F4xx_HAL_Driver/Src/stm32f4xx_hal_gpio.o
                0x0000000008001154                HAL_GPIO_Init
 .text.HAL_GPIO_WritePin
                0x0000000008001488       0x32 Drivers/STM32F4xx_HAL_Driver/Src/stm32f4xx_hal_gpio.o
                0x0000000008001488                HAL_GPIO_WritePin
 .text.HAL_GPIO_TogglePin
                0x00000000080014ba       0x36 Drivers/STM32F4xx_HAL_Driver/Src/stm32f4xx_hal_gpio.o
                0x00000000080014ba                HAL_GPIO_TogglePin
 .text.HAL_GPIO_EXTI_IRQHandler
                0x00000000080014f0       0x30 Drivers/STM32F4xx_HAL_Driver/Src/stm32f4xx_hal_gpio.o
                0x00000000080014f0                HAL_GPIO_EXTI_IRQHandler
 .text.HAL_RCC_OscConfig
                0x0000000008001520      0x4e0 Drivers/STM32F4xx_HAL_Driver/Src/stm32f4xx_hal_rcc.o
                0x0000000008001520                HAL_RCC_OscConfig
 .text.HAL_RCC_ClockConfig
                0x0000000008001a00      0x1cc Drivers/STM32F4xx_HAL_Driver/Src/stm32f4xx_hal_rcc.o
                0x0000000008001a00                HAL_RCC_ClockConfig
 .text.HAL_RCC_GetSysClockFreq
                0x0000000008001bcc      0x1b0 Drivers/STM32F4xx_HAL_Driver/Src/stm32f4xx_hal_rcc.o
                0x0000000008001bcc                HAL_RCC_GetSysClockFreq
 .text.HAL_RCC_GetHCLKFreq
                0x0000000008001d7c       0x18 Drivers/STM32F4xx_HAL_Driver/Src/stm32f4xx_hal_rcc.o
                0x0000000008001d7c                HAL_RCC_GetHCLKFreq
 .text.HAL_RCC_GetPCLK1Freq
                0x0000000008001d94       0x28 Drivers/STM32F4xx_HAL_Driver/Src/stm32f4xx_hal_rcc.o
                0x0000000008001d94                HAL_RCC_GetPCLK1Freq
 .text.HAL_RCC_GetPCLK2Freq
                0x0000000008001dbc       0x28 Drivers/STM32F4xx_HAL_Driver/Src/stm32f4xx_hal_rcc.o
                0x0000000008001dbc                HAL_RCC_GetPCLK2Freq
 .text.HAL_RCC_GetClockConfig
                0x0000000008001de4       0x64 Drivers/STM32F4xx_HAL_Driver/Src/stm32f4xx_hal_rcc.o
                0x0000000008001de4                HAL_RCC_GetClockConfig
 .text.HAL_RNG_Init
                0x0000000008001e48       0x54 Drivers/STM32F4xx_HAL_Driver/Src/stm32f4xx_hal_rng.o
                0x0000000008001e48                HAL_RNG_Init
 .text.HAL_SPI_Init
                0x0000000008001e9c       0xc8 Drivers/STM32F4xx_HAL_Driver/Src/stm32f4xx_hal_spi.o
                0x0000000008001e9c                HAL_SPI_Init
 .text.HAL_SPI_Transmit
                0x0000000008001f64      0x268 Drivers/STM32F4xx_HAL_Driver/Src/stm32f4xx_hal_spi.o
                0x0000000008001f64                HAL_SPI_Transmit
 .text.HAL_SPI_Receive
                0x00000000080021cc      0x212 Drivers/STM32F4xx_HAL_Driver/Src/stm32f4xx_hal_spi.o
                0x00000000080021cc                HAL_SPI_Receive
 .text.HAL_SPI_TransmitReceive
                0x00000000080023de      0x344 Drivers/STM32F4xx_HAL_Driver/Src/stm32f4xx_hal_spi.o
                0x00000000080023de                HAL_SPI_TransmitReceive
 .text.SPI_WaitFlagStateUntilTimeout
                0x0000000008002722       0xd4 Drivers/STM32F4xx_HAL_Driver/Src/stm32f4xx_hal_spi.o
 .text.SPI_EndRxTransaction
                0x00000000080027f6       0xca Drivers/STM32F4xx_HAL_Driver/Src/stm32f4xx_hal_spi.o
 .text.SPI_EndRxTxTransaction
                0x00000000080028c0       0x84 Drivers/STM32F4xx_HAL_Driver/Src/stm32f4xx_hal_spi.o
 .text.HAL_TIM_Base_Init
                0x0000000008002944       0x56 Drivers/STM32F4xx_HAL_Driver/Src/stm32f4xx_hal_tim.o
                0x0000000008002944                HAL_TIM_Base_Init
 .text.HAL_TIM_Base_MspInit
                0x000000000800299a       0x14 Drivers/STM32F4xx_HAL_Driver/Src/stm32f4xx_hal_tim.o
                0x000000000800299a                HAL_TIM_Base_MspInit
 .text.HAL_TIM_Base_Start_IT
                0x00000000080029ae       0x48 Drivers/STM32F4xx_HAL_Driver/Src/stm32f4xx_hal_tim.o
                0x00000000080029ae                HAL_TIM_Base_Start_IT
 .text.HAL_TIM_IRQHandler
                0x00000000080029f6      0x210 Drivers/STM32F4xx_HAL_Driver/Src/stm32f4xx_hal_tim.o
                0x00000000080029f6                HAL_TIM_IRQHandler
 .text.HAL_TIM_OC_DelayElapsedCallback
                0x0000000008002c06       0x14 Drivers/STM32F4xx_HAL_Driver/Src/stm32f4xx_hal_tim.o
                0x0000000008002c06                HAL_TIM_OC_DelayElapsedCallback
 .text.HAL_TIM_IC_CaptureCallback
                0x0000000008002c1a       0x14 Drivers/STM32F4xx_HAL_Driver/Src/stm32f4xx_hal_tim.o
                0x0000000008002c1a                HAL_TIM_IC_CaptureCallback
 .text.HAL_TIM_PWM_PulseFinishedCallback
                0x0000000008002c2e       0x14 Drivers/STM32F4xx_HAL_Driver/Src/stm32f4xx_hal_tim.o
                0x0000000008002c2e                HAL_TIM_PWM_PulseFinishedCallback
 .text.HAL_TIM_TriggerCallback
                0x0000000008002c42       0x14 Drivers/STM32F4xx_HAL_Driver/Src/stm32f4xx_hal_tim.o
                0x0000000008002c42                HAL_TIM_TriggerCallback
 *fill*         0x0000000008002c56        0x2 
 .text.TIM_Base_SetConfig
                0x0000000008002c58      0x140 Drivers/STM32F4xx_HAL_Driver/Src/stm32f4xx_hal_tim.o
                0x0000000008002c58                TIM_Base_SetConfig
 .text.HAL_TIMEx_CommutCallback
                0x0000000008002d98       0x14 Drivers/STM32F4xx_HAL_Driver/Src/stm32f4xx_hal_tim_ex.o
                0x0000000008002d98                HAL_TIMEx_CommutCallback
 .text.HAL_TIMEx_BreakCallback
                0x0000000008002dac       0x14 Drivers/STM32F4xx_HAL_Driver/Src/stm32f4xx_hal_tim_ex.o
                0x0000000008002dac                HAL_TIMEx_BreakCallback
 .text.HAL_UART_Init
                0x0000000008002dc0       0x9a Drivers/STM32F4xx_HAL_Driver/Src/stm32f4xx_hal_uart.o
                0x0000000008002dc0                HAL_UART_Init
 .text.HAL_UART_Transmit
                0x0000000008002e5a      0x132 Drivers/STM32F4xx_HAL_Driver/Src/stm32f4xx_hal_uart.o
                0x0000000008002e5a                HAL_UART_Transmit
 .text.HAL_UART_Receive_IT
                0x0000000008002f8c       0xaa Drivers/STM32F4xx_HAL_Driver/Src/stm32f4xx_hal_uart.o
                0x0000000008002f8c                HAL_UART_Receive_IT
 *fill*         0x0000000008003036        0x2 
 .text.HAL_UART_IRQHandler
                0x0000000008003038      0x200 Drivers/STM32F4xx_HAL_Driver/Src/stm32f4xx_hal_uart.o
                0x0000000008003038                HAL_UART_IRQHandler
 .text.HAL_UART_TxCpltCallback
                0x0000000008003238       0x14 Drivers/STM32F4xx_HAL_Driver/Src/stm32f4xx_hal_uart.o
                0x0000000008003238                HAL_UART_TxCpltCallback
 .text.HAL_UART_ErrorCallback
                0x000000000800324c       0x14 Drivers/STM32F4xx_HAL_Driver/Src/stm32f4xx_hal_uart.o
                0x000000000800324c                HAL_UART_ErrorCallback
 .text.UART_WaitOnFlagUntilTimeout
                0x0000000008003260       0x94 Drivers/STM32F4xx_HAL_Driver/Src/stm32f4xx_hal_uart.o
 .text.UART_EndRxTransfer
                0x00000000080032f4       0x3c Drivers/STM32F4xx_HAL_Driver/Src/stm32f4xx_hal_uart.o
 .text.UART_DMAAbortOnError
                0x0000000008003330       0x28 Drivers/STM32F4xx_HAL_Driver/Src/stm32f4xx_hal_uart.o
 .text.UART_Transmit_IT
                0x0000000008003358       0xac Drivers/STM32F4xx_HAL_Driver/Src/stm32f4xx_hal_uart.o
 .text.UART_EndTransmit_IT
                0x0000000008003404       0x30 Drivers/STM32F4xx_HAL_Driver/Src/stm32f4xx_hal_uart.o
 .text.UART_Receive_IT
                0x0000000008003434      0x102 Drivers/STM32F4xx_HAL_Driver/Src/stm32f4xx_hal_uart.o
 *fill*         0x0000000008003536        0x2 
 .text.UART_SetConfig
                0x0000000008003538      0x6f8 Drivers/STM32F4xx_HAL_Driver/Src/stm32f4xx_hal_uart.o
 .text.SI4463_WaitCTS_SPI
                0x0000000008003c30       0x60 Drivers/si4463/Src/si4463.o
                0x0000000008003c30                SI4463_WaitCTS_SPI
 .text.SI4463_Reset
                0x0000000008003c90       0x36 Drivers/si4463/Src/si4463.o
                0x0000000008003c90                SI4463_Reset
 .text.SI4463_SendCommand
                0x0000000008003cc6       0xa2 Drivers/si4463/Src/si4463.o
                0x0000000008003cc6                SI4463_SendCommand
 .text.SI4463_ReadCommandBuffer
                0x0000000008003d68       0xb8 Drivers/si4463/Src/si4463.o
                0x0000000008003d68                SI4463_ReadCommandBuffer
 .text.SI4463_SendNop
                0x0000000008003e20       0x34 Drivers/si4463/Src/si4463.o
                0x0000000008003e20                SI4463_SendNop
 .text.SI4463_GetSwCts
                0x0000000008003e54       0x52 Drivers/si4463/Src/si4463.o
                0x0000000008003e54                SI4463_GetSwCts
 *fill*         0x0000000008003ea6        0x2 
 .text.SI4463_Init
                0x0000000008003ea8      0x128 Drivers/si4463/Src/si4463.o
                0x0000000008003ea8                SI4463_Init
 .text.SI4463_GetInterrupts
                0x0000000008003fd0      0x2b0 Drivers/si4463/Src/si4463.o
                0x0000000008003fd0                SI4463_GetInterrupts
 .text.SI4463_ClearInterrupts
                0x0000000008004280       0x7c Drivers/si4463/Src/si4463.o
                0x0000000008004280                SI4463_ClearInterrupts
 .text.SI4463_ClearAllInterrupts
                0x00000000080042fc       0x3c Drivers/si4463/Src/si4463.o
                0x00000000080042fc                SI4463_ClearAllInterrupts
 .text.SI4463_GetPartInfo
                0x0000000008004338       0x4e Drivers/si4463/Src/si4463.o
                0x0000000008004338                SI4463_GetPartInfo
 *fill*         0x0000000008004386        0x2 
 .text.SI4463_GetChipStatus
                0x0000000008004388       0x98 Drivers/si4463/Src/si4463.o
                0x0000000008004388                SI4463_GetChipStatus
 .text.SI4463_ClearChipStatus
                0x0000000008004420       0x74 Drivers/si4463/Src/si4463.o
                0x0000000008004420                SI4463_ClearChipStatus
 .text.SI4463_StartRx
                0x0000000008004494       0xac Drivers/si4463/Src/si4463.o
                0x0000000008004494                SI4463_StartRx
 .text.SI4463_StartTx
                0x0000000008004540       0x7e Drivers/si4463/Src/si4463.o
                0x0000000008004540                SI4463_StartTx
 .text.SI4463_WriteTxFifo
                0x00000000080045be       0xae Drivers/si4463/Src/si4463.o
                0x00000000080045be                SI4463_WriteTxFifo
 .text.SI4463_ReadRxFifo
                0x000000000800466c      0x146 Drivers/si4463/Src/si4463.o
                0x000000000800466c                SI4463_ReadRxFifo
 .text.SI4463_GetTxFifoRemainBytes
                0x00000000080047b2       0x76 Drivers/si4463/Src/si4463.o
                0x00000000080047b2                SI4463_GetTxFifoRemainBytes
 .text.SI4463_ClearRxFifo
                0x0000000008004828       0x3c Drivers/si4463/Src/si4463.o
                0x0000000008004828                SI4463_ClearRxFifo
 .text.SI4463_ClearTxFifo
                0x0000000008004864       0x3c Drivers/si4463/Src/si4463.o
                0x0000000008004864                SI4463_ClearTxFifo
 .text.SI4463_Transmit
                0x00000000080048a0       0x8e Drivers/si4463/Src/si4463.o
                0x00000000080048a0                SI4463_Transmit
 .text.SI4463_GetProperty
                0x000000000800492e       0xbe Drivers/si4463/Src/si4463.o
                0x000000000800492e                SI4463_GetProperty
 .text.SI4463_SetProperty
                0x00000000080049ec       0xe4 Drivers/si4463/Src/si4463.o
                0x00000000080049ec                SI4463_SetProperty
 .text.SI4463_GetBatAdc
                0x0000000008004ad0       0x90 Drivers/si4463/Src/si4463.o
                0x0000000008004ad0                SI4463_GetBatAdc
 .text.SI4463_GetTempAdc
                0x0000000008004b60       0x90 Drivers/si4463/Src/si4463.o
                0x0000000008004b60                SI4463_GetTempAdc
 .text.SI4463_SetTxPower
                0x0000000008004bf0       0x86 Drivers/si4463/Src/si4463.o
                0x0000000008004bf0                SI4463_SetTxPower
 .text.SI4463_CheckDevice
                0x0000000008004c76       0x46 Drivers/si4463/Src/si4463.o
                0x0000000008004c76                SI4463_CheckDevice
 .text.makeFreeRtosPriority
                0x0000000008004cbc       0x30 Middlewares/Third_Party/FreeRTOS/Source/CMSIS_RTOS/cmsis_os.o
 .text.osKernelStart
                0x0000000008004cec        0xe Middlewares/Third_Party/FreeRTOS/Source/CMSIS_RTOS/cmsis_os.o
                0x0000000008004cec                osKernelStart
 .text.osThreadCreate
                0x0000000008004cfa       0x98 Middlewares/Third_Party/FreeRTOS/Source/CMSIS_RTOS/cmsis_os.o
                0x0000000008004cfa                osThreadCreate
 .text.osDelay  0x0000000008004d92       0x28 Middlewares/Third_Party/FreeRTOS/Source/CMSIS_RTOS/cmsis_os.o
                0x0000000008004d92                osDelay
 .text.vListInitialise
                0x0000000008004dba       0x40 Middlewares/Third_Party/FreeRTOS/Source/list.o
                0x0000000008004dba                vListInitialise
 .text.vListInitialiseItem
                0x0000000008004dfa       0x1a Middlewares/Third_Party/FreeRTOS/Source/list.o
                0x0000000008004dfa                vListInitialiseItem
 .text.vListInsertEnd
                0x0000000008004e14       0x48 Middlewares/Third_Party/FreeRTOS/Source/list.o
                0x0000000008004e14                vListInsertEnd
 .text.vListInsert
                0x0000000008004e5c       0x72 Middlewares/Third_Party/FreeRTOS/Source/list.o
                0x0000000008004e5c                vListInsert
 .text.uxListRemove
                0x0000000008004ece       0x54 Middlewares/Third_Party/FreeRTOS/Source/list.o
                0x0000000008004ece                uxListRemove
 .text.xTaskCreateStatic
                0x0000000008004f22       0xb4 Middlewares/Third_Party/FreeRTOS/Source/tasks.o
                0x0000000008004f22                xTaskCreateStatic
 .text.xTaskCreate
                0x0000000008004fd6       0x8a Middlewares/Third_Party/FreeRTOS/Source/tasks.o
                0x0000000008004fd6                xTaskCreate
 .text.prvInitialiseNewTask
                0x0000000008005060      0x10c Middlewares/Third_Party/FreeRTOS/Source/tasks.o
 .text.prvAddNewTaskToReadyList
                0x000000000800516c       0xd4 Middlewares/Third_Party/FreeRTOS/Source/tasks.o
 .text.vTaskDelay
                0x0000000008005240       0x68 Middlewares/Third_Party/FreeRTOS/Source/tasks.o
                0x0000000008005240                vTaskDelay
 .text.vTaskStartScheduler
                0x00000000080052a8       0xbc Middlewares/Third_Party/FreeRTOS/Source/tasks.o
                0x00000000080052a8                vTaskStartScheduler
 .text.vTaskSuspendAll
                0x0000000008005364       0x1c Middlewares/Third_Party/FreeRTOS/Source/tasks.o
                0x0000000008005364                vTaskSuspendAll
 .text.xTaskResumeAll
                0x0000000008005380      0x138 Middlewares/Third_Party/FreeRTOS/Source/tasks.o
                0x0000000008005380                xTaskResumeAll
 .text.xTaskIncrementTick
                0x00000000080054b8      0x170 Middlewares/Third_Party/FreeRTOS/Source/tasks.o
                0x00000000080054b8                xTaskIncrementTick
 .text.vTaskSwitchContext
                0x0000000008005628       0xb4 Middlewares/Third_Party/FreeRTOS/Source/tasks.o
                0x0000000008005628                vTaskSwitchContext
 .text.prvIdleTask
                0x00000000080056dc       0x30 Middlewares/Third_Party/FreeRTOS/Source/tasks.o
 .text.prvInitialiseTaskLists
                0x000000000800570c       0x80 Middlewares/Third_Party/FreeRTOS/Source/tasks.o
 .text.prvCheckTasksWaitingTermination
                0x000000000800578c       0x58 Middlewares/Third_Party/FreeRTOS/Source/tasks.o
 .text.prvDeleteTCB
                0x00000000080057e4       0x5c Middlewares/Third_Party/FreeRTOS/Source/tasks.o
 .text.prvResetNextTaskUnblockTime
                0x0000000008005840       0x40 Middlewares/Third_Party/FreeRTOS/Source/tasks.o
 .text.prvAddCurrentTaskToDelayedList
                0x0000000008005880       0xcc Middlewares/Third_Party/FreeRTOS/Source/tasks.o
 .text.pxPortInitialiseStack
                0x000000000800594c       0x68 Middlewares/Third_Party/FreeRTOS/Source/portable/GCC/ARM_CM4F/port.o
                0x000000000800594c                pxPortInitialiseStack
 .text.prvTaskExitError
                0x00000000080059b4       0x54 Middlewares/Third_Party/FreeRTOS/Source/portable/GCC/ARM_CM4F/port.o
 *fill*         0x0000000008005a08        0x8 
 .text.SVC_Handler
                0x0000000008005a10       0x28 Middlewares/Third_Party/FreeRTOS/Source/portable/GCC/ARM_CM4F/port.o
                0x0000000008005a10                SVC_Handler
 .text.prvPortStartFirstTask
                0x0000000008005a38       0x28 Middlewares/Third_Party/FreeRTOS/Source/portable/GCC/ARM_CM4F/port.o
 .text.xPortStartScheduler
                0x0000000008005a60      0x13c Middlewares/Third_Party/FreeRTOS/Source/portable/GCC/ARM_CM4F/port.o
                0x0000000008005a60                xPortStartScheduler
 .text.vPortEnterCritical
                0x0000000008005b9c       0x5c Middlewares/Third_Party/FreeRTOS/Source/portable/GCC/ARM_CM4F/port.o
                0x0000000008005b9c                vPortEnterCritical
 .text.vPortExitCritical
                0x0000000008005bf8       0x50 Middlewares/Third_Party/FreeRTOS/Source/portable/GCC/ARM_CM4F/port.o
                0x0000000008005bf8                vPortExitCritical
 *fill*         0x0000000008005c48        0x8 
 .text.PendSV_Handler
                0x0000000008005c50       0x68 Middlewares/Third_Party/FreeRTOS/Source/portable/GCC/ARM_CM4F/port.o
                0x0000000008005c50                PendSV_Handler
 .text.SysTick_Handler
                0x0000000008005cb8       0x40 Middlewares/Third_Party/FreeRTOS/Source/portable/GCC/ARM_CM4F/port.o
                0x0000000008005cb8                SysTick_Handler
 .text.vPortSetupTimerInterrupt
                0x0000000008005cf8       0x48 Middlewares/Third_Party/FreeRTOS/Source/portable/GCC/ARM_CM4F/port.o
                0x0000000008005cf8                vPortSetupTimerInterrupt
 .text.vPortEnableVFP
                0x0000000008005d40       0x14 Middlewares/Third_Party/FreeRTOS/Source/portable/GCC/ARM_CM4F/port.o
 .text.pvPortMalloc
                0x0000000008005d54      0x184 Middlewares/Third_Party/FreeRTOS/Source/portable/MemMang/heap_4.o
                0x0000000008005d54                pvPortMalloc
 .text.vPortFree
                0x0000000008005ed8       0xb0 Middlewares/Third_Party/FreeRTOS/Source/portable/MemMang/heap_4.o
                0x0000000008005ed8                vPortFree
 .text.prvHeapInit
                0x0000000008005f88       0xc4 Middlewares/Third_Party/FreeRTOS/Source/portable/MemMang/heap_4.o
 .text.prvInsertBlockIntoFreeList
                0x000000000800604c       0xb4 Middlewares/Third_Party/FreeRTOS/Source/portable/MemMang/heap_4.o
 .text.MX_ADC1_Init
                0x0000000008006100       0xa4 Src/adc.o
                0x0000000008006100                MX_ADC1_Init
 .text.HAL_ADC_MspInit
                0x00000000080061a4       0x88 Src/adc.o
                0x00000000080061a4                HAL_ADC_MspInit
 .text.ADC_Get_Vbat
                0x000000000800622c       0x7c Src/adc.o
                0x000000000800622c                ADC_Get_Vbat
 .text.vApplicationGetIdleTaskMemory
                0x00000000080062a8       0x34 Src/freertos.o
                0x00000000080062a8                vApplicationGetIdleTaskMemory
 .text.MX_FREERTOS_Init
                0x00000000080062dc       0x94 Src/freertos.o
                0x00000000080062dc                MX_FREERTOS_Init
 .text.StartDefaultTask
                0x0000000008006370       0x34 Src/freertos.o
                0x0000000008006370                StartDefaultTask
 .text.StartTask02
                0x00000000080063a4       0x6c Src/freertos.o
                0x00000000080063a4                StartTask02
 .text.StartTask03
                0x0000000008006410       0x16 Src/freertos.o
                0x0000000008006410                StartTask03
 *fill*         0x0000000008006426        0x2 
 .text.MX_GPIO_Init
                0x0000000008006428      0x168 Src/gpio.o
                0x0000000008006428                MX_GPIO_Init
 .text.main     0x0000000008006590       0xe4 Src/main.o
                0x0000000008006590                main
 .text.SystemClock_Config
                0x0000000008006674       0xd4 Src/main.o
                0x0000000008006674                SystemClock_Config
 .text.SI4463_IsCTS
                0x0000000008006748       0x24 Src/main.o
                0x0000000008006748                SI4463_IsCTS
 .text.SI4463_WriteRead
                0x000000000800676c       0x2c Src/main.o
                0x000000000800676c                SI4463_WriteRead
 .text.SI4463_SPIRead
                0x0000000008006798       0x24 Src/main.o
                0x0000000008006798                SI4463_SPIRead
 .text.SI4463_SPITransmit
                0x00000000080067bc       0x24 Src/main.o
                0x00000000080067bc                SI4463_SPITransmit
 .text.SI4463_SetShutdown
                0x00000000080067e0       0x18 Src/main.o
                0x00000000080067e0                SI4463_SetShutdown
 .text.SI4463_ClearShutdown
                0x00000000080067f8       0x18 Src/main.o
                0x00000000080067f8                SI4463_ClearShutdown
 .text.SI4463_Select
                0x0000000008006810       0x1c Src/main.o
                0x0000000008006810                SI4463_Select
 .text.SI4463_Deselect
                0x000000000800682c       0x18 Src/main.o
                0x000000000800682c                SI4463_Deselect
 .text.HAL_GPIO_EXTI_Callback
                0x0000000008006844      0x240 Src/main.o
                0x0000000008006844                HAL_GPIO_EXTI_Callback
 .text.HAL_UART_RxCpltCallback
                0x0000000008006a84      0x104 Src/main.o
                0x0000000008006a84                HAL_UART_RxCpltCallback
 .text.SystemCheck
                0x0000000008006b88       0x10 Src/main.o
                0x0000000008006b88                SystemCheck
 .text.SI4463_CheckModule
                0x0000000008006b98       0x98 Src/main.o
                0x0000000008006b98                SI4463_CheckModule
 .text.BatCheck
                0x0000000008006c30       0xd0 Src/main.o
                0x0000000008006c30                BatCheck
 .text.Check_UART_Rx_CMD
                0x0000000008006d00      0x258 Src/main.o
                0x0000000008006d00                Check_UART_Rx_CMD
 .text.HAL_TIM_PeriodElapsedCallback
                0x0000000008006f58       0x24 Src/main.o
                0x0000000008006f58                HAL_TIM_PeriodElapsedCallback
 .text.Error_Handler
                0x0000000008006f7c        0xe Src/main.o
                0x0000000008006f7c                Error_Handler
 *fill*         0x0000000008006f8a        0x2 
 .text.MX_RNG_Init
                0x0000000008006f8c       0x28 Src/rng.o
                0x0000000008006f8c                MX_RNG_Init
 .text.HAL_RNG_MspInit
                0x0000000008006fb4       0x44 Src/rng.o
                0x0000000008006fb4                HAL_RNG_MspInit
 .text.MX_SPI1_Init
                0x0000000008006ff8       0x6c Src/spi.o
                0x0000000008006ff8                MX_SPI1_Init
 .text.HAL_SPI_MspInit
                0x0000000008007064       0x90 Src/spi.o
                0x0000000008007064                HAL_SPI_MspInit
 .text.HAL_MspInit
                0x00000000080070f4       0x58 Src/stm32f4xx_hal_msp.o
                0x00000000080070f4                HAL_MspInit
 .text.HAL_InitTick
                0x000000000800714c       0xb4 Src/stm32f4xx_hal_timebase_tim.o
                0x000000000800714c                HAL_InitTick
 .text.NMI_Handler
                0x0000000008007200        0xe Src/stm32f4xx_it.o
                0x0000000008007200                NMI_Handler
 .text.HardFault_Handler
                0x000000000800720e        0x6 Src/stm32f4xx_it.o
                0x000000000800720e                HardFault_Handler
 .text.MemManage_Handler
                0x0000000008007214        0x6 Src/stm32f4xx_it.o
                0x0000000008007214                MemManage_Handler
 .text.BusFault_Handler
                0x000000000800721a        0x6 Src/stm32f4xx_it.o
                0x000000000800721a                BusFault_Handler
 .text.UsageFault_Handler
                0x0000000008007220        0x6 Src/stm32f4xx_it.o
                0x0000000008007220                UsageFault_Handler
 .text.DebugMon_Handler
                0x0000000008007226        0xe Src/stm32f4xx_it.o
                0x0000000008007226                DebugMon_Handler
 .text.EXTI1_IRQHandler
                0x0000000008007234        0xe Src/stm32f4xx_it.o
                0x0000000008007234                EXTI1_IRQHandler
 *fill*         0x0000000008007242        0x2 
 .text.TIM3_IRQHandler
                0x0000000008007244       0x14 Src/stm32f4xx_it.o
                0x0000000008007244                TIM3_IRQHandler
 .text.USART2_IRQHandler
                0x0000000008007258       0x14 Src/stm32f4xx_it.o
                0x0000000008007258                USART2_IRQHandler
 .text._sbrk    0x000000000800726c       0x58 Src/syscalls.o
                0x000000000800726c                _sbrk
 .text.SystemInit
                0x00000000080072c4       0x2c Src/system_stm32f4xx.o
                0x00000000080072c4                SystemInit
 .text.MX_USART2_UART_Init
                0x00000000080072f0       0x54 Src/usart.o
                0x00000000080072f0                MX_USART2_UART_Init
 .text.HAL_UART_MspInit
                0x0000000008007344       0xa0 Src/usart.o
                0x0000000008007344                HAL_UART_MspInit
 .text.Reset_Handler
                0x00000000080073e4       0x50 startup/startup_stm32f405xx.o
                0x00000000080073e4                Reset_Handler
 .text.Default_Handler
                0x0000000008007434        0x2 startup/startup_stm32f405xx.o
                0x0000000008007434                RTC_Alarm_IRQHandler
                0x0000000008007434                HASH_RNG_IRQHandler
                0x0000000008007434                EXTI2_IRQHandler
                0x0000000008007434                TIM8_CC_IRQHandler
                0x0000000008007434                TIM1_CC_IRQHandler
                0x0000000008007434                DMA2_Stream5_IRQHandler
                0x0000000008007434                DMA1_Stream5_IRQHandler
                0x0000000008007434                PVD_IRQHandler
                0x0000000008007434                SDIO_IRQHandler
                0x0000000008007434                TAMP_STAMP_IRQHandler
                0x0000000008007434                CAN2_RX1_IRQHandler
                0x0000000008007434                EXTI3_IRQHandler
                0x0000000008007434                TIM8_TRG_COM_TIM14_IRQHandler
                0x0000000008007434                TIM1_UP_TIM10_IRQHandler
                0x0000000008007434                TIM8_UP_TIM13_IRQHandler
                0x0000000008007434                I2C3_ER_IRQHandler
                0x0000000008007434                EXTI0_IRQHandler
                0x0000000008007434                I2C2_EV_IRQHandler
                0x0000000008007434                DMA1_Stream2_IRQHandler
                0x0000000008007434                CAN1_RX0_IRQHandler
                0x0000000008007434                FPU_IRQHandler
                0x0000000008007434                OTG_HS_WKUP_IRQHandler
                0x0000000008007434                CAN2_SCE_IRQHandler
                0x0000000008007434                DMA2_Stream2_IRQHandler
                0x0000000008007434                SPI1_IRQHandler
                0x0000000008007434                TIM6_DAC_IRQHandler
                0x0000000008007434                TIM1_BRK_TIM9_IRQHandler
                0x0000000008007434                CAN2_RX0_IRQHandler
                0x0000000008007434                DMA2_Stream3_IRQHandler
                0x0000000008007434                USART6_IRQHandler
                0x0000000008007434                USART3_IRQHandler
                0x0000000008007434                CAN1_RX1_IRQHandler
                0x0000000008007434                UART5_IRQHandler
                0x0000000008007434                DMA2_Stream0_IRQHandler
                0x0000000008007434                TIM4_IRQHandler
                0x0000000008007434                I2C1_EV_IRQHandler
                0x0000000008007434                DMA1_Stream6_IRQHandler
                0x0000000008007434                DMA1_Stream1_IRQHandler
                0x0000000008007434                UART4_IRQHandler
                0x0000000008007434                RCC_IRQHandler
                0x0000000008007434                TIM8_BRK_TIM12_IRQHandler
                0x0000000008007434                Default_Handler
                0x0000000008007434                EXTI15_10_IRQHandler
                0x0000000008007434                ADC_IRQHandler
                0x0000000008007434                DMA1_Stream7_IRQHandler
                0x0000000008007434                TIM7_IRQHandler
                0x0000000008007434                CAN2_TX_IRQHandler
                0x0000000008007434                TIM5_IRQHandler
                0x0000000008007434                DMA2_Stream7_IRQHandler
                0x0000000008007434                I2C3_EV_IRQHandler
                0x0000000008007434                EXTI9_5_IRQHandler
                0x0000000008007434                RTC_WKUP_IRQHandler
                0x0000000008007434                SPI2_IRQHandler
                0x0000000008007434                OTG_HS_EP1_IN_IRQHandler
                0x0000000008007434                DMA1_Stream0_IRQHandler
                0x0000000008007434                CAN1_TX_IRQHandler
                0x0000000008007434                EXTI4_IRQHandler
                0x0000000008007434                FSMC_IRQHandler
                0x0000000008007434                OTG_HS_EP1_OUT_IRQHandler
                0x0000000008007434                WWDG_IRQHandler
                0x0000000008007434                TIM2_IRQHandler
                0x0000000008007434                OTG_FS_WKUP_IRQHandler
                0x0000000008007434                TIM1_TRG_COM_TIM11_IRQHandler
                0x0000000008007434                OTG_HS_IRQHandler
                0x0000000008007434                I2C2_ER_IRQHandler
                0x0000000008007434                DMA2_Stream1_IRQHandler
                0x0000000008007434                CAN1_SCE_IRQHandler
                0x0000000008007434                FLASH_IRQHandler
                0x0000000008007434                DMA2_Stream4_IRQHandler
                0x0000000008007434                USART1_IRQHandler
                0x0000000008007434                OTG_FS_IRQHandler
                0x0000000008007434                SPI3_IRQHandler
                0x0000000008007434                DMA1_Stream4_IRQHandler
                0x0000000008007434                I2C1_ER_IRQHandler
                0x0000000008007434                DMA2_Stream6_IRQHandler
                0x0000000008007434                DMA1_Stream3_IRQHandler
 *fill*         0x0000000008007436        0x2 
 .text.__errno  0x0000000008007438        0xc /home/rayan/Ac6/SystemWorkbench/plugins/fr.ac6.mcu.externaltools.arm-none.linux64_1.17.0.201812190825/tools/compiler/bin/../lib/gcc/arm-none-eabi/7.3.1/../../../../arm-none-eabi/lib/thumb/v7e-m/fpv4-sp/hard/libc_nano.a(lib_a-errno.o)
                0x0000000008007438                __errno
 .text.__libc_init_array
                0x0000000008007444       0x48 /home/rayan/Ac6/SystemWorkbench/plugins/fr.ac6.mcu.externaltools.arm-none.linux64_1.17.0.201812190825/tools/compiler/bin/../lib/gcc/arm-none-eabi/7.3.1/../../../../arm-none-eabi/lib/thumb/v7e-m/fpv4-sp/hard/libc_nano.a(lib_a-init.o)
                0x0000000008007444                __libc_init_array
 .text.memcpy   0x000000000800748c       0x16 /home/rayan/Ac6/SystemWorkbench/plugins/fr.ac6.mcu.externaltools.arm-none.linux64_1.17.0.201812190825/tools/compiler/bin/../lib/gcc/arm-none-eabi/7.3.1/../../../../arm-none-eabi/lib/thumb/v7e-m/fpv4-sp/hard/libc_nano.a(lib_a-memcpy-stub.o)
                0x000000000800748c                memcpy
 .text.memset   0x00000000080074a2       0x10 /home/rayan/Ac6/SystemWorkbench/plugins/fr.ac6.mcu.externaltools.arm-none.linux64_1.17.0.201812190825/tools/compiler/bin/../lib/gcc/arm-none-eabi/7.3.1/../../../../arm-none-eabi/lib/thumb/v7e-m/fpv4-sp/hard/libc_nano.a(lib_a-memset.o)
                0x00000000080074a2                memset
 *fill*         0x00000000080074b2        0x2 
 .text.sprintf  0x00000000080074b4       0x40 /home/rayan/Ac6/SystemWorkbench/plugins/fr.ac6.mcu.externaltools.arm-none.linux64_1.17.0.201812190825/tools/compiler/bin/../lib/gcc/arm-none-eabi/7.3.1/../../../../arm-none-eabi/lib/thumb/v7e-m/fpv4-sp/hard/libc_nano.a(lib_a-sprintf.o)
                0x00000000080074b4                sprintf
                0x00000000080074b4                siprintf
 .text.__ssputs_r
                0x00000000080074f4       0xb4 /home/rayan/Ac6/SystemWorkbench/plugins/fr.ac6.mcu.externaltools.arm-none.linux64_1.17.0.201812190825/tools/compiler/bin/../lib/gcc/arm-none-eabi/7.3.1/../../../../arm-none-eabi/lib/thumb/v7e-m/fpv4-sp/hard/libc_nano.a(lib_a-nano-svfprintf.o)
                0x00000000080074f4                __ssputs_r
 .text._svfprintf_r
                0x00000000080075a8      0x1f0 /home/rayan/Ac6/SystemWorkbench/plugins/fr.ac6.mcu.externaltools.arm-none.linux64_1.17.0.201812190825/tools/compiler/bin/../lib/gcc/arm-none-eabi/7.3.1/../../../../arm-none-eabi/lib/thumb/v7e-m/fpv4-sp/hard/libc_nano.a(lib_a-nano-svfprintf.o)
                0x00000000080075a8                _svfprintf_r
                0x00000000080075a8                _svfiprintf_r
 .text._printf_common
                0x0000000008007798       0xea /home/rayan/Ac6/SystemWorkbench/plugins/fr.ac6.mcu.externaltools.arm-none.linux64_1.17.0.201812190825/tools/compiler/bin/../lib/gcc/arm-none-eabi/7.3.1/../../../../arm-none-eabi/lib/thumb/v7e-m/fpv4-sp/hard/libc_nano.a(lib_a-nano-vfprintf_i.o)
                0x0000000008007798                _printf_common
 *fill*         0x0000000008007882        0x2 
 .text._printf_i
                0x0000000008007884      0x224 /home/rayan/Ac6/SystemWorkbench/plugins/fr.ac6.mcu.externaltools.arm-none.linux64_1.17.0.201812190825/tools/compiler/bin/../lib/gcc/arm-none-eabi/7.3.1/../../../../arm-none-eabi/lib/thumb/v7e-m/fpv4-sp/hard/libc_nano.a(lib_a-nano-vfprintf_i.o)
                0x0000000008007884                _printf_i
 .text.memmove  0x0000000008007aa8       0x32 /home/rayan/Ac6/SystemWorkbench/plugins/fr.ac6.mcu.externaltools.arm-none.linux64_1.17.0.201812190825/tools/compiler/bin/../lib/gcc/arm-none-eabi/7.3.1/../../../../arm-none-eabi/lib/thumb/v7e-m/fpv4-sp/hard/libc_nano.a(lib_a-memmove.o)
                0x0000000008007aa8                memmove
 *fill*         0x0000000008007ada        0x2 
 .text._free_r  0x0000000008007adc       0x9c /home/rayan/Ac6/SystemWorkbench/plugins/fr.ac6.mcu.externaltools.arm-none.linux64_1.17.0.201812190825/tools/compiler/bin/../lib/gcc/arm-none-eabi/7.3.1/../../../../arm-none-eabi/lib/thumb/v7e-m/fpv4-sp/hard/libc_nano.a(lib_a-nano-freer.o)
                0x0000000008007adc                _free_r
 .text._malloc_r
                0x0000000008007b78       0xb4 /home/rayan/Ac6/SystemWorkbench/plugins/fr.ac6.mcu.externaltools.arm-none.linux64_1.17.0.201812190825/tools/compiler/bin/../lib/gcc/arm-none-eabi/7.3.1/../../../../arm-none-eabi/lib/thumb/v7e-m/fpv4-sp/hard/libc_nano.a(lib_a-nano-mallocr.o)
                0x0000000008007b78                _malloc_r
 .text._realloc_r
                0x0000000008007c2c       0x4c /home/rayan/Ac6/SystemWorkbench/plugins/fr.ac6.mcu.externaltools.arm-none.linux64_1.17.0.201812190825/tools/compiler/bin/../lib/gcc/arm-none-eabi/7.3.1/../../../../arm-none-eabi/lib/thumb/v7e-m/fpv4-sp/hard/libc_nano.a(lib_a-nano-reallocr.o)
                0x0000000008007c2c                _realloc_r
 .text._sbrk_r  0x0000000008007c78       0x20 /home/rayan/Ac6/SystemWorkbench/plugins/fr.ac6.mcu.externaltools.arm-none.linux64_1.17.0.201812190825/tools/compiler/bin/../lib/gcc/arm-none-eabi/7.3.1/../../../../arm-none-eabi/lib/thumb/v7e-m/fpv4-sp/hard/libc_nano.a(lib_a-sbrkr.o)
                0x0000000008007c78                _sbrk_r
 .text.__malloc_lock
                0x0000000008007c98        0x2 /home/rayan/Ac6/SystemWorkbench/plugins/fr.ac6.mcu.externaltools.arm-none.linux64_1.17.0.201812190825/tools/compiler/bin/../lib/gcc/arm-none-eabi/7.3.1/../../../../arm-none-eabi/lib/thumb/v7e-m/fpv4-sp/hard/libc_nano.a(lib_a-mlock.o)
                0x0000000008007c98                __malloc_lock
 .text.__malloc_unlock
                0x0000000008007c9a        0x2 /home/rayan/Ac6/SystemWorkbench/plugins/fr.ac6.mcu.externaltools.arm-none.linux64_1.17.0.201812190825/tools/compiler/bin/../lib/gcc/arm-none-eabi/7.3.1/../../../../arm-none-eabi/lib/thumb/v7e-m/fpv4-sp/hard/libc_nano.a(lib_a-mlock.o)
                0x0000000008007c9a                __malloc_unlock
 .text._malloc_usable_size_r
                0x0000000008007c9c       0x10 /home/rayan/Ac6/SystemWorkbench/plugins/fr.ac6.mcu.externaltools.arm-none.linux64_1.17.0.201812190825/tools/compiler/bin/../lib/gcc/arm-none-eabi/7.3.1/../../../../arm-none-eabi/lib/thumb/v7e-m/fpv4-sp/hard/libc_nano.a(lib_a-nano-msizer.o)
                0x0000000008007c9c                _malloc_usable_size_r
 *(.glue_7)
 .glue_7        0x0000000008007cac        0x0 linker stubs
 *(.glue_7t)
 .glue_7t       0x0000000008007cac        0x0 linker stubs
 *(.eh_frame)
 .eh_frame      0x0000000008007cac        0x0 /home/rayan/Ac6/SystemWorkbench/plugins/fr.ac6.mcu.externaltools.arm-none.linux64_1.17.0.201812190825/tools/compiler/bin/../lib/gcc/arm-none-eabi/7.3.1/thumb/v7e-m/fpv4-sp/hard/crtbegin.o
 *(.init)
 .init          0x0000000008007cac        0x4 /home/rayan/Ac6/SystemWorkbench/plugins/fr.ac6.mcu.externaltools.arm-none.linux64_1.17.0.201812190825/tools/compiler/bin/../lib/gcc/arm-none-eabi/7.3.1/thumb/v7e-m/fpv4-sp/hard/crti.o
                0x0000000008007cac                _init
 .init          0x0000000008007cb0        0x8 /home/rayan/Ac6/SystemWorkbench/plugins/fr.ac6.mcu.externaltools.arm-none.linux64_1.17.0.201812190825/tools/compiler/bin/../lib/gcc/arm-none-eabi/7.3.1/thumb/v7e-m/fpv4-sp/hard/crtn.o
 *(.fini)
 .fini          0x0000000008007cb8        0x4 /home/rayan/Ac6/SystemWorkbench/plugins/fr.ac6.mcu.externaltools.arm-none.linux64_1.17.0.201812190825/tools/compiler/bin/../lib/gcc/arm-none-eabi/7.3.1/thumb/v7e-m/fpv4-sp/hard/crti.o
                0x0000000008007cb8                _fini
 .fini          0x0000000008007cbc        0x8 /home/rayan/Ac6/SystemWorkbench/plugins/fr.ac6.mcu.externaltools.arm-none.linux64_1.17.0.201812190825/tools/compiler/bin/../lib/gcc/arm-none-eabi/7.3.1/thumb/v7e-m/fpv4-sp/hard/crtn.o
                0x0000000008007cc4                . = ALIGN (0x4)
                0x0000000008007cc4                _etext = .

.vfp11_veneer   0x0000000008007cc4        0x0
 .vfp11_veneer  0x0000000008007cc4        0x0 linker stubs

.v4_bx          0x0000000008007cc4        0x0
 .v4_bx         0x0000000008007cc4        0x0 linker stubs

.iplt           0x0000000008007cc4        0x0
 .iplt          0x0000000008007cc4        0x0 /home/rayan/Ac6/SystemWorkbench/plugins/fr.ac6.mcu.externaltools.arm-none.linux64_1.17.0.201812190825/tools/compiler/bin/../lib/gcc/arm-none-eabi/7.3.1/thumb/v7e-m/fpv4-sp/hard/crtbegin.o

.rodata         0x0000000008007cc4      0x2d8
                0x0000000008007cc4                . = ALIGN (0x4)
 *(.rodata)
 .rodata        0x0000000008007cc4      0x18e Drivers/si4463/Src/si4463.o
 *fill*         0x0000000008007e52        0x2 
 .rodata        0x0000000008007e54        0x5 Middlewares/Third_Party/FreeRTOS/Source/tasks.o
 *fill*         0x0000000008007e59        0x3 
 .rodata        0x0000000008007e5c       0x78 Src/freertos.o
 .rodata        0x0000000008007ed4       0x7b Src/main.o
 *fill*         0x0000000008007f4f        0x1 
 .rodata        0x0000000008007f50       0x18 Src/system_stm32f4xx.o
                0x0000000008007f50                AHBPrescTable
                0x0000000008007f60                APBPrescTable
 *(.rodata*)
 .rodata._svfprintf_r.str1.1
                0x0000000008007f68       0x11 /home/rayan/Ac6/SystemWorkbench/plugins/fr.ac6.mcu.externaltools.arm-none.linux64_1.17.0.201812190825/tools/compiler/bin/../lib/gcc/arm-none-eabi/7.3.1/../../../../arm-none-eabi/lib/thumb/v7e-m/fpv4-sp/hard/libc_nano.a(lib_a-nano-svfprintf.o)
 .rodata._printf_i.str1.1
                0x0000000008007f79       0x22 /home/rayan/Ac6/SystemWorkbench/plugins/fr.ac6.mcu.externaltools.arm-none.linux64_1.17.0.201812190825/tools/compiler/bin/../lib/gcc/arm-none-eabi/7.3.1/../../../../arm-none-eabi/lib/thumb/v7e-m/fpv4-sp/hard/libc_nano.a(lib_a-nano-vfprintf_i.o)
                0x0000000008007f9c                . = ALIGN (0x4)
 *fill*         0x0000000008007f9b        0x1 

.ARM.extab
 *(.ARM.extab* .gnu.linkonce.armextab.*)

.ARM            0x0000000008007f9c        0x8
                0x0000000008007f9c                __exidx_start = .
 *(.ARM.exidx*)
 .ARM.exidx     0x0000000008007f9c        0x8 /home/rayan/Ac6/SystemWorkbench/plugins/fr.ac6.mcu.externaltools.arm-none.linux64_1.17.0.201812190825/tools/compiler/bin/../lib/gcc/arm-none-eabi/7.3.1/thumb/v7e-m/fpv4-sp/hard/libgcc.a(_udivmoddi4.o)
                0x0000000008007fa4                __exidx_end = .

.rel.dyn        0x0000000008007fa4        0x0
 .rel.iplt      0x0000000008007fa4        0x0 /home/rayan/Ac6/SystemWorkbench/plugins/fr.ac6.mcu.externaltools.arm-none.linux64_1.17.0.201812190825/tools/compiler/bin/../lib/gcc/arm-none-eabi/7.3.1/thumb/v7e-m/fpv4-sp/hard/crtbegin.o

.preinit_array  0x0000000008007fa4        0x0
                0x0000000008007fa4                PROVIDE (__preinit_array_start = .)
 *(.preinit_array*)
                0x0000000008007fa4                PROVIDE (__preinit_array_end = .)

.init_array     0x0000000008007fa4        0x4
                0x0000000008007fa4                PROVIDE (__init_array_start = .)
 *(SORT_BY_NAME(.init_array.*))
 *(.init_array*)
 .init_array    0x0000000008007fa4        0x4 /home/rayan/Ac6/SystemWorkbench/plugins/fr.ac6.mcu.externaltools.arm-none.linux64_1.17.0.201812190825/tools/compiler/bin/../lib/gcc/arm-none-eabi/7.3.1/thumb/v7e-m/fpv4-sp/hard/crtbegin.o
                0x0000000008007fa8                PROVIDE (__init_array_end = .)

.fini_array     0x0000000008007fa8        0x4
                [!provide]                        PROVIDE (__fini_array_start = .)
 *(SORT_BY_NAME(.fini_array.*))
 *(.fini_array*)
 .fini_array    0x0000000008007fa8        0x4 /home/rayan/Ac6/SystemWorkbench/plugins/fr.ac6.mcu.externaltools.arm-none.linux64_1.17.0.201812190825/tools/compiler/bin/../lib/gcc/arm-none-eabi/7.3.1/thumb/v7e-m/fpv4-sp/hard/crtbegin.o
                [!provide]                        PROVIDE (__fini_array_end = .)
                0x0000000008007fac                _sidata = LOADADDR (.data)

.data           0x0000000020000000       0x74 load address 0x0000000008007fac
                0x0000000020000000                . = ALIGN (0x4)
                0x0000000020000000                _sdata = .
 *(.data)
 .data          0x0000000020000000        0x5 Drivers/STM32F4xx_HAL_Driver/Src/stm32f4xx_hal.o
                0x0000000020000000                uwTickPrio
                0x0000000020000004                uwTickFreq
 *fill*         0x0000000020000005        0x3 
 .data          0x0000000020000008        0x4 Middlewares/Third_Party/FreeRTOS/Source/portable/GCC/ARM_CM4F/port.o
 .data          0x000000002000000c        0x4 Src/system_stm32f4xx.o
                0x000000002000000c                SystemCoreClock
 *(.data*)
 .data._impure_ptr
                0x0000000020000010        0x4 /home/rayan/Ac6/SystemWorkbench/plugins/fr.ac6.mcu.externaltools.arm-none.linux64_1.17.0.201812190825/tools/compiler/bin/../lib/gcc/arm-none-eabi/7.3.1/../../../../arm-none-eabi/lib/thumb/v7e-m/fpv4-sp/hard/libc_nano.a(lib_a-impure.o)
                0x0000000020000010                _impure_ptr
 .data.impure_data
                0x0000000020000014       0x60 /home/rayan/Ac6/SystemWorkbench/plugins/fr.ac6.mcu.externaltools.arm-none.linux64_1.17.0.201812190825/tools/compiler/bin/../lib/gcc/arm-none-eabi/7.3.1/../../../../arm-none-eabi/lib/thumb/v7e-m/fpv4-sp/hard/libc_nano.a(lib_a-impure.o)
                0x0000000020000074                . = ALIGN (0x4)
                0x0000000020000074                _edata = .
                0x0000000008008020                _siccmram = LOADADDR (.ccmram)

.igot.plt       0x0000000020000074        0x0 load address 0x0000000008008020
 .igot.plt      0x0000000020000074        0x0 /home/rayan/Ac6/SystemWorkbench/plugins/fr.ac6.mcu.externaltools.arm-none.linux64_1.17.0.201812190825/tools/compiler/bin/../lib/gcc/arm-none-eabi/7.3.1/thumb/v7e-m/fpv4-sp/hard/crtbegin.o

.ccmram         0x0000000010000000        0x0 load address 0x0000000008008020
                0x0000000010000000                . = ALIGN (0x4)
                0x0000000010000000                _sccmram = .
 *(.ccmram)
 *(.ccmram*)
                0x0000000010000000                . = ALIGN (0x4)
                0x0000000010000000                _eccmram = .
                0x0000000010000000                . = ALIGN (0x4)

.bss            0x0000000020000074     0x42a4
                0x0000000020000074                _sbss = .
                0x0000000020000074                __bss_start__ = _sbss
 *(.bss)
 .bss           0x0000000020000074       0x1c /home/rayan/Ac6/SystemWorkbench/plugins/fr.ac6.mcu.externaltools.arm-none.linux64_1.17.0.201812190825/tools/compiler/bin/../lib/gcc/arm-none-eabi/7.3.1/thumb/v7e-m/fpv4-sp/hard/crtbegin.o
 .bss           0x0000000020000090        0x8 Drivers/Delay_DWT/Src/delay_dwt.o
 .bss           0x0000000020000098      0x12c Middlewares/Third_Party/FreeRTOS/Source/tasks.o
                0x0000000020000098                pxCurrentTCB
 .bss           0x00000000200001c4        0x8 Middlewares/Third_Party/FreeRTOS/Source/portable/GCC/ARM_CM4F/port.o
 .bss           0x00000000200001cc     0x3c18 Middlewares/Third_Party/FreeRTOS/Source/portable/MemMang/heap_4.o
 .bss           0x0000000020003de4      0x254 Src/freertos.o
 .bss           0x0000000020004038       0x47 Src/main.o
                0x0000000020004038                i
                0x000000002000403a                rssi_value
                0x000000002000403b                check_module_flag
                0x000000002000403c                Rx_indx
                0x0000000020004040                Rx_data
 *fill*         0x000000002000407f        0x1 
 .bss           0x0000000020004080        0x8 Src/syscalls.o
                0x0000000020004080                __env
 *(.bss*)
 .bss.__malloc_free_list
                0x0000000020004088        0x4 /home/rayan/Ac6/SystemWorkbench/plugins/fr.ac6.mcu.externaltools.arm-none.linux64_1.17.0.201812190825/tools/compiler/bin/../lib/gcc/arm-none-eabi/7.3.1/../../../../arm-none-eabi/lib/thumb/v7e-m/fpv4-sp/hard/libc_nano.a(lib_a-nano-mallocr.o)
                0x0000000020004088                __malloc_free_list
 .bss.__malloc_sbrk_start
                0x000000002000408c        0x4 /home/rayan/Ac6/SystemWorkbench/plugins/fr.ac6.mcu.externaltools.arm-none.linux64_1.17.0.201812190825/tools/compiler/bin/../lib/gcc/arm-none-eabi/7.3.1/../../../../arm-none-eabi/lib/thumb/v7e-m/fpv4-sp/hard/libc_nano.a(lib_a-nano-mallocr.o)
                0x000000002000408c                __malloc_sbrk_start
 *(COMMON)
 COMMON         0x0000000020004090        0x4 Drivers/STM32F4xx_HAL_Driver/Src/stm32f4xx_hal.o
                0x0000000020004090                uwTick
 COMMON         0x0000000020004094       0x34 Drivers/si4463/Src/si4463.o
                0x0000000020004094                BuffPos
                0x0000000020004095                flagRxCmdUART
                0x0000000020004098                outgoingBuffer
 COMMON         0x00000000200040c8       0x48 Src/adc.o
                0x00000000200040c8                hadc1
 COMMON         0x0000000020004110       0xcc Src/freertos.o
                0x0000000020004110                defaultTaskHandle
                0x0000000020004114                myTask02Handle
                0x0000000020004118                si4463
                0x0000000020004158                myTask03Handle
                0x000000002000415c                outBuffer
                0x000000002000419c                huart2
 COMMON         0x00000000200041dc       0x8f Src/main.o
                0x00000000200041dc                Transfer_cplt
                0x00000000200041e0                incomingBuffer
                0x0000000020004220                str
                0x000000002000422c                Rx_buffer
 *fill*         0x000000002000426b        0x1 
 COMMON         0x000000002000426c       0x10 Src/rng.o
                0x000000002000426c                hrng
 COMMON         0x000000002000427c       0x58 Src/spi.o
                0x000000002000427c                hspi1
 COMMON         0x00000000200042d4       0x40 Src/stm32f4xx_hal_timebase_tim.o
                0x00000000200042d4                htim3
 COMMON         0x0000000020004314        0x4 /home/rayan/Ac6/SystemWorkbench/plugins/fr.ac6.mcu.externaltools.arm-none.linux64_1.17.0.201812190825/tools/compiler/bin/../lib/gcc/arm-none-eabi/7.3.1/../../../../arm-none-eabi/lib/thumb/v7e-m/fpv4-sp/hard/libc_nano.a(lib_a-reent.o)
                0x0000000020004314                errno
                0x0000000020004318                . = ALIGN (0x4)
                0x0000000020004318                _ebss = .
                0x0000000020004318                __bss_end__ = _ebss

._user_heap_stack
                0x0000000020004318      0x600
                0x0000000020004318                . = ALIGN (0x8)
                0x0000000020004318                PROVIDE (end = .)
                [!provide]                        PROVIDE (_end = .)
                0x0000000020004518                . = (. + _Min_Heap_Size)
 *fill*         0x0000000020004318      0x200 
                0x0000000020004918                . = (. + _Min_Stack_Size)
 *fill*         0x0000000020004518      0x400 
                0x0000000020004918                . = ALIGN (0x8)

/DISCARD/
 libc.a(*)
 libm.a(*)
 libgcc.a(*)

.ARM.attributes
                0x0000000000000000       0x30
 *(.ARM.attributes)
 .ARM.attributes
                0x0000000000000000       0x22 /home/rayan/Ac6/SystemWorkbench/plugins/fr.ac6.mcu.externaltools.arm-none.linux64_1.17.0.201812190825/tools/compiler/bin/../lib/gcc/arm-none-eabi/7.3.1/thumb/v7e-m/fpv4-sp/hard/crti.o
 .ARM.attributes
                0x0000000000000022       0x34 /home/rayan/Ac6/SystemWorkbench/plugins/fr.ac6.mcu.externaltools.arm-none.linux64_1.17.0.201812190825/tools/compiler/bin/../lib/gcc/arm-none-eabi/7.3.1/thumb/v7e-m/fpv4-sp/hard/crtbegin.o
 .ARM.attributes
                0x0000000000000056       0x39 Drivers/Delay_DWT/Src/delay_dwt.o
 .ARM.attributes
                0x000000000000008f       0x39 Drivers/STM32F4xx_HAL_Driver/Src/stm32f4xx_hal.o
 .ARM.attributes
                0x00000000000000c8       0x39 Drivers/STM32F4xx_HAL_Driver/Src/stm32f4xx_hal_adc.o
 .ARM.attributes
                0x0000000000000101       0x39 Drivers/STM32F4xx_HAL_Driver/Src/stm32f4xx_hal_cortex.o
 .ARM.attributes
                0x000000000000013a       0x39 Drivers/STM32F4xx_HAL_Driver/Src/stm32f4xx_hal_dma.o
 .ARM.attributes
                0x0000000000000173       0x39 Drivers/STM32F4xx_HAL_Driver/Src/stm32f4xx_hal_gpio.o
 .ARM.attributes
                0x00000000000001ac       0x39 Drivers/STM32F4xx_HAL_Driver/Src/stm32f4xx_hal_rcc.o
 .ARM.attributes
                0x00000000000001e5       0x39 Drivers/STM32F4xx_HAL_Driver/Src/stm32f4xx_hal_rng.o
 .ARM.attributes
                0x000000000000021e       0x39 Drivers/STM32F4xx_HAL_Driver/Src/stm32f4xx_hal_spi.o
 .ARM.attributes
                0x0000000000000257       0x39 Drivers/STM32F4xx_HAL_Driver/Src/stm32f4xx_hal_tim.o
 .ARM.attributes
                0x0000000000000290       0x39 Drivers/STM32F4xx_HAL_Driver/Src/stm32f4xx_hal_tim_ex.o
 .ARM.attributes
                0x00000000000002c9       0x39 Drivers/STM32F4xx_HAL_Driver/Src/stm32f4xx_hal_uart.o
 .ARM.attributes
                0x0000000000000302       0x39 Drivers/si4463/Src/si4463.o
 .ARM.attributes
                0x000000000000033b       0x39 Middlewares/Third_Party/FreeRTOS/Source/CMSIS_RTOS/cmsis_os.o
 .ARM.attributes
                0x0000000000000374       0x39 Middlewares/Third_Party/FreeRTOS/Source/list.o
 .ARM.attributes
                0x00000000000003ad       0x39 Middlewares/Third_Party/FreeRTOS/Source/tasks.o
 .ARM.attributes
                0x00000000000003e6       0x39 Middlewares/Third_Party/FreeRTOS/Source/portable/GCC/ARM_CM4F/port.o
 .ARM.attributes
                0x000000000000041f       0x39 Middlewares/Third_Party/FreeRTOS/Source/portable/MemMang/heap_4.o
 .ARM.attributes
                0x0000000000000458       0x39 Src/adc.o
 .ARM.attributes
                0x0000000000000491       0x39 Src/freertos.o
 .ARM.attributes
                0x00000000000004ca       0x39 Src/gpio.o
 .ARM.attributes
                0x0000000000000503       0x39 Src/main.o
 .ARM.attributes
                0x000000000000053c       0x39 Src/rng.o
 .ARM.attributes
                0x0000000000000575       0x39 Src/spi.o
 .ARM.attributes
                0x00000000000005ae       0x39 Src/stm32f4xx_hal_msp.o
 .ARM.attributes
                0x00000000000005e7       0x39 Src/stm32f4xx_hal_timebase_tim.o
 .ARM.attributes
                0x0000000000000620       0x39 Src/stm32f4xx_it.o
 .ARM.attributes
                0x0000000000000659       0x39 Src/syscalls.o
 .ARM.attributes
                0x0000000000000692       0x39 Src/system_stm32f4xx.o
 .ARM.attributes
                0x00000000000006cb       0x39 Src/usart.o
 .ARM.attributes
                0x0000000000000704       0x21 startup/startup_stm32f405xx.o
 .ARM.attributes
                0x0000000000000725       0x22 /home/rayan/Ac6/SystemWorkbench/plugins/fr.ac6.mcu.externaltools.arm-none.linux64_1.17.0.201812190825/tools/compiler/bin/../lib/gcc/arm-none-eabi/7.3.1/thumb/v7e-m/fpv4-sp/hard/libgcc.a(_aeabi_uldivmod.o)
 .ARM.attributes
                0x0000000000000747       0x34 /home/rayan/Ac6/SystemWorkbench/plugins/fr.ac6.mcu.externaltools.arm-none.linux64_1.17.0.201812190825/tools/compiler/bin/../lib/gcc/arm-none-eabi/7.3.1/thumb/v7e-m/fpv4-sp/hard/libgcc.a(_udivmoddi4.o)
 .ARM.attributes
                0x000000000000077b       0x22 /home/rayan/Ac6/SystemWorkbench/plugins/fr.ac6.mcu.externaltools.arm-none.linux64_1.17.0.201812190825/tools/compiler/bin/../lib/gcc/arm-none-eabi/7.3.1/thumb/v7e-m/fpv4-sp/hard/libgcc.a(_dvmd_tls.o)
 .ARM.attributes
                0x000000000000079d       0x34 /home/rayan/Ac6/SystemWorkbench/plugins/fr.ac6.mcu.externaltools.arm-none.linux64_1.17.0.201812190825/tools/compiler/bin/../lib/gcc/arm-none-eabi/7.3.1/../../../../arm-none-eabi/lib/thumb/v7e-m/fpv4-sp/hard/libc_nano.a(lib_a-errno.o)
 .ARM.attributes
                0x00000000000007d1       0x34 /home/rayan/Ac6/SystemWorkbench/plugins/fr.ac6.mcu.externaltools.arm-none.linux64_1.17.0.201812190825/tools/compiler/bin/../lib/gcc/arm-none-eabi/7.3.1/../../../../arm-none-eabi/lib/thumb/v7e-m/fpv4-sp/hard/libc_nano.a(lib_a-impure.o)
 .ARM.attributes
                0x0000000000000805       0x34 /home/rayan/Ac6/SystemWorkbench/plugins/fr.ac6.mcu.externaltools.arm-none.linux64_1.17.0.201812190825/tools/compiler/bin/../lib/gcc/arm-none-eabi/7.3.1/../../../../arm-none-eabi/lib/thumb/v7e-m/fpv4-sp/hard/libc_nano.a(lib_a-init.o)
 .ARM.attributes
                0x0000000000000839       0x34 /home/rayan/Ac6/SystemWorkbench/plugins/fr.ac6.mcu.externaltools.arm-none.linux64_1.17.0.201812190825/tools/compiler/bin/../lib/gcc/arm-none-eabi/7.3.1/../../../../arm-none-eabi/lib/thumb/v7e-m/fpv4-sp/hard/libc_nano.a(lib_a-memcpy-stub.o)
 .ARM.attributes
                0x000000000000086d       0x34 /home/rayan/Ac6/SystemWorkbench/plugins/fr.ac6.mcu.externaltools.arm-none.linux64_1.17.0.201812190825/tools/compiler/bin/../lib/gcc/arm-none-eabi/7.3.1/../../../../arm-none-eabi/lib/thumb/v7e-m/fpv4-sp/hard/libc_nano.a(lib_a-memset.o)
 .ARM.attributes
                0x00000000000008a1       0x34 /home/rayan/Ac6/SystemWorkbench/plugins/fr.ac6.mcu.externaltools.arm-none.linux64_1.17.0.201812190825/tools/compiler/bin/../lib/gcc/arm-none-eabi/7.3.1/../../../../arm-none-eabi/lib/thumb/v7e-m/fpv4-sp/hard/libc_nano.a(lib_a-sprintf.o)
 .ARM.attributes
                0x00000000000008d5       0x20 /home/rayan/Ac6/SystemWorkbench/plugins/fr.ac6.mcu.externaltools.arm-none.linux64_1.17.0.201812190825/tools/compiler/bin/../lib/gcc/arm-none-eabi/7.3.1/../../../../arm-none-eabi/lib/thumb/v7e-m/fpv4-sp/hard/libc_nano.a(lib_a-strcmp.o)
 .ARM.attributes
                0x00000000000008f5       0x1b /home/rayan/Ac6/SystemWorkbench/plugins/fr.ac6.mcu.externaltools.arm-none.linux64_1.17.0.201812190825/tools/compiler/bin/../lib/gcc/arm-none-eabi/7.3.1/../../../../arm-none-eabi/lib/thumb/v7e-m/fpv4-sp/hard/libc_nano.a(lib_a-strlen.o)
 .ARM.attributes
                0x0000000000000910       0x34 /home/rayan/Ac6/SystemWorkbench/plugins/fr.ac6.mcu.externaltools.arm-none.linux64_1.17.0.201812190825/tools/compiler/bin/../lib/gcc/arm-none-eabi/7.3.1/../../../../arm-none-eabi/lib/thumb/v7e-m/fpv4-sp/hard/libc_nano.a(lib_a-nano-svfprintf.o)
 .ARM.attributes
                0x0000000000000944       0x34 /home/rayan/Ac6/SystemWorkbench/plugins/fr.ac6.mcu.externaltools.arm-none.linux64_1.17.0.201812190825/tools/compiler/bin/../lib/gcc/arm-none-eabi/7.3.1/../../../../arm-none-eabi/lib/thumb/v7e-m/fpv4-sp/hard/libc_nano.a(lib_a-nano-vfprintf_i.o)
 .ARM.attributes
                0x0000000000000978       0x20 /home/rayan/Ac6/SystemWorkbench/plugins/fr.ac6.mcu.externaltools.arm-none.linux64_1.17.0.201812190825/tools/compiler/bin/../lib/gcc/arm-none-eabi/7.3.1/../../../../arm-none-eabi/lib/thumb/v7e-m/fpv4-sp/hard/libc_nano.a(lib_a-memchr.o)
 .ARM.attributes
                0x0000000000000998       0x34 /home/rayan/Ac6/SystemWorkbench/plugins/fr.ac6.mcu.externaltools.arm-none.linux64_1.17.0.201812190825/tools/compiler/bin/../lib/gcc/arm-none-eabi/7.3.1/../../../../arm-none-eabi/lib/thumb/v7e-m/fpv4-sp/hard/libc_nano.a(lib_a-memmove.o)
 .ARM.attributes
                0x00000000000009cc       0x34 /home/rayan/Ac6/SystemWorkbench/plugins/fr.ac6.mcu.externaltools.arm-none.linux64_1.17.0.201812190825/tools/compiler/bin/../lib/gcc/arm-none-eabi/7.3.1/../../../../arm-none-eabi/lib/thumb/v7e-m/fpv4-sp/hard/libc_nano.a(lib_a-nano-freer.o)
 .ARM.attributes
                0x0000000000000a00       0x34 /home/rayan/Ac6/SystemWorkbench/plugins/fr.ac6.mcu.externaltools.arm-none.linux64_1.17.0.201812190825/tools/compiler/bin/../lib/gcc/arm-none-eabi/7.3.1/../../../../arm-none-eabi/lib/thumb/v7e-m/fpv4-sp/hard/libc_nano.a(lib_a-nano-mallocr.o)
 .ARM.attributes
                0x0000000000000a34       0x34 /home/rayan/Ac6/SystemWorkbench/plugins/fr.ac6.mcu.externaltools.arm-none.linux64_1.17.0.201812190825/tools/compiler/bin/../lib/gcc/arm-none-eabi/7.3.1/../../../../arm-none-eabi/lib/thumb/v7e-m/fpv4-sp/hard/libc_nano.a(lib_a-nano-reallocr.o)
 .ARM.attributes
                0x0000000000000a68       0x34 /home/rayan/Ac6/SystemWorkbench/plugins/fr.ac6.mcu.externaltools.arm-none.linux64_1.17.0.201812190825/tools/compiler/bin/../lib/gcc/arm-none-eabi/7.3.1/../../../../arm-none-eabi/lib/thumb/v7e-m/fpv4-sp/hard/libc_nano.a(lib_a-sbrkr.o)
 .ARM.attributes
                0x0000000000000a9c       0x34 /home/rayan/Ac6/SystemWorkbench/plugins/fr.ac6.mcu.externaltools.arm-none.linux64_1.17.0.201812190825/tools/compiler/bin/../lib/gcc/arm-none-eabi/7.3.1/../../../../arm-none-eabi/lib/thumb/v7e-m/fpv4-sp/hard/libc_nano.a(lib_a-mlock.o)
 .ARM.attributes
                0x0000000000000ad0       0x34 /home/rayan/Ac6/SystemWorkbench/plugins/fr.ac6.mcu.externaltools.arm-none.linux64_1.17.0.201812190825/tools/compiler/bin/../lib/gcc/arm-none-eabi/7.3.1/../../../../arm-none-eabi/lib/thumb/v7e-m/fpv4-sp/hard/libc_nano.a(lib_a-nano-msizer.o)
 .ARM.attributes
                0x0000000000000b04       0x34 /home/rayan/Ac6/SystemWorkbench/plugins/fr.ac6.mcu.externaltools.arm-none.linux64_1.17.0.201812190825/tools/compiler/bin/../lib/gcc/arm-none-eabi/7.3.1/../../../../arm-none-eabi/lib/thumb/v7e-m/fpv4-sp/hard/libc_nano.a(lib_a-reent.o)
 .ARM.attributes
                0x0000000000000b38       0x22 /home/rayan/Ac6/SystemWorkbench/plugins/fr.ac6.mcu.externaltools.arm-none.linux64_1.17.0.201812190825/tools/compiler/bin/../lib/gcc/arm-none-eabi/7.3.1/thumb/v7e-m/fpv4-sp/hard/crtn.o
OUTPUT(test.elf elf32-littlearm)

.debug_info     0x0000000000000000    0x1be99
 .debug_info    0x0000000000000000      0x542 Drivers/Delay_DWT/Src/delay_dwt.o
 .debug_info    0x0000000000000542      0x933 Drivers/STM32F4xx_HAL_Driver/Src/stm32f4xx_hal.o
 .debug_info    0x0000000000000e75      0xcee Drivers/STM32F4xx_HAL_Driver/Src/stm32f4xx_hal_adc.o
 .debug_info    0x0000000000001b63      0xe16 Drivers/STM32F4xx_HAL_Driver/Src/stm32f4xx_hal_cortex.o
 .debug_info    0x0000000000002979      0x968 Drivers/STM32F4xx_HAL_Driver/Src/stm32f4xx_hal_dma.o
 .debug_info    0x00000000000032e1      0x7b5 Drivers/STM32F4xx_HAL_Driver/Src/stm32f4xx_hal_gpio.o
 .debug_info    0x0000000000003a96      0x904 Drivers/STM32F4xx_HAL_Driver/Src/stm32f4xx_hal_rcc.o
 .debug_info    0x000000000000439a      0x552 Drivers/STM32F4xx_HAL_Driver/Src/stm32f4xx_hal_rng.o
 .debug_info    0x00000000000048ec     0x163a Drivers/STM32F4xx_HAL_Driver/Src/stm32f4xx_hal_spi.o
 .debug_info    0x0000000000005f26     0x24a9 Drivers/STM32F4xx_HAL_Driver/Src/stm32f4xx_hal_tim.o
 .debug_info    0x00000000000083cf     0x1157 Drivers/STM32F4xx_HAL_Driver/Src/stm32f4xx_hal_tim_ex.o
 .debug_info    0x0000000000009526     0x124c Drivers/STM32F4xx_HAL_Driver/Src/stm32f4xx_hal_uart.o
 .debug_info    0x000000000000a772     0x1fb6 Drivers/si4463/Src/si4463.o
 .debug_info    0x000000000000c728     0x1e8e Middlewares/Third_Party/FreeRTOS/Source/CMSIS_RTOS/cmsis_os.o
 .debug_info    0x000000000000e5b6      0xadb Middlewares/Third_Party/FreeRTOS/Source/list.o
 .debug_info    0x000000000000f091     0x24a4 Middlewares/Third_Party/FreeRTOS/Source/tasks.o
 .debug_info    0x0000000000011535      0x533 Middlewares/Third_Party/FreeRTOS/Source/portable/GCC/ARM_CM4F/port.o
 .debug_info    0x0000000000011a68      0xbfa Middlewares/Third_Party/FreeRTOS/Source/portable/MemMang/heap_4.o
 .debug_info    0x0000000000012662      0xb01 Src/adc.o
 .debug_info    0x0000000000013163     0x15f6 Src/freertos.o
 .debug_info    0x0000000000014759      0x7b9 Src/gpio.o
 .debug_info    0x0000000000014f12     0x2333 Src/main.o
 .debug_info    0x0000000000017245      0x5a1 Src/rng.o
 .debug_info    0x00000000000177e6      0xa96 Src/spi.o
 .debug_info    0x000000000001827c      0x653 Src/stm32f4xx_hal_msp.o
 .debug_info    0x00000000000188cf      0xb1b Src/stm32f4xx_hal_timebase_tim.o
 .debug_info    0x00000000000193ea      0x9d0 Src/stm32f4xx_it.o
 .debug_info    0x0000000000019dba      0xf2e Src/syscalls.o
 .debug_info    0x000000000001ace8      0x554 Src/system_stm32f4xx.o
 .debug_info    0x000000000001b23c      0xc3b Src/usart.o
 .debug_info    0x000000000001be77       0x22 startup/startup_stm32f405xx.o

.debug_abbrev   0x0000000000000000     0x3fbd
 .debug_abbrev  0x0000000000000000      0x16c Drivers/Delay_DWT/Src/delay_dwt.o
 .debug_abbrev  0x000000000000016c      0x1c7 Drivers/STM32F4xx_HAL_Driver/Src/stm32f4xx_hal.o
 .debug_abbrev  0x0000000000000333      0x205 Drivers/STM32F4xx_HAL_Driver/Src/stm32f4xx_hal_adc.o
 .debug_abbrev  0x0000000000000538      0x2fa Drivers/STM32F4xx_HAL_Driver/Src/stm32f4xx_hal_cortex.o
 .debug_abbrev  0x0000000000000832      0x229 Drivers/STM32F4xx_HAL_Driver/Src/stm32f4xx_hal_dma.o
 .debug_abbrev  0x0000000000000a5b      0x1c9 Drivers/STM32F4xx_HAL_Driver/Src/stm32f4xx_hal_gpio.o
 .debug_abbrev  0x0000000000000c24      0x245 Drivers/STM32F4xx_HAL_Driver/Src/stm32f4xx_hal_rcc.o
 .debug_abbrev  0x0000000000000e69      0x1bc Drivers/STM32F4xx_HAL_Driver/Src/stm32f4xx_hal_rng.o
 .debug_abbrev  0x0000000000001025      0x240 Drivers/STM32F4xx_HAL_Driver/Src/stm32f4xx_hal_spi.o
 .debug_abbrev  0x0000000000001265      0x230 Drivers/STM32F4xx_HAL_Driver/Src/stm32f4xx_hal_tim.o
 .debug_abbrev  0x0000000000001495      0x21e Drivers/STM32F4xx_HAL_Driver/Src/stm32f4xx_hal_tim_ex.o
 .debug_abbrev  0x00000000000016b3      0x242 Drivers/STM32F4xx_HAL_Driver/Src/stm32f4xx_hal_uart.o
 .debug_abbrev  0x00000000000018f5      0x2dd Drivers/si4463/Src/si4463.o
 .debug_abbrev  0x0000000000001bd2      0x397 Middlewares/Third_Party/FreeRTOS/Source/CMSIS_RTOS/cmsis_os.o
 .debug_abbrev  0x0000000000001f69      0x205 Middlewares/Third_Party/FreeRTOS/Source/list.o
 .debug_abbrev  0x000000000000216e      0x36e Middlewares/Third_Party/FreeRTOS/Source/tasks.o
 .debug_abbrev  0x00000000000024dc      0x210 Middlewares/Third_Party/FreeRTOS/Source/portable/GCC/ARM_CM4F/port.o
 .debug_abbrev  0x00000000000026ec      0x2d4 Middlewares/Third_Party/FreeRTOS/Source/portable/MemMang/heap_4.o
 .debug_abbrev  0x00000000000029c0      0x1e8 Src/adc.o
 .debug_abbrev  0x0000000000002ba8      0x24f Src/freertos.o
 .debug_abbrev  0x0000000000002df7      0x161 Src/gpio.o
 .debug_abbrev  0x0000000000002f58      0x32d Src/main.o
 .debug_abbrev  0x0000000000003285      0x17d Src/rng.o
 .debug_abbrev  0x0000000000003402      0x1bd Src/spi.o
 .debug_abbrev  0x00000000000035bf      0x136 Src/stm32f4xx_hal_msp.o
 .debug_abbrev  0x00000000000036f5      0x19d Src/stm32f4xx_hal_timebase_tim.o
 .debug_abbrev  0x0000000000003892      0x17e Src/stm32f4xx_it.o
 .debug_abbrev  0x0000000000003a10      0x2aa Src/syscalls.o
 .debug_abbrev  0x0000000000003cba      0x12b Src/system_stm32f4xx.o
 .debug_abbrev  0x0000000000003de5      0x1c6 Src/usart.o
 .debug_abbrev  0x0000000000003fab       0x12 startup/startup_stm32f405xx.o

.debug_aranges  0x0000000000000000     0x1778
 .debug_aranges
                0x0000000000000000       0x78 Drivers/Delay_DWT/Src/delay_dwt.o
 .debug_aranges
                0x0000000000000078       0xf0 Drivers/STM32F4xx_HAL_Driver/Src/stm32f4xx_hal.o
 .debug_aranges
                0x0000000000000168       0xe8 Drivers/STM32F4xx_HAL_Driver/Src/stm32f4xx_hal_adc.o
 .debug_aranges
                0x0000000000000250      0x118 Drivers/STM32F4xx_HAL_Driver/Src/stm32f4xx_hal_cortex.o
 .debug_aranges
                0x0000000000000368       0x90 Drivers/STM32F4xx_HAL_Driver/Src/stm32f4xx_hal_dma.o
 .debug_aranges
                0x00000000000003f8       0x58 Drivers/STM32F4xx_HAL_Driver/Src/stm32f4xx_hal_gpio.o
 .debug_aranges
                0x0000000000000450       0x88 Drivers/STM32F4xx_HAL_Driver/Src/stm32f4xx_hal_rcc.o
 .debug_aranges
                0x00000000000004d8       0x88 Drivers/STM32F4xx_HAL_Driver/Src/stm32f4xx_hal_rng.o
 .debug_aranges
                0x0000000000000560      0x1d0 Drivers/STM32F4xx_HAL_Driver/Src/stm32f4xx_hal_spi.o
 .debug_aranges
                0x0000000000000730      0x3a8 Drivers/STM32F4xx_HAL_Driver/Src/stm32f4xx_hal_tim.o
 .debug_aranges
                0x0000000000000ad8      0x150 Drivers/STM32F4xx_HAL_Driver/Src/stm32f4xx_hal_tim_ex.o
 .debug_aranges
                0x0000000000000c28      0x1d0 Drivers/STM32F4xx_HAL_Driver/Src/stm32f4xx_hal_uart.o
 .debug_aranges
                0x0000000000000df8      0x170 Drivers/si4463/Src/si4463.o
 .debug_aranges
                0x0000000000000f68      0x1d8 Middlewares/Third_Party/FreeRTOS/Source/CMSIS_RTOS/cmsis_os.o
 .debug_aranges
                0x0000000000001140       0x40 Middlewares/Third_Party/FreeRTOS/Source/list.o
 .debug_aranges
                0x0000000000001180      0x1a8 Middlewares/Third_Party/FreeRTOS/Source/tasks.o
 .debug_aranges
                0x0000000000001328       0x80 Middlewares/Third_Party/FreeRTOS/Source/portable/GCC/ARM_CM4F/port.o
 .debug_aranges
                0x00000000000013a8       0x50 Middlewares/Third_Party/FreeRTOS/Source/portable/MemMang/heap_4.o
 .debug_aranges
                0x00000000000013f8       0x38 Src/adc.o
 .debug_aranges
                0x0000000000001430       0x40 Src/freertos.o
 .debug_aranges
                0x0000000000001470       0x20 Src/gpio.o
 .debug_aranges
                0x0000000000001490       0xa8 Src/main.o
 .debug_aranges
                0x0000000000001538       0x30 Src/rng.o
 .debug_aranges
                0x0000000000001568       0x30 Src/spi.o
 .debug_aranges
                0x0000000000001598       0x20 Src/stm32f4xx_hal_msp.o
 .debug_aranges
                0x00000000000015b8       0x30 Src/stm32f4xx_hal_timebase_tim.o
 .debug_aranges
                0x00000000000015e8       0x60 Src/stm32f4xx_it.o
 .debug_aranges
                0x0000000000001648       0xb0 Src/syscalls.o
 .debug_aranges
                0x00000000000016f8       0x28 Src/system_stm32f4xx.o
 .debug_aranges
                0x0000000000001720       0x30 Src/usart.o
 .debug_aranges
                0x0000000000001750       0x28 startup/startup_stm32f405xx.o

.debug_ranges   0x0000000000000000     0x1590
 .debug_ranges  0x0000000000000000       0x68 Drivers/Delay_DWT/Src/delay_dwt.o
 .debug_ranges  0x0000000000000068       0xe0 Drivers/STM32F4xx_HAL_Driver/Src/stm32f4xx_hal.o
 .debug_ranges  0x0000000000000148       0xd8 Drivers/STM32F4xx_HAL_Driver/Src/stm32f4xx_hal_adc.o
 .debug_ranges  0x0000000000000220      0x108 Drivers/STM32F4xx_HAL_Driver/Src/stm32f4xx_hal_cortex.o
 .debug_ranges  0x0000000000000328       0x80 Drivers/STM32F4xx_HAL_Driver/Src/stm32f4xx_hal_dma.o
 .debug_ranges  0x00000000000003a8       0x48 Drivers/STM32F4xx_HAL_Driver/Src/stm32f4xx_hal_gpio.o
 .debug_ranges  0x00000000000003f0       0x78 Drivers/STM32F4xx_HAL_Driver/Src/stm32f4xx_hal_rcc.o
 .debug_ranges  0x0000000000000468       0x78 Drivers/STM32F4xx_HAL_Driver/Src/stm32f4xx_hal_rng.o
 .debug_ranges  0x00000000000004e0      0x1c0 Drivers/STM32F4xx_HAL_Driver/Src/stm32f4xx_hal_spi.o
 .debug_ranges  0x00000000000006a0      0x398 Drivers/STM32F4xx_HAL_Driver/Src/stm32f4xx_hal_tim.o
 .debug_ranges  0x0000000000000a38      0x140 Drivers/STM32F4xx_HAL_Driver/Src/stm32f4xx_hal_tim_ex.o
 .debug_ranges  0x0000000000000b78      0x1c0 Drivers/STM32F4xx_HAL_Driver/Src/stm32f4xx_hal_uart.o
 .debug_ranges  0x0000000000000d38      0x160 Drivers/si4463/Src/si4463.o
 .debug_ranges  0x0000000000000e98      0x1c8 Middlewares/Third_Party/FreeRTOS/Source/CMSIS_RTOS/cmsis_os.o
 .debug_ranges  0x0000000000001060       0x30 Middlewares/Third_Party/FreeRTOS/Source/list.o
 .debug_ranges  0x0000000000001090      0x198 Middlewares/Third_Party/FreeRTOS/Source/tasks.o
 .debug_ranges  0x0000000000001228       0x70 Middlewares/Third_Party/FreeRTOS/Source/portable/GCC/ARM_CM4F/port.o
 .debug_ranges  0x0000000000001298       0x40 Middlewares/Third_Party/FreeRTOS/Source/portable/MemMang/heap_4.o
 .debug_ranges  0x00000000000012d8       0x28 Src/adc.o
 .debug_ranges  0x0000000000001300       0x30 Src/freertos.o
 .debug_ranges  0x0000000000001330       0x10 Src/gpio.o
 .debug_ranges  0x0000000000001340       0x98 Src/main.o
 .debug_ranges  0x00000000000013d8       0x20 Src/rng.o
 .debug_ranges  0x00000000000013f8       0x20 Src/spi.o
 .debug_ranges  0x0000000000001418       0x10 Src/stm32f4xx_hal_msp.o
 .debug_ranges  0x0000000000001428       0x20 Src/stm32f4xx_hal_timebase_tim.o
 .debug_ranges  0x0000000000001448       0x50 Src/stm32f4xx_it.o
 .debug_ranges  0x0000000000001498       0xa0 Src/syscalls.o
 .debug_ranges  0x0000000000001538       0x18 Src/system_stm32f4xx.o
 .debug_ranges  0x0000000000001550       0x20 Src/usart.o
 .debug_ranges  0x0000000000001570       0x20 startup/startup_stm32f405xx.o

.debug_macro    0x0000000000000000    0x23f12
 .debug_macro   0x0000000000000000      0x20a Drivers/Delay_DWT/Src/delay_dwt.o
 .debug_macro   0x000000000000020a      0xa54 Drivers/Delay_DWT/Src/delay_dwt.o
 .debug_macro   0x0000000000000c5e      0x2a6 Drivers/Delay_DWT/Src/delay_dwt.o
 .debug_macro   0x0000000000000f04       0x2e Drivers/Delay_DWT/Src/delay_dwt.o
 .debug_macro   0x0000000000000f32       0x2f Drivers/Delay_DWT/Src/delay_dwt.o
 .debug_macro   0x0000000000000f61       0x22 Drivers/Delay_DWT/Src/delay_dwt.o
 .debug_macro   0x0000000000000f83       0x8e Drivers/Delay_DWT/Src/delay_dwt.o
 .debug_macro   0x0000000000001011       0x51 Drivers/Delay_DWT/Src/delay_dwt.o
 .debug_macro   0x0000000000001062       0xef Drivers/Delay_DWT/Src/delay_dwt.o
 .debug_macro   0x0000000000001151       0x6a Drivers/Delay_DWT/Src/delay_dwt.o
 .debug_macro   0x00000000000011bb      0x1df Drivers/Delay_DWT/Src/delay_dwt.o
 .debug_macro   0x000000000000139a       0x1c Drivers/Delay_DWT/Src/delay_dwt.o
 .debug_macro   0x00000000000013b6       0x22 Drivers/Delay_DWT/Src/delay_dwt.o
 .debug_macro   0x00000000000013d8       0xdf Drivers/Delay_DWT/Src/delay_dwt.o
 .debug_macro   0x00000000000014b7     0x102d Drivers/Delay_DWT/Src/delay_dwt.o
 .debug_macro   0x00000000000024e4      0x11f Drivers/Delay_DWT/Src/delay_dwt.o
 .debug_macro   0x0000000000002603    0x14251 Drivers/Delay_DWT/Src/delay_dwt.o
 .debug_macro   0x0000000000016854       0x43 Drivers/Delay_DWT/Src/delay_dwt.o
 .debug_macro   0x0000000000016897     0x3659 Drivers/Delay_DWT/Src/delay_dwt.o
 .debug_macro   0x0000000000019ef0      0x174 Drivers/Delay_DWT/Src/delay_dwt.o
 .debug_macro   0x000000000001a064       0x5a Drivers/Delay_DWT/Src/delay_dwt.o
 .debug_macro   0x000000000001a0be      0x8a7 Drivers/Delay_DWT/Src/delay_dwt.o
 .debug_macro   0x000000000001a965      0x9fe Drivers/Delay_DWT/Src/delay_dwt.o
 .debug_macro   0x000000000001b363      0x117 Drivers/Delay_DWT/Src/delay_dwt.o
 .debug_macro   0x000000000001b47a      0x130 Drivers/Delay_DWT/Src/delay_dwt.o
 .debug_macro   0x000000000001b5aa       0x27 Drivers/Delay_DWT/Src/delay_dwt.o
 .debug_macro   0x000000000001b5d1      0x174 Drivers/Delay_DWT/Src/delay_dwt.o
 .debug_macro   0x000000000001b745      0x287 Drivers/Delay_DWT/Src/delay_dwt.o
 .debug_macro   0x000000000001b9cc       0x5f Drivers/Delay_DWT/Src/delay_dwt.o
 .debug_macro   0x000000000001ba2b      0x236 Drivers/Delay_DWT/Src/delay_dwt.o
 .debug_macro   0x000000000001bc61      0x391 Drivers/Delay_DWT/Src/delay_dwt.o
 .debug_macro   0x000000000001bff2      0x176 Drivers/Delay_DWT/Src/delay_dwt.o
 .debug_macro   0x000000000001c168       0xf9 Drivers/Delay_DWT/Src/delay_dwt.o
 .debug_macro   0x000000000001c261      0x12c Drivers/Delay_DWT/Src/delay_dwt.o
 .debug_macro   0x000000000001c38d      0x21e Drivers/Delay_DWT/Src/delay_dwt.o
 .debug_macro   0x000000000001c5ab       0x2e Drivers/Delay_DWT/Src/delay_dwt.o
 .debug_macro   0x000000000001c5d9      0x11a Drivers/Delay_DWT/Src/delay_dwt.o
 .debug_macro   0x000000000001c6f3       0x7e Drivers/Delay_DWT/Src/delay_dwt.o
 .debug_macro   0x000000000001c771       0x89 Drivers/Delay_DWT/Src/delay_dwt.o
 .debug_macro   0x000000000001c7fa       0xa4 Drivers/Delay_DWT/Src/delay_dwt.o
 .debug_macro   0x000000000001c89e      0x225 Drivers/Delay_DWT/Src/delay_dwt.o
 .debug_macro   0x000000000001cac3      0x8a0 Drivers/Delay_DWT/Src/delay_dwt.o
 .debug_macro   0x000000000001d363       0x47 Drivers/Delay_DWT/Src/delay_dwt.o
 .debug_macro   0x000000000001d3aa      0x287 Drivers/Delay_DWT/Src/delay_dwt.o
 .debug_macro   0x000000000001d631      0x12d Drivers/Delay_DWT/Src/delay_dwt.o
 .debug_macro   0x000000000001d75e       0x16 Drivers/Delay_DWT/Src/delay_dwt.o
 .debug_macro   0x000000000001d774      0x25b Drivers/STM32F4xx_HAL_Driver/Src/stm32f4xx_hal.o
 .debug_macro   0x000000000001d9cf      0x1fc Drivers/STM32F4xx_HAL_Driver/Src/stm32f4xx_hal_adc.o
 .debug_macro   0x000000000001dbcb      0x1fb Drivers/STM32F4xx_HAL_Driver/Src/stm32f4xx_hal_cortex.o
 .debug_macro   0x000000000001ddc6      0x201 Drivers/STM32F4xx_HAL_Driver/Src/stm32f4xx_hal_dma.o
 .debug_macro   0x000000000001dfc7      0x231 Drivers/STM32F4xx_HAL_Driver/Src/stm32f4xx_hal_gpio.o
 .debug_macro   0x000000000001e1f8      0x21f Drivers/STM32F4xx_HAL_Driver/Src/stm32f4xx_hal_rcc.o
 .debug_macro   0x000000000001e417      0x201 Drivers/STM32F4xx_HAL_Driver/Src/stm32f4xx_hal_rng.o
 .debug_macro   0x000000000001e618      0x20a Drivers/STM32F4xx_HAL_Driver/Src/stm32f4xx_hal_spi.o
 .debug_macro   0x000000000001e822      0x1fc Drivers/STM32F4xx_HAL_Driver/Src/stm32f4xx_hal_tim.o
 .debug_macro   0x000000000001ea1e      0x1fb Drivers/STM32F4xx_HAL_Driver/Src/stm32f4xx_hal_tim_ex.o
 .debug_macro   0x000000000001ec19      0x1fc Drivers/STM32F4xx_HAL_Driver/Src/stm32f4xx_hal_uart.o
 .debug_macro   0x000000000001ee15      0x2e7 Drivers/si4463/Src/si4463.o
 .debug_macro   0x000000000001f0fc       0x22 Drivers/si4463/Src/si4463.o
 .debug_macro   0x000000000001f11e       0x5e Drivers/si4463/Src/si4463.o
 .debug_macro   0x000000000001f17c       0x18 Drivers/si4463/Src/si4463.o
 .debug_macro   0x000000000001f194       0x35 Drivers/si4463/Src/si4463.o
 .debug_macro   0x000000000001f1c9       0x34 Drivers/si4463/Src/si4463.o
 .debug_macro   0x000000000001f1fd       0x58 Drivers/si4463/Src/si4463.o
 .debug_macro   0x000000000001f255       0x1f Drivers/si4463/Src/si4463.o
 .debug_macro   0x000000000001f274       0x43 Drivers/si4463/Src/si4463.o
 .debug_macro   0x000000000001f2b7       0x20 Drivers/si4463/Src/si4463.o
 .debug_macro   0x000000000001f2d7      0x18e Drivers/si4463/Src/si4463.o
 .debug_macro   0x000000000001f465      0x330 Drivers/si4463/Src/si4463.o
 .debug_macro   0x000000000001f795       0x10 Drivers/si4463/Src/si4463.o
 .debug_macro   0x000000000001f7a5       0x35 Drivers/si4463/Src/si4463.o
 .debug_macro   0x000000000001f7da      0x140 Drivers/si4463/Src/si4463.o
 .debug_macro   0x000000000001f91a      0x18a Drivers/si4463/Src/si4463.o
 .debug_macro   0x000000000001faa4       0xd9 Drivers/si4463/Src/si4463.o
 .debug_macro   0x000000000001fb7d       0x54 Drivers/si4463/Src/si4463.o
 .debug_macro   0x000000000001fbd1       0x76 Drivers/si4463/Src/si4463.o
 .debug_macro   0x000000000001fc47      0x1ec Middlewares/Third_Party/FreeRTOS/Source/CMSIS_RTOS/cmsis_os.o
 .debug_macro   0x000000000001fe33       0x58 Middlewares/Third_Party/FreeRTOS/Source/CMSIS_RTOS/cmsis_os.o
 .debug_macro   0x000000000001fe8b       0x94 Middlewares/Third_Party/FreeRTOS/Source/CMSIS_RTOS/cmsis_os.o
 .debug_macro   0x000000000001ff1f       0x57 Middlewares/Third_Party/FreeRTOS/Source/CMSIS_RTOS/cmsis_os.o
 .debug_macro   0x000000000001ff76       0xea Middlewares/Third_Party/FreeRTOS/Source/CMSIS_RTOS/cmsis_os.o
 .debug_macro   0x0000000000020060      0x15a Middlewares/Third_Party/FreeRTOS/Source/CMSIS_RTOS/cmsis_os.o
 .debug_macro   0x00000000000201ba       0xde Middlewares/Third_Party/FreeRTOS/Source/CMSIS_RTOS/cmsis_os.o
 .debug_macro   0x0000000000020298       0x1c Middlewares/Third_Party/FreeRTOS/Source/CMSIS_RTOS/cmsis_os.o
 .debug_macro   0x00000000000202b4       0x26 Middlewares/Third_Party/FreeRTOS/Source/CMSIS_RTOS/cmsis_os.o
 .debug_macro   0x00000000000202da      0x4e8 Middlewares/Third_Party/FreeRTOS/Source/CMSIS_RTOS/cmsis_os.o
 .debug_macro   0x00000000000207c2       0xb5 Middlewares/Third_Party/FreeRTOS/Source/CMSIS_RTOS/cmsis_os.o
 .debug_macro   0x0000000000020877       0xaa Middlewares/Third_Party/FreeRTOS/Source/CMSIS_RTOS/cmsis_os.o
 .debug_macro   0x0000000000020921       0x91 Middlewares/Third_Party/FreeRTOS/Source/CMSIS_RTOS/cmsis_os.o
 .debug_macro   0x00000000000209b2       0x8d Middlewares/Third_Party/FreeRTOS/Source/CMSIS_RTOS/cmsis_os.o
 .debug_macro   0x0000000000020a3f       0x7e Middlewares/Third_Party/FreeRTOS/Source/CMSIS_RTOS/cmsis_os.o
 .debug_macro   0x0000000000020abd       0x19 Middlewares/Third_Party/FreeRTOS/Source/CMSIS_RTOS/cmsis_os.o
 .debug_macro   0x0000000000020ad6       0xf2 Middlewares/Third_Party/FreeRTOS/Source/CMSIS_RTOS/cmsis_os.o
 .debug_macro   0x0000000000020bc8       0xc7 Middlewares/Third_Party/FreeRTOS/Source/CMSIS_RTOS/cmsis_os.o
 .debug_macro   0x0000000000020c8f      0x17a Middlewares/Third_Party/FreeRTOS/Source/list.o
 .debug_macro   0x0000000000020e09      0x267 Middlewares/Third_Party/FreeRTOS/Source/tasks.o
 .debug_macro   0x0000000000021070       0x10 Middlewares/Third_Party/FreeRTOS/Source/tasks.o
 .debug_macro   0x0000000000021080      0x196 Middlewares/Third_Party/FreeRTOS/Source/portable/GCC/ARM_CM4F/port.o
 .debug_macro   0x0000000000021216      0x1a1 Middlewares/Third_Party/FreeRTOS/Source/portable/MemMang/heap_4.o
 .debug_macro   0x00000000000213b7      0x214 Src/adc.o
 .debug_macro   0x00000000000215cb      0x39a Src/freertos.o
 .debug_macro   0x0000000000021965      0x32a Src/freertos.o
 .debug_macro   0x0000000000021c8f      0x214 Src/gpio.o
 .debug_macro   0x0000000000021ea3      0x4d2 Src/main.o
 .debug_macro   0x0000000000022375       0xea Src/main.o
 .debug_macro   0x000000000002245f       0x1c Src/main.o
 .debug_macro   0x000000000002247b       0x10 Src/main.o
 .debug_macro   0x000000000002248b       0x10 Src/main.o