Archive member included to satisfy reference by file (symbol)

/home/rayan/Ac6/SystemWorkbench/plugins/fr.ac6.mcu.externaltools.arm-none.linux64_1.17.0.201812190825/tools/compiler/bin/../lib/gcc/arm-none-eabi/7.3.1/thumb/v7e-m/fpv4-sp/hard/libgcc.a(_aeabi_ldivmod.o)
                              Drivers/STM32F4xx_HAL_Driver/Src/stm32f4xx_hal_rcc.o (__aeabi_ldivmod)
/home/rayan/Ac6/SystemWorkbench/plugins/fr.ac6.mcu.externaltools.arm-none.linux64_1.17.0.201812190825/tools/compiler/bin/../lib/gcc/arm-none-eabi/7.3.1/thumb/v7e-m/fpv4-sp/hard/libgcc.a(_aeabi_uldivmod.o)
                              Drivers/STM32F4xx_HAL_Driver/Src/stm32f4xx_hal_rcc.o (__aeabi_uldivmod)
/home/rayan/Ac6/SystemWorkbench/plugins/fr.ac6.mcu.externaltools.arm-none.linux64_1.17.0.201812190825/tools/compiler/bin/../lib/gcc/arm-none-eabi/7.3.1/thumb/v7e-m/fpv4-sp/hard/libgcc.a(_udivmoddi4.o)
                              /home/rayan/Ac6/SystemWorkbench/plugins/fr.ac6.mcu.externaltools.arm-none.linux64_1.17.0.201812190825/tools/compiler/bin/../lib/gcc/arm-none-eabi/7.3.1/thumb/v7e-m/fpv4-sp/hard/libgcc.a(_aeabi_ldivmod.o) (__udivmoddi4)
/home/rayan/Ac6/SystemWorkbench/plugins/fr.ac6.mcu.externaltools.arm-none.linux64_1.17.0.201812190825/tools/compiler/bin/../lib/gcc/arm-none-eabi/7.3.1/thumb/v7e-m/fpv4-sp/hard/libgcc.a(_dvmd_tls.o)
                              /home/rayan/Ac6/SystemWorkbench/plugins/fr.ac6.mcu.externaltools.arm-none.linux64_1.17.0.201812190825/tools/compiler/bin/../lib/gcc/arm-none-eabi/7.3.1/thumb/v7e-m/fpv4-sp/hard/libgcc.a(_aeabi_ldivmod.o) (__aeabi_ldiv0)
/home/rayan/Ac6/SystemWorkbench/plugins/fr.ac6.mcu.externaltools.arm-none.linux64_1.17.0.201812190825/tools/compiler/bin/../lib/gcc/arm-none-eabi/7.3.1/../../../../arm-none-eabi/lib/thumb/v7e-m/fpv4-sp/hard/libc_nano.a(lib_a-errno.o)
                              Src/syscalls.o (__errno)
/home/rayan/Ac6/SystemWorkbench/plugins/fr.ac6.mcu.externaltools.arm-none.linux64_1.17.0.201812190825/tools/compiler/bin/../lib/gcc/arm-none-eabi/7.3.1/../../../../arm-none-eabi/lib/thumb/v7e-m/fpv4-sp/hard/libc_nano.a(lib_a-exit.o)
                              /home/rayan/Ac6/SystemWorkbench/plugins/fr.ac6.mcu.externaltools.arm-none.linux64_1.17.0.201812190825/tools/compiler/bin/../lib/gcc/arm-none-eabi/7.3.1/../../../../arm-none-eabi/lib/thumb/v7e-m/fpv4-sp/hard/crt0.o (exit)
/home/rayan/Ac6/SystemWorkbench/plugins/fr.ac6.mcu.externaltools.arm-none.linux64_1.17.0.201812190825/tools/compiler/bin/../lib/gcc/arm-none-eabi/7.3.1/../../../../arm-none-eabi/lib/thumb/v7e-m/fpv4-sp/hard/libc_nano.a(lib_a-impure.o)
                              /home/rayan/Ac6/SystemWorkbench/plugins/fr.ac6.mcu.externaltools.arm-none.linux64_1.17.0.201812190825/tools/compiler/bin/../lib/gcc/arm-none-eabi/7.3.1/../../../../arm-none-eabi/lib/thumb/v7e-m/fpv4-sp/hard/libc_nano.a(lib_a-exit.o) (_global_impure_ptr)
/home/rayan/Ac6/SystemWorkbench/plugins/fr.ac6.mcu.externaltools.arm-none.linux64_1.17.0.201812190825/tools/compiler/bin/../lib/gcc/arm-none-eabi/7.3.1/../../../../arm-none-eabi/lib/thumb/v7e-m/fpv4-sp/hard/libc_nano.a(lib_a-init.o)
                              /home/rayan/Ac6/SystemWorkbench/plugins/fr.ac6.mcu.externaltools.arm-none.linux64_1.17.0.201812190825/tools/compiler/bin/../lib/gcc/arm-none-eabi/7.3.1/../../../../arm-none-eabi/lib/thumb/v7e-m/fpv4-sp/hard/crt0.o (__libc_init_array)
/home/rayan/Ac6/SystemWorkbench/plugins/fr.ac6.mcu.externaltools.arm-none.linux64_1.17.0.201812190825/tools/compiler/bin/../lib/gcc/arm-none-eabi/7.3.1/../../../../arm-none-eabi/lib/thumb/v7e-m/fpv4-sp/hard/libc_nano.a(lib_a-memcpy-stub.o)
                              Drivers/si4463/Src/si4463.o (memcpy)
/home/rayan/Ac6/SystemWorkbench/plugins/fr.ac6.mcu.externaltools.arm-none.linux64_1.17.0.201812190825/tools/compiler/bin/../lib/gcc/arm-none-eabi/7.3.1/../../../../arm-none-eabi/lib/thumb/v7e-m/fpv4-sp/hard/libc_nano.a(lib_a-memset.o)
                              /home/rayan/Ac6/SystemWorkbench/plugins/fr.ac6.mcu.externaltools.arm-none.linux64_1.17.0.201812190825/tools/compiler/bin/../lib/gcc/arm-none-eabi/7.3.1/../../../../arm-none-eabi/lib/thumb/v7e-m/fpv4-sp/hard/crt0.o (memset)
/home/rayan/Ac6/SystemWorkbench/plugins/fr.ac6.mcu.externaltools.arm-none.linux64_1.17.0.201812190825/tools/compiler/bin/../lib/gcc/arm-none-eabi/7.3.1/../../../../arm-none-eabi/lib/thumb/v7e-m/fpv4-sp/hard/libc_nano.a(lib_a-sprintf.o)
                              Src/main.o (sprintf)
/home/rayan/Ac6/SystemWorkbench/plugins/fr.ac6.mcu.externaltools.arm-none.linux64_1.17.0.201812190825/tools/compiler/bin/../lib/gcc/arm-none-eabi/7.3.1/../../../../arm-none-eabi/lib/thumb/v7e-m/fpv4-sp/hard/libc_nano.a(lib_a-strcmp.o)
                              Src/main.o (strcmp)
/home/rayan/Ac6/SystemWorkbench/plugins/fr.ac6.mcu.externaltools.arm-none.linux64_1.17.0.201812190825/tools/compiler/bin/../lib/gcc/arm-none-eabi/7.3.1/../../../../arm-none-eabi/lib/thumb/v7e-m/fpv4-sp/hard/libc_nano.a(lib_a-strlen.o)
[...]
Memory Configuration

Name             Origin             Length             Attributes
RAM              0x0000000020000000 0x0000000000020000 xrw
CCMRAM           0x0000000010000000 0x0000000000010000 xrw
FLASH            0x0000000008000000 0x0000000000100000 xr
*default*        0x0000000000000000 0xffffffffffffffff

Linker script and memory map

LOAD /home/rayan/Ac6/SystemWorkbench/plugins/fr.ac6.mcu.externaltools.arm-none.linux64_1.17.0.201812190825/tools/compiler/bin/../lib/gcc/arm-none-eabi/7.3.1/thumb/v7e-m/fpv4-sp/hard/crti.o
LOAD /home/rayan/Ac6/SystemWorkbench/plugins/fr.ac6.mcu.externaltools.arm-none.linux64_1.17.0.201812190825/tools/compiler/bin/../lib/gcc/arm-none-eabi/7.3.1/thumb/v7e-m/fpv4-sp/hard/crtbegin.o
LOAD /home/rayan/Ac6/SystemWorkbench/plugins/fr.ac6.mcu.externaltools.arm-none.linux64_1.17.0.201812190825/tools/compiler/bin/../lib/gcc/arm-none-eabi/7.3.1/../../../../arm-none-eabi/lib/thumb/v7e-m/fpv4-sp/hard/crt0.o
LOAD Drivers/Delay_DWT/Src/delay_dwt.o
LOAD Drivers/STM32F4xx_HAL_Driver/Src/stm32f4xx_hal.o
LOAD Drivers/STM32F4xx_HAL_Driver/Src/stm32f4xx_hal_adc.o
LOAD Drivers/STM32F4xx_HAL_Driver/Src/stm32f4xx_hal_adc_ex.o
LOAD Drivers/STM32F4xx_HAL_Driver/Src/stm32f4xx_hal_cortex.o
LOAD Drivers/STM32F4xx_HAL_Driver/Src/stm32f4xx_hal_dma.o
LOAD Drivers/STM32F4xx_HAL_Driver/Src/stm32f4xx_hal_dma_ex.o
LOAD Drivers/STM32F4xx_HAL_Driver/Src/stm32f4xx_hal_exti.o
LOAD Drivers/STM32F4xx_HAL_Driver/Src/stm32f4xx_hal_flash.o
LOAD Drivers/STM32F4xx_HAL_Driver/Src/stm32f4xx_hal_flash_ex.o
LOAD Drivers/STM32F4xx_HAL_Driver/Src/stm32f4xx_hal_flash_ramfunc.o
LOAD Drivers/STM32F4xx_HAL_Driver/Src/stm32f4xx_hal_gpio.o
LOAD Drivers/STM32F4xx_HAL_Driver/Src/stm32f4xx_hal_pwr.o
LOAD Drivers/STM32F4xx_HAL_Driver/Src/stm32f4xx_hal_pwr_ex.o
LOAD Drivers/STM32F4xx_HAL_Driver/Src/stm32f4xx_hal_rcc.o
LOAD Drivers/STM32F4xx_HAL_Driver/Src/stm32f4xx_hal_rcc_ex.o
LOAD Drivers/STM32F4xx_HAL_Driver/Src/stm32f4xx_hal_rng.o
LOAD Drivers/STM32F4xx_HAL_Driver/Src/stm32f4xx_hal_spi.o
LOAD Drivers/STM32F4xx_HAL_Driver/Src/stm32f4xx_hal_tim.o
LOAD Drivers/STM32F4xx_HAL_Driver/Src/stm32f4xx_hal_tim_ex.o
LOAD Drivers/STM32F4xx_HAL_Driver/Src/stm32f4xx_hal_uart.o
LOAD Drivers/si4463/Src/si4463.o
LOAD Middlewares/Third_Party/FreeRTOS/Source/CMSIS_RTOS/cmsis_os.o
LOAD Middlewares/Third_Party/FreeRTOS/Source/croutine.o
LOAD Middlewares/Third_Party/FreeRTOS/Source/event_groups.o
LOAD Middlewares/Third_Party/FreeRTOS/Source/list.o
LOAD Middlewares/Third_Party/FreeRTOS/Source/queue.o
LOAD Middlewares/Third_Party/FreeRTOS/Source/stream_buffer.o
LOAD Middlewares/Third_Party/FreeRTOS/Source/tasks.o
LOAD Middlewares/Third_Party/FreeRTOS/Source/timers.o
LOAD Middlewares/Third_Party/FreeRTOS/Source/portable/GCC/ARM_CM4F/port.o
LOAD Middlewares/Third_Party/FreeRTOS/Source/portable/MemMang/heap_4.o
LOAD Src/adc.o
LOAD Src/freertos.o
LOAD Src/gpio.o
LOAD Src/main.o
LOAD Src/rng.o
LOAD Src/spi.o
LOAD Src/stm32f4xx_hal_msp.o
LOAD Src/stm32f4xx_hal_timebase_tim.o
LOAD Src/stm32f4xx_it.o
LOAD Src/syscalls.o
LOAD Src/system_stm32f4xx.o
LOAD Src/usart.o
LOAD startup/startup_stm32f405xx.o
LOAD /home/rayan/Ac6/SystemWorkbench/plugins/fr.ac6.mcu.externaltools.arm-none.linux64_1.17.0.201812190825/tools/compiler/bin/../lib/gcc/arm-none-eabi/7.3.1/../../../../arm-none-eabi/lib/thumb/v7e-m/fpv4-sp/hard/libm.a
START GROUP
LOAD /home/rayan/Ac6/SystemWorkbench/plugins/fr.ac6.mcu.externaltools.arm-none.linux64_1.17.0.201812190825/tools/compiler/bin/../lib/gcc/arm-none-eabi/7.3.1/thumb/v7e-m/fpv4-sp/hard/libgcc.a
LOAD /home/rayan/Ac6/SystemWorkbench/plugins/fr.ac6.mcu.externaltools.arm-none.linux64_1.17.0.201812190825/tools/compiler/bin/../lib/gcc/arm-none-eabi/7.3.1/../../../../arm-none-eabi/lib/thumb/v7e-m/fpv4-sp/hard/libc_nano.a
END GROUP
START GROUP
LOAD /home/rayan/Ac6/SystemWorkbench/plugins/fr.ac6.mcu.externaltools.arm-none.linux64_1.17.0.201812190825/tools/compiler/bin/../lib/gcc/arm-none-eabi/7.3.1/thumb/v7e-m/fpv4-sp/hard/libgcc.a
LOAD /home/rayan/Ac6/SystemWorkbench/plugins/fr.ac6.mcu.externaltools.arm-none.linux64_1.17.0.201812190825/tools/compiler/bin/../lib/gcc/arm-none-eabi/7.3.1/../../../../arm-none-eabi/lib/thumb/v7e-m/fpv4-sp/hard/libc_nano.a
LOAD /home/rayan/Ac6/SystemWorkbench/plugins/fr.ac6.mcu.externaltools.arm-none.linux64_1.17.0.201812190825/tools/compiler/bin/../lib/gcc/arm-none-eabi/7.3.1/../../../../arm-none-eabi/lib/thumb/v7e-m/fpv4-sp/hard/libnosys.a
END GROUP
START GROUP
LOAD /home/rayan/Ac6/SystemWorkbench/plugins/fr.ac6.mcu.externaltools.arm-none.linux64_1.17.0.201812190825/tools/compiler/bin/../lib/gcc/arm-none-eabi/7.3.1/thumb/v7e-m/fpv4-sp/hard/libgcc.a
LOAD /home/rayan/Ac6/SystemWorkbench/plugins/fr.ac6.mcu.externaltools.arm-none.linux64_1.17.0.201812190825/tools/compiler/bin/../lib/gcc/arm-none-eabi/7.3.1/../../../../arm-none-eabi/lib/thumb/v7e-m/fpv4-sp/hard/libc_nano.a
LOAD /home/rayan/Ac6/SystemWorkbench/plugins/fr.ac6.mcu.externaltools.arm-none.linux64_1.17.0.201812190825/tools/compiler/bin/../lib/gcc/arm-none-eabi/7.3.1/../../../../arm-none-eabi/lib/thumb/v7e-m/fpv4-sp/hard/libnosys.a
END GROUP
LOAD /home/rayan/Ac6/SystemWorkbench/plugins/fr.ac6.mcu.externaltools.arm-none.linux64_1.17.0.201812190825/tools/compiler/bin/../lib/gcc/arm-none-eabi/7.3.1/thumb/v7e-m/fpv4-sp/hard/crtend.o
LOAD /home/rayan/Ac6/SystemWorkbench/plugins/fr.ac6.mcu.externaltools.arm-none.linux64_1.17.0.201812190825/tools/compiler/bin/../lib/gcc/arm-none-eabi/7.3.1/thumb/v7e-m/fpv4-sp/hard/crtn.o
                0x0000000020020000                _estack = 0x20020000
                0x0000000000000200                _Min_Heap_Size = 0x200
                0x0000000000000400                _Min_Stack_Size = 0x400

.isr_vector     0x0000000008000000      0x188
                0x0000000008000000                . = ALIGN (0x4)
 *(.isr_vector)
 .isr_vector    0x0000000008000000      0x188 startup/startup_stm32f405xx.o
                0x0000000008000000                g_pfnVectors
                0x0000000008000188                . = ALIGN (0x4)

.text           0x0000000008000190     0x537c
                0x0000000008000190                . = ALIGN (0x4)
 *(.text)
 .text          0x0000000008000190       0x40 /home/rayan/Ac6/SystemWorkbench/plugins/fr.ac6.mcu.externaltools.arm-none.linux64_1.17.0.201812190825/tools/compiler/bin/../lib/gcc/arm-none-eabi/7.3.1/thumb/v7e-m/fpv4-sp/hard/crtbegin.o
 .text          0x00000000080001d0       0x30 /home/rayan/Ac6/SystemWorkbench/plugins/fr.ac6.mcu.externaltools.arm-none.linux64_1.17.0.201812190825/tools/compiler/bin/../lib/gcc/arm-none-eabi/7.3.1/thumb/v7e-m/fpv4-sp/hard/libgcc.a(_aeabi_uldivmod.o)
                0x00000000080001d0                __aeabi_uldivmod
 .text          0x0000000008000200      0x2cc /home/rayan/Ac6/SystemWorkbench/plugins/fr.ac6.mcu.externaltools.arm-none.linux64_1.17.0.201812190825/tools/compiler/bin/../lib/gcc/arm-none-eabi/7.3.1/thumb/v7e-m/fpv4-sp/hard/libgcc.a(_udivmoddi4.o)
                0x0000000008000200                __udivmoddi4
 .text          0x00000000080004cc        0x4 /home/rayan/Ac6/SystemWorkbench/plugins/fr.ac6.mcu.externaltools.arm-none.linux64_1.17.0.201812190825/tools/compiler/bin/../lib/gcc/arm-none-eabi/7.3.1/thumb/v7e-m/fpv4-sp/hard/libgcc.a(_dvmd_tls.o)
                0x00000000080004cc                __aeabi_ldiv0
                0x00000000080004cc                __aeabi_idiv0
 .text          0x00000000080004d0       0x14 /home/rayan/Ac6/SystemWorkbench/plugins/fr.ac6.mcu.externaltools.arm-none.linux64_1.17.0.201812190825/tools/compiler/bin/../lib/gcc/arm-none-eabi/7.3.1/../../../../arm-none-eabi/lib/thumb/v7e-m/fpv4-sp/hard/libc_nano.a(lib_a-strcmp.o)
                0x00000000080004d0                strcmp
 .text          0x00000000080004e4       0x10 /home/rayan/Ac6/SystemWorkbench/plugins/fr.ac6.mcu.externaltools.arm-none.linux64_1.17.0.201812190825/tools/compiler/bin/../lib/gcc/arm-none-eabi/7.3.1/../../../../arm-none-eabi/lib/thumb/v7e-m/fpv4-sp/hard/libc_nano.a(lib_a-strlen.o)
                0x00000000080004e4                strlen
 *fill*         0x00000000080004f4        0xc 
 .text          0x0000000008000500       0xa0 /home/rayan/Ac6/SystemWorkbench/plugins/fr.ac6.mcu.externaltools.arm-none.linux64_1.17.0.201812190825/tools/compiler/bin/../lib/gcc/arm-none-eabi/7.3.1/../../../../arm-none-eabi/lib/thumb/v7e-m/fpv4-sp/hard/libc_nano.a(lib_a-memchr.o)
                0x0000000008000500                memchr
 *(.text*)
 .text.DWT_Init
                0x00000000080005a0       0x4c Drivers/Delay_DWT/Src/delay_dwt.o
                0x00000000080005a0                DWT_Init
 .text.DWT_Delay_ms
                0x00000000080005ec       0x20 Drivers/Delay_DWT/Src/delay_dwt.o
                0x00000000080005ec                DWT_Delay_ms
 .text.DWT_Delay_us
                0x000000000800060c       0x20 Drivers/Delay_DWT/Src/delay_dwt.o
                0x000000000800060c                DWT_Delay_us
 .text.HAL_Init
                0x000000000800062c       0x34 Drivers/STM32F4xx_HAL_Driver/Src/stm32f4xx_hal.o
                0x000000000800062c                HAL_Init
 .text.HAL_IncTick
                0x0000000008000660       0x18 Drivers/STM32F4xx_HAL_Driver/Src/stm32f4xx_hal.o
                0x0000000008000660                HAL_IncTick
 .text.HAL_GetTick
                0x0000000008000678        0xc Drivers/STM32F4xx_HAL_Driver/Src/stm32f4xx_hal.o
                0x0000000008000678                HAL_GetTick
 .text.HAL_ADC_Init
                0x0000000008000684      0x164 Drivers/STM32F4xx_HAL_Driver/Src/stm32f4xx_hal_adc.o
                0x0000000008000684                HAL_ADC_Init
 .text.HAL_ADC_Start
                0x00000000080007e8       0xfc Drivers/STM32F4xx_HAL_Driver/Src/stm32f4xx_hal_adc.o
                0x00000000080007e8                HAL_ADC_Start
 .text.HAL_ADC_Stop
                0x00000000080008e4       0x3c Drivers/STM32F4xx_HAL_Driver/Src/stm32f4xx_hal_adc.o
                0x00000000080008e4                HAL_ADC_Stop
 .text.HAL_ADC_PollForConversion
                0x0000000008000920       0xa4 Drivers/STM32F4xx_HAL_Driver/Src/stm32f4xx_hal_adc.o
                0x0000000008000920                HAL_ADC_PollForConversion
 .text.HAL_ADC_GetValue
                0x00000000080009c4        0x8 Drivers/STM32F4xx_HAL_Driver/Src/stm32f4xx_hal_adc.o
                0x00000000080009c4                HAL_ADC_GetValue
 .text.HAL_ADC_ConfigChannel
                0x00000000080009cc      0x150 Drivers/STM32F4xx_HAL_Driver/Src/stm32f4xx_hal_adc.o
                0x00000000080009cc                HAL_ADC_ConfigChannel
 .text.HAL_NVIC_SetPriorityGrouping
                0x0000000008000b1c       0x24 Drivers/STM32F4xx_HAL_Driver/Src/stm32f4xx_hal_cortex.o
                0x0000000008000b1c                HAL_NVIC_SetPriorityGrouping
 .text.HAL_NVIC_SetPriority
                0x0000000008000b40       0x6c Drivers/STM32F4xx_HAL_Driver/Src/stm32f4xx_hal_cortex.o
                0x0000000008000b40                HAL_NVIC_SetPriority
 .text.HAL_NVIC_EnableIRQ
                0x0000000008000bac       0x1c Drivers/STM32F4xx_HAL_Driver/Src/stm32f4xx_hal_cortex.o
                0x0000000008000bac                HAL_NVIC_EnableIRQ
 .text.HAL_NVIC_DisableIRQ
                0x0000000008000bc8       0x28 Drivers/STM32F4xx_HAL_Driver/Src/stm32f4xx_hal_cortex.o
                0x0000000008000bc8                HAL_NVIC_DisableIRQ
 .text.HAL_DMA_Abort_IT
                0x0000000008000bf0       0x24 Drivers/STM32F4xx_HAL_Driver/Src/stm32f4xx_hal_dma.o
                0x0000000008000bf0                HAL_DMA_Abort_IT
 .text.HAL_GPIO_Init
                0x0000000008000c14      0x208 Drivers/STM32F4xx_HAL_Driver/Src/stm32f4xx_hal_gpio.o
                0x0000000008000c14                HAL_GPIO_Init
 .text.HAL_GPIO_WritePin
                0x0000000008000e1c        0x8 Drivers/STM32F4xx_HAL_Driver/Src/stm32f4xx_hal_gpio.o
                0x0000000008000e1c                HAL_GPIO_WritePin
 .text.HAL_GPIO_TogglePin
                0x0000000008000e24       0x10 Drivers/STM32F4xx_HAL_Driver/Src/stm32f4xx_hal_gpio.o
                0x0000000008000e24                HAL_GPIO_TogglePin
 .text.HAL_GPIO_EXTI_IRQHandler
                0x0000000008000e34       0x18 Drivers/STM32F4xx_HAL_Driver/Src/stm32f4xx_hal_gpio.o
                0x0000000008000e34                HAL_GPIO_EXTI_IRQHandler
 .text.HAL_RCC_OscConfig
                0x0000000008000e4c      0x3bc Drivers/STM32F4xx_HAL_Driver/Src/stm32f4xx_hal_rcc.o
                0x0000000008000e4c                HAL_RCC_OscConfig
 .text.HAL_RCC_GetSysClockFreq
                0x0000000008001208       0x6c Drivers/STM32F4xx_HAL_Driver/Src/stm32f4xx_hal_rcc.o
                0x0000000008001208                HAL_RCC_GetSysClockFreq
 .text.HAL_RCC_ClockConfig
                0x0000000008001274      0x13c Drivers/STM32F4xx_HAL_Driver/Src/stm32f4xx_hal_rcc.o
                0x0000000008001274                HAL_RCC_ClockConfig
 .text.HAL_RCC_GetPCLK1Freq
                0x00000000080013b0       0x20 Drivers/STM32F4xx_HAL_Driver/Src/stm32f4xx_hal_rcc.o
                0x00000000080013b0                HAL_RCC_GetPCLK1Freq
 .text.HAL_RCC_GetPCLK2Freq
                0x00000000080013d0       0x20 Drivers/STM32F4xx_HAL_Driver/Src/stm32f4xx_hal_rcc.o
                0x00000000080013d0                HAL_RCC_GetPCLK2Freq
 .text.HAL_RCC_GetClockConfig
                0x00000000080013f0       0x44 Drivers/STM32F4xx_HAL_Driver/Src/stm32f4xx_hal_rcc.o
                0x00000000080013f0                HAL_RCC_GetClockConfig
 .text.HAL_RNG_Init
                0x0000000008001434       0x34 Drivers/STM32F4xx_HAL_Driver/Src/stm32f4xx_hal_rng.o
                0x0000000008001434                HAL_RNG_Init
 .text.HAL_SPI_Init
                0x0000000008001468       0x80 Drivers/STM32F4xx_HAL_Driver/Src/stm32f4xx_hal_spi.o
                0x0000000008001468                HAL_SPI_Init
 .text.HAL_SPI_Transmit
                0x00000000080014e8      0x290 Drivers/STM32F4xx_HAL_Driver/Src/stm32f4xx_hal_spi.o
                0x00000000080014e8                HAL_SPI_Transmit
 .text.HAL_SPI_Receive
                0x0000000008001778      0x5b8 Drivers/STM32F4xx_HAL_Driver/Src/stm32f4xx_hal_spi.o
                0x0000000008001778                HAL_SPI_Receive
 .text.HAL_SPI_TransmitReceive
                0x0000000008001d30      0x37c Drivers/STM32F4xx_HAL_Driver/Src/stm32f4xx_hal_spi.o
                0x0000000008001d30                HAL_SPI_TransmitReceive
 .text.HAL_TIM_Base_MspInit
                0x00000000080020ac        0x4 Drivers/STM32F4xx_HAL_Driver/Src/stm32f4xx_hal_tim.o
                0x00000000080020ac                HAL_TIM_Base_MspInit
 .text.HAL_TIM_Base_Init
                0x00000000080020b0      0x108 Drivers/STM32F4xx_HAL_Driver/Src/stm32f4xx_hal_tim.o
                0x00000000080020b0                HAL_TIM_Base_Init
 .text.HAL_TIM_Base_Start_IT
                0x00000000080021b8       0x20 Drivers/STM32F4xx_HAL_Driver/Src/stm32f4xx_hal_tim.o
                0x00000000080021b8                HAL_TIM_Base_Start_IT
 .text.HAL_TIM_OC_DelayElapsedCallback
                0x00000000080021d8        0x4 Drivers/STM32F4xx_HAL_Driver/Src/stm32f4xx_hal_tim.o
                0x00000000080021d8                HAL_TIM_OC_DelayElapsedCallback
 .text.HAL_TIM_IC_CaptureCallback
                0x00000000080021dc        0x4 Drivers/STM32F4xx_HAL_Driver/Src/stm32f4xx_hal_tim.o
                0x00000000080021dc                HAL_TIM_IC_CaptureCallback
 .text.HAL_TIM_PWM_PulseFinishedCallback
                0x00000000080021e0        0x4 Drivers/STM32F4xx_HAL_Driver/Src/stm32f4xx_hal_tim.o
                0x00000000080021e0                HAL_TIM_PWM_PulseFinishedCallback
 .text.HAL_TIM_TriggerCallback
                0x00000000080021e4        0x4 Drivers/STM32F4xx_HAL_Driver/Src/stm32f4xx_hal_tim.o
                0x00000000080021e4                HAL_TIM_TriggerCallback
 .text.HAL_TIM_IRQHandler
                0x00000000080021e8      0x154 Drivers/STM32F4xx_HAL_Driver/Src/stm32f4xx_hal_tim.o
                0x00000000080021e8                HAL_TIM_IRQHandler
 .text.HAL_TIMEx_CommutCallback
                0x000000000800233c        0x4 Drivers/STM32F4xx_HAL_Driver/Src/stm32f4xx_hal_tim_ex.o
                0x000000000800233c                HAL_TIMEx_CommutCallback
 .text.HAL_TIMEx_BreakCallback
                0x0000000008002340        0x4 Drivers/STM32F4xx_HAL_Driver/Src/stm32f4xx_hal_tim_ex.o
                0x0000000008002340                HAL_TIMEx_BreakCallback
 .text.HAL_UART_Init
                0x0000000008002344      0x144 Drivers/STM32F4xx_HAL_Driver/Src/stm32f4xx_hal_uart.o
                0x0000000008002344                HAL_UART_Init
 .text.HAL_UART_Transmit
                0x0000000008002488      0x11c Drivers/STM32F4xx_HAL_Driver/Src/stm32f4xx_hal_uart.o
                0x0000000008002488                HAL_UART_Transmit
 .text.HAL_UART_Receive_IT
                0x00000000080025a4       0x54 Drivers/STM32F4xx_HAL_Driver/Src/stm32f4xx_hal_uart.o
                0x00000000080025a4                HAL_UART_Receive_IT
 .text.HAL_UART_TxCpltCallback
                0x00000000080025f8        0x4 Drivers/STM32F4xx_HAL_Driver/Src/stm32f4xx_hal_uart.o
                0x00000000080025f8                HAL_UART_TxCpltCallback
 .text.UART_Receive_IT.part.1
                0x00000000080025fc       0x6c Drivers/STM32F4xx_HAL_Driver/Src/stm32f4xx_hal_uart.o
 .text.HAL_UART_ErrorCallback
                0x0000000008002668        0x4 Drivers/STM32F4xx_HAL_Driver/Src/stm32f4xx_hal_uart.o
                0x0000000008002668                HAL_UART_ErrorCallback
 .text.HAL_UART_IRQHandler
                0x000000000800266c      0x178 Drivers/STM32F4xx_HAL_Driver/Src/stm32f4xx_hal_uart.o
                0x000000000800266c                HAL_UART_IRQHandler
 .text.UART_DMAAbortOnError
                0x00000000080027e4       0x14 Drivers/STM32F4xx_HAL_Driver/Src/stm32f4xx_hal_uart.o
 .text.SI4463_SendCommand
                0x00000000080027f8       0x68 Drivers/si4463/Src/si4463.o
                0x00000000080027f8                SI4463_SendCommand
 .text.SI4463_ReadCommandBuffer
                0x0000000008002860       0x6c Drivers/si4463/Src/si4463.o
                0x0000000008002860                SI4463_ReadCommandBuffer
 .text.SI4463_Init
                0x00000000080028cc      0x170 Drivers/si4463/Src/si4463.o
                0x00000000080028cc                SI4463_Init
 .text.SI4463_GetInterrupts
                0x0000000008002a3c      0x100 Drivers/si4463/Src/si4463.o
                0x0000000008002a3c                SI4463_GetInterrupts
 .text.SI4463_ClearInterrupts
                0x0000000008002b3c       0x38 Drivers/si4463/Src/si4463.o
                0x0000000008002b3c                SI4463_ClearInterrupts
 .text.SI4463_ClearAllInterrupts
                0x0000000008002b74       0x6c Drivers/si4463/Src/si4463.o
                0x0000000008002b74                SI4463_ClearAllInterrupts
 .text.SI4463_GetChipStatus
                0x0000000008002be0       0x68 Drivers/si4463/Src/si4463.o
                0x0000000008002be0                SI4463_GetChipStatus
 .text.SI4463_StartRx
                0x0000000008002c48       0x84 Drivers/si4463/Src/si4463.o
                0x0000000008002c48                SI4463_StartRx
 .text.SI4463_ReadRxFifo
                0x0000000008002ccc       0x94 Drivers/si4463/Src/si4463.o
                0x0000000008002ccc                SI4463_ReadRxFifo
 .text.SI4463_ClearRxFifo
                0x0000000008002d60       0x20 Drivers/si4463/Src/si4463.o
                0x0000000008002d60                SI4463_ClearRxFifo
 .text.SI4463_ClearTxFifo
                0x0000000008002d80       0x20 Drivers/si4463/Src/si4463.o
                0x0000000008002d80                SI4463_ClearTxFifo
 .text.SI4463_Transmit
                0x0000000008002da0      0x168 Drivers/si4463/Src/si4463.o
                0x0000000008002da0                SI4463_Transmit
 .text.SI4463_GetBatAdc
                0x0000000008002f08       0x38 Drivers/si4463/Src/si4463.o
                0x0000000008002f08                SI4463_GetBatAdc
 .text.SI4463_GetTempAdc
                0x0000000008002f40       0x38 Drivers/si4463/Src/si4463.o
                0x0000000008002f40                SI4463_GetTempAdc
 .text.SI4463_SetTxPower
                0x0000000008002f78       0xb0 Drivers/si4463/Src/si4463.o
                0x0000000008002f78                SI4463_SetTxPower
 .text.SI4463_CheckDevice
                0x0000000008003028       0x48 Drivers/si4463/Src/si4463.o
                0x0000000008003028                SI4463_CheckDevice
 .text.osKernelStart
                0x0000000008003070        0xc Middlewares/Third_Party/FreeRTOS/Source/CMSIS_RTOS/cmsis_os.o
                0x0000000008003070                osKernelStart
 .text.osThreadCreate
                0x000000000800307c       0x54 Middlewares/Third_Party/FreeRTOS/Source/CMSIS_RTOS/cmsis_os.o
                0x000000000800307c                osThreadCreate
 .text.osDelay  0x00000000080030d0       0x10 Middlewares/Third_Party/FreeRTOS/Source/CMSIS_RTOS/cmsis_os.o
                0x00000000080030d0                osDelay
 .text.vListInitialise
                0x00000000080030e0       0x18 Middlewares/Third_Party/FreeRTOS/Source/list.o
                0x00000000080030e0                vListInitialise
 .text.vListInitialiseItem
                0x00000000080030f8        0x8 Middlewares/Third_Party/FreeRTOS/Source/list.o
                0x00000000080030f8                vListInitialiseItem
 .text.vListInsertEnd
                0x0000000008003100       0x20 Middlewares/Third_Party/FreeRTOS/Source/list.o
                0x0000000008003100                vListInsertEnd
 .text.vListInsert
                0x0000000008003120       0x34 Middlewares/Third_Party/FreeRTOS/Source/list.o
                0x0000000008003120                vListInsert
 .text.uxListRemove
                0x0000000008003154       0x28 Middlewares/Third_Party/FreeRTOS/Source/list.o
                0x0000000008003154                uxListRemove
 .text.prvAddNewTaskToReadyList
                0x000000000800317c       0xe4 Middlewares/Third_Party/FreeRTOS/Source/tasks.o
 .text.prvInitialiseNewTask.isra.2
                0x0000000008003260      0x118 Middlewares/Third_Party/FreeRTOS/Source/tasks.o
 .text.prvAddCurrentTaskToDelayedList
                0x0000000008003378       0x7c Middlewares/Third_Party/FreeRTOS/Source/tasks.o
 .text.prvIdleTask
                0x00000000080033f4       0x8c Middlewares/Third_Party/FreeRTOS/Source/tasks.o
 .text.xTaskCreateStatic
                0x0000000008003480       0x70 Middlewares/Third_Party/FreeRTOS/Source/tasks.o
                0x0000000008003480                xTaskCreateStatic
 .text.xTaskCreate
                0x00000000080034f0      0x158 Middlewares/Third_Party/FreeRTOS/Source/tasks.o
                0x00000000080034f0                xTaskCreate
 .text.vTaskStartScheduler
                0x0000000008003648       0xbc Middlewares/Third_Party/FreeRTOS/Source/tasks.o
                0x0000000008003648                vTaskStartScheduler
 .text.vTaskSuspendAll
                0x0000000008003704       0x14 Middlewares/Third_Party/FreeRTOS/Source/tasks.o
                0x0000000008003704                vTaskSuspendAll
 .text.xTaskIncrementTick
                0x0000000008003718      0x128 Middlewares/Third_Party/FreeRTOS/Source/tasks.o
                0x0000000008003718                xTaskIncrementTick
 .text.xTaskResumeAll
                0x0000000008003840       0xf4 Middlewares/Third_Party/FreeRTOS/Source/tasks.o
                0x0000000008003840                xTaskResumeAll
 .text.vTaskDelay
                0x0000000008003934       0x4c Middlewares/Third_Party/FreeRTOS/Source/tasks.o
                0x0000000008003934                vTaskDelay
 .text.vTaskSwitchContext
                0x0000000008003980       0x6c Middlewares/Third_Party/FreeRTOS/Source/tasks.o
                0x0000000008003980                vTaskSwitchContext
 .text.prvTaskExitError
                0x00000000080039ec       0x40 Middlewares/Third_Party/FreeRTOS/Source/portable/GCC/ARM_CM4F/port.o
 .text.unlikely.prvPortStartFirstTask
                0x0000000008003a2c       0x28 Middlewares/Third_Party/FreeRTOS/Source/portable/GCC/ARM_CM4F/port.o
 .text.unlikely.vPortEnableVFP
                0x0000000008003a54       0x14 Middlewares/Third_Party/FreeRTOS/Source/portable/GCC/ARM_CM4F/port.o
 .text.pxPortInitialiseStack
                0x0000000008003a68       0x2c Middlewares/Third_Party/FreeRTOS/Source/portable/GCC/ARM_CM4F/port.o
                0x0000000008003a68                pxPortInitialiseStack
 *fill*         0x0000000008003a94        0xc 
 .text.SVC_Handler
                0x0000000008003aa0       0x24 Middlewares/Third_Party/FreeRTOS/Source/portable/GCC/ARM_CM4F/port.o
                0x0000000008003aa0                SVC_Handler
 .text.vPortEnterCritical
                0x0000000008003ac4       0x44 Middlewares/Third_Party/FreeRTOS/Source/portable/GCC/ARM_CM4F/port.o
                0x0000000008003ac4                vPortEnterCritical
 .text.vPortExitCritical
                0x0000000008003b08       0x28 Middlewares/Third_Party/FreeRTOS/Source/portable/GCC/ARM_CM4F/port.o
                0x0000000008003b08                vPortExitCritical
 .text.PendSV_Handler
                0x0000000008003b30       0x64 Middlewares/Third_Party/FreeRTOS/Source/portable/GCC/ARM_CM4F/port.o
                0x0000000008003b30                PendSV_Handler
 .text.SysTick_Handler
                0x0000000008003b94       0x2c Middlewares/Third_Party/FreeRTOS/Source/portable/GCC/ARM_CM4F/port.o
                0x0000000008003b94                SysTick_Handler
 .text.vPortSetupTimerInterrupt
                0x0000000008003bc0       0x3c Middlewares/Third_Party/FreeRTOS/Source/portable/GCC/ARM_CM4F/port.o
                0x0000000008003bc0                vPortSetupTimerInterrupt
 .text.xPortStartScheduler
                0x0000000008003bfc      0x108 Middlewares/Third_Party/FreeRTOS/Source/portable/GCC/ARM_CM4F/port.o
                0x0000000008003bfc                xPortStartScheduler
 .text.unlikely.prvInsertBlockIntoFreeList
                0x0000000008003d04       0x4c Middlewares/Third_Party/FreeRTOS/Source/portable/MemMang/heap_4.o
 .text.pvPortMalloc
                0x0000000008003d50       0xf8 Middlewares/Third_Party/FreeRTOS/Source/portable/MemMang/heap_4.o
                0x0000000008003d50                pvPortMalloc
 .text.vPortFree
                0x0000000008003e48       0x68 Middlewares/Third_Party/FreeRTOS/Source/portable/MemMang/heap_4.o
                0x0000000008003e48                vPortFree
 .text.MX_ADC1_Init
                0x0000000008003eb0       0x70 Src/adc.o
                0x0000000008003eb0                MX_ADC1_Init
 .text.HAL_ADC_MspInit
                0x0000000008003f20       0x64 Src/adc.o
                0x0000000008003f20                HAL_ADC_MspInit
 .text.ADC_Get_Vbat
                0x0000000008003f84       0x58 Src/adc.o
                0x0000000008003f84                ADC_Get_Vbat
 .text.StartDefaultTask
                0x0000000008003fdc       0x30 Src/freertos.o
                0x0000000008003fdc                StartDefaultTask
 .text.StartTask02
                0x000000000800400c       0x34 Src/freertos.o
                0x000000000800400c                StartTask02
 .text.StartTask03
                0x0000000008004040       0x10 Src/freertos.o
                0x0000000008004040                StartTask03
 .text.vApplicationGetIdleTaskMemory
                0x0000000008004050       0x14 Src/freertos.o
                0x0000000008004050                vApplicationGetIdleTaskMemory
 .text.MX_FREERTOS_Init
                0x0000000008004064       0x70 Src/freertos.o
                0x0000000008004064                MX_FREERTOS_Init
 .text.MX_GPIO_Init
                0x00000000080040d4      0x124 Src/gpio.o
                0x00000000080040d4                MX_GPIO_Init
 .text.SI4463_IsCTS
                0x00000000080041f8       0x10 Src/main.o
                0x00000000080041f8                SI4463_IsCTS
 .text.SI4463_Select
                0x0000000008004208       0x14 Src/main.o
                0x0000000008004208                SI4463_Select
 .text.SI4463_Deselect
                0x000000000800421c       0x10 Src/main.o
                0x000000000800421c                SI4463_Deselect
 .text.SI4463_WriteRead
                0x000000000800422c       0x1c Src/main.o
                0x000000000800422c                SI4463_WriteRead
 .text.SI4463_SPIRead
                0x0000000008004248       0x10 Src/main.o
                0x0000000008004248                SI4463_SPIRead
 .text.SI4463_SPITransmit
                0x0000000008004258       0x10 Src/main.o
                0x0000000008004258                SI4463_SPITransmit
 .text.SI4463_SetShutdown
                0x0000000008004268       0x10 Src/main.o
                0x0000000008004268                SI4463_SetShutdown
 .text.SI4463_ClearShutdown
                0x0000000008004278       0x10 Src/main.o
                0x0000000008004278                SI4463_ClearShutdown
 .text.SystemClock_Config
                0x0000000008004288       0x94 Src/main.o
                0x0000000008004288                SystemClock_Config
 .text.HAL_GPIO_EXTI_Callback
                0x000000000800431c      0x1d0 Src/main.o
                0x000000000800431c                HAL_GPIO_EXTI_Callback
 .text.HAL_UART_RxCpltCallback
                0x00000000080044ec       0xcc Src/main.o
                0x00000000080044ec                HAL_UART_RxCpltCallback
 .text.SI4463_CheckModule
                0x00000000080045b8       0x84 Src/main.o
                0x00000000080045b8                SI4463_CheckModule
 .text.BatCheck
                0x000000000800463c       0x90 Src/main.o
                0x000000000800463c                BatCheck
 .text.startup.main
                0x00000000080046cc       0xd4 Src/main.o
                0x00000000080046cc                main
 .text.Check_UART_Rx_CMD
                0x00000000080047a0      0x16c Src/main.o
                0x00000000080047a0                Check_UART_Rx_CMD
 .text.HAL_TIM_PeriodElapsedCallback
                0x000000000800490c       0x14 Src/main.o
                0x000000000800490c                HAL_TIM_PeriodElapsedCallback
 .text.Error_Handler
                0x0000000008004920        0x4 Src/main.o
                0x0000000008004920                Error_Handler
 .text.MX_RNG_Init
                0x0000000008004924       0x20 Src/rng.o
                0x0000000008004924                MX_RNG_Init
 .text.HAL_RNG_MspInit
                0x0000000008004944       0x30 Src/rng.o
                0x0000000008004944                HAL_RNG_MspInit
 .text.MX_SPI1_Init
                0x0000000008004974       0x48 Src/spi.o
                0x0000000008004974                MX_SPI1_Init
 .text.HAL_SPI_MspInit
                0x00000000080049bc       0x6c Src/spi.o
                0x00000000080049bc                HAL_SPI_MspInit
 .text.HAL_MspInit
                0x0000000008004a28       0x40 Src/stm32f4xx_hal_msp.o
                0x0000000008004a28                HAL_MspInit
 .text.HAL_InitTick
                0x0000000008004a68       0x80 Src/stm32f4xx_hal_timebase_tim.o
                0x0000000008004a68                HAL_InitTick
 .text.NMI_Handler
                0x0000000008004ae8        0x4 Src/stm32f4xx_it.o
                0x0000000008004ae8                NMI_Handler
 .text.HardFault_Handler
                0x0000000008004aec        0x4 Src/stm32f4xx_it.o
                0x0000000008004aec                HardFault_Handler
 .text.MemManage_Handler
                0x0000000008004af0        0x4 Src/stm32f4xx_it.o
                0x0000000008004af0                MemManage_Handler
 .text.BusFault_Handler
                0x0000000008004af4        0x4 Src/stm32f4xx_it.o
                0x0000000008004af4                BusFault_Handler
 .text.UsageFault_Handler
                0x0000000008004af8        0x4 Src/stm32f4xx_it.o
                0x0000000008004af8                UsageFault_Handler
 .text.DebugMon_Handler
                0x0000000008004afc        0x4 Src/stm32f4xx_it.o
                0x0000000008004afc                DebugMon_Handler
 .text.EXTI1_IRQHandler
                0x0000000008004b00        0x8 Src/stm32f4xx_it.o
                0x0000000008004b00                EXTI1_IRQHandler
 .text.TIM3_IRQHandler
                0x0000000008004b08        0xc Src/stm32f4xx_it.o
                0x0000000008004b08                TIM3_IRQHandler
 .text.USART2_IRQHandler
                0x0000000008004b14        0xc Src/stm32f4xx_it.o
                0x0000000008004b14                USART2_IRQHandler
 .text._sbrk    0x0000000008004b20       0x3c Src/syscalls.o
                0x0000000008004b20                _sbrk
 .text.SystemInit
                0x0000000008004b5c       0x1c Src/system_stm32f4xx.o
                0x0000000008004b5c                SystemInit
 .text.MX_USART2_UART_Init
                0x0000000008004b78       0x38 Src/usart.o
                0x0000000008004b78                MX_USART2_UART_Init
 .text.HAL_UART_MspInit
                0x0000000008004bb0       0x7c Src/usart.o
                0x0000000008004bb0                HAL_UART_MspInit
 .text.Reset_Handler
                0x0000000008004c2c       0x50 startup/startup_stm32f405xx.o
                0x0000000008004c2c                Reset_Handler
 .text.Default_Handler
                0x0000000008004c7c        0x2 startup/startup_stm32f405xx.o
                0x0000000008004c7c                RTC_Alarm_IRQHandler
                0x0000000008004c7c                HASH_RNG_IRQHandler
                0x0000000008004c7c                EXTI2_IRQHandler
                0x0000000008004c7c                TIM8_CC_IRQHandler
                0x0000000008004c7c                TIM1_CC_IRQHandler
                0x0000000008004c7c                DMA2_Stream5_IRQHandler
                0x0000000008004c7c                DMA1_Stream5_IRQHandler
                0x0000000008004c7c                PVD_IRQHandler
                0x0000000008004c7c                SDIO_IRQHandler
                0x0000000008004c7c                TAMP_STAMP_IRQHandler
                0x0000000008004c7c                CAN2_RX1_IRQHandler
                0x0000000008004c7c                EXTI3_IRQHandler
                0x0000000008004c7c                TIM8_TRG_COM_TIM14_IRQHandler
                0x0000000008004c7c                TIM1_UP_TIM10_IRQHandler
                0x0000000008004c7c                TIM8_UP_TIM13_IRQHandler
                0x0000000008004c7c                I2C3_ER_IRQHandler
                0x0000000008004c7c                EXTI0_IRQHandler
                0x0000000008004c7c                I2C2_EV_IRQHandler
                0x0000000008004c7c                DMA1_Stream2_IRQHandler
                0x0000000008004c7c                CAN1_RX0_IRQHandler
                0x0000000008004c7c                FPU_IRQHandler
                0x0000000008004c7c                OTG_HS_WKUP_IRQHandler
                0x0000000008004c7c                CAN2_SCE_IRQHandler
                0x0000000008004c7c                DMA2_Stream2_IRQHandler
                0x0000000008004c7c                SPI1_IRQHandler
                0x0000000008004c7c                TIM6_DAC_IRQHandler
                0x0000000008004c7c                TIM1_BRK_TIM9_IRQHandler
                0x0000000008004c7c                CAN2_RX0_IRQHandler
                0x0000000008004c7c                DMA2_Stream3_IRQHandler
                0x0000000008004c7c                USART6_IRQHandler
                0x0000000008004c7c                USART3_IRQHandler
                0x0000000008004c7c                CAN1_RX1_IRQHandler
                0x0000000008004c7c                UART5_IRQHandler
                0x0000000008004c7c                DMA2_Stream0_IRQHandler
                0x0000000008004c7c                TIM4_IRQHandler
                0x0000000008004c7c                I2C1_EV_IRQHandler
                0x0000000008004c7c                DMA1_Stream6_IRQHandler
                0x0000000008004c7c                DMA1_Stream1_IRQHandler
                0x0000000008004c7c                UART4_IRQHandler
                0x0000000008004c7c                RCC_IRQHandler
                0x0000000008004c7c                TIM8_BRK_TIM12_IRQHandler
                0x0000000008004c7c                Default_Handler
                0x0000000008004c7c                EXTI15_10_IRQHandler
                0x0000000008004c7c                ADC_IRQHandler
                0x0000000008004c7c                DMA1_Stream7_IRQHandler
                0x0000000008004c7c                TIM7_IRQHandler
                0x0000000008004c7c                CAN2_TX_IRQHandler
                0x0000000008004c7c                TIM5_IRQHandler
                0x0000000008004c7c                DMA2_Stream7_IRQHandler
                0x0000000008004c7c                I2C3_EV_IRQHandler
                0x0000000008004c7c                EXTI9_5_IRQHandler
                0x0000000008004c7c                RTC_WKUP_IRQHandler
                0x0000000008004c7c                SPI2_IRQHandler
                0x0000000008004c7c                OTG_HS_EP1_IN_IRQHandler
                0x0000000008004c7c                DMA1_Stream0_IRQHandler
                0x0000000008004c7c                CAN1_TX_IRQHandler
                0x0000000008004c7c                EXTI4_IRQHandler
                0x0000000008004c7c                FSMC_IRQHandler
                0x0000000008004c7c                OTG_HS_EP1_OUT_IRQHandler
                0x0000000008004c7c                WWDG_IRQHandler
                0x0000000008004c7c                TIM2_IRQHandler
                0x0000000008004c7c                OTG_FS_WKUP_IRQHandler
                0x0000000008004c7c                TIM1_TRG_COM_TIM11_IRQHandler
                0x0000000008004c7c                OTG_HS_IRQHandler
                0x0000000008004c7c                I2C2_ER_IRQHandler
                0x0000000008004c7c                DMA2_Stream1_IRQHandler
                0x0000000008004c7c                CAN1_SCE_IRQHandler
                0x0000000008004c7c                FLASH_IRQHandler
                0x0000000008004c7c                DMA2_Stream4_IRQHandler
                0x0000000008004c7c                USART1_IRQHandler
                0x0000000008004c7c                OTG_FS_IRQHandler
                0x0000000008004c7c                SPI3_IRQHandler
                0x0000000008004c7c                DMA1_Stream4_IRQHandler
                0x0000000008004c7c                I2C1_ER_IRQHandler
                0x0000000008004c7c                DMA2_Stream6_IRQHandler
                0x0000000008004c7c                DMA1_Stream3_IRQHandler
 *fill*         0x0000000008004c7e        0x2 
 .text.__errno  0x0000000008004c80        0xc /home/rayan/Ac6/SystemWorkbench/plugins/fr.ac6.mcu.externaltools.arm-none.linux64_1.17.0.201812190825/tools/compiler/bin/../lib/gcc/arm-none-eabi/7.3.1/../../../../arm-none-eabi/lib/thumb/v7e-m/fpv4-sp/hard/libc_nano.a(lib_a-errno.o)
                0x0000000008004c80                __errno
 .text.__libc_init_array
                0x0000000008004c8c       0x48 /home/rayan/Ac6/SystemWorkbench/plugins/fr.ac6.mcu.externaltools.arm-none.linux64_1.17.0.201812190825/tools/compiler/bin/../lib/gcc/arm-none-eabi/7.3.1/../../../../arm-none-eabi/lib/thumb/v7e-m/fpv4-sp/hard/libc_nano.a(lib_a-init.o)
                0x0000000008004c8c                __libc_init_array
 .text.memcpy   0x0000000008004cd4       0x16 /home/rayan/Ac6/SystemWorkbench/plugins/fr.ac6.mcu.externaltools.arm-none.linux64_1.17.0.201812190825/tools/compiler/bin/../lib/gcc/arm-none-eabi/7.3.1/../../../../arm-none-eabi/lib/thumb/v7e-m/fpv4-sp/hard/libc_nano.a(lib_a-memcpy-stub.o)
                0x0000000008004cd4                memcpy
 .text.memset   0x0000000008004cea       0x10 /home/rayan/Ac6/SystemWorkbench/plugins/fr.ac6.mcu.externaltools.arm-none.linux64_1.17.0.201812190825/tools/compiler/bin/../lib/gcc/arm-none-eabi/7.3.1/../../../../arm-none-eabi/lib/thumb/v7e-m/fpv4-sp/hard/libc_nano.a(lib_a-memset.o)
                0x0000000008004cea                memset
 *fill*         0x0000000008004cfa        0x2 
 .text.sprintf  0x0000000008004cfc       0x40 /home/rayan/Ac6/SystemWorkbench/plugins/fr.ac6.mcu.externaltools.arm-none.linux64_1.17.0.201812190825/tools/compiler/bin/../lib/gcc/arm-none-eabi/7.3.1/../../../../arm-none-eabi/lib/thumb/v7e-m/fpv4-sp/hard/libc_nano.a(lib_a-sprintf.o)
                0x0000000008004cfc                sprintf
                0x0000000008004cfc                siprintf
 .text.__ssputs_r
                0x0000000008004d3c       0xb4 /home/rayan/Ac6/SystemWorkbench/plugins/fr.ac6.mcu.externaltools.arm-none.linux64_1.17.0.201812190825/tools/compiler/bin/../lib/gcc/arm-none-eabi/7.3.1/../../../../arm-none-eabi/lib/thumb/v7e-m/fpv4-sp/hard/libc_nano.a(lib_a-nano-svfprintf.o)
                0x0000000008004d3c                __ssputs_r
 .text._svfprintf_r
                0x0000000008004df0      0x1f0 /home/rayan/Ac6/SystemWorkbench/plugins/fr.ac6.mcu.externaltools.arm-none.linux64_1.17.0.201812190825/tools/compiler/bin/../lib/gcc/arm-none-eabi/7.3.1/../../../../arm-none-eabi/lib/thumb/v7e-m/fpv4-sp/hard/libc_nano.a(lib_a-nano-svfprintf.o)
                0x0000000008004df0                _svfprintf_r
                0x0000000008004df0                _svfiprintf_r
 .text._printf_common
                0x0000000008004fe0       0xea /home/rayan/Ac6/SystemWorkbench/plugins/fr.ac6.mcu.externaltools.arm-none.linux64_1.17.0.201812190825/tools/compiler/bin/../lib/gcc/arm-none-eabi/7.3.1/../../../../arm-none-eabi/lib/thumb/v7e-m/fpv4-sp/hard/libc_nano.a(lib_a-nano-vfprintf_i.o)
                0x0000000008004fe0                _printf_common
 *fill*         0x00000000080050ca        0x2 
 .text._printf_i
                0x00000000080050cc      0x224 /home/rayan/Ac6/SystemWorkbench/plugins/fr.ac6.mcu.externaltools.arm-none.linux64_1.17.0.201812190825/tools/compiler/bin/../lib/gcc/arm-none-eabi/7.3.1/../../../../arm-none-eabi/lib/thumb/v7e-m/fpv4-sp/hard/libc_nano.a(lib_a-nano-vfprintf_i.o)
                0x00000000080050cc                _printf_i
 .text.memmove  0x00000000080052f0       0x32 /home/rayan/Ac6/SystemWorkbench/plugins/fr.ac6.mcu.externaltools.arm-none.linux64_1.17.0.201812190825/tools/compiler/bin/../lib/gcc/arm-none-eabi/7.3.1/../../../../arm-none-eabi/lib/thumb/v7e-m/fpv4-sp/hard/libc_nano.a(lib_a-memmove.o)
                0x00000000080052f0                memmove
 *fill*         0x0000000008005322        0x2 
 .text._free_r  0x0000000008005324       0x9c /home/rayan/Ac6/SystemWorkbench/plugins/fr.ac6.mcu.externaltools.arm-none.linux64_1.17.0.201812190825/tools/compiler/bin/../lib/gcc/arm-none-eabi/7.3.1/../../../../arm-none-eabi/lib/thumb/v7e-m/fpv4-sp/hard/libc_nano.a(lib_a-nano-freer.o)
                0x0000000008005324                _free_r
 .text._malloc_r
                0x00000000080053c0       0xb4 /home/rayan/Ac6/SystemWorkbench/plugins/fr.ac6.mcu.externaltools.arm-none.linux64_1.17.0.201812190825/tools/compiler/bin/../lib/gcc/arm-none-eabi/7.3.1/../../../../arm-none-eabi/lib/thumb/v7e-m/fpv4-sp/hard/libc_nano.a(lib_a-nano-mallocr.o)
                0x00000000080053c0                _malloc_r
 .text._realloc_r
                0x0000000008005474       0x4c /home/rayan/Ac6/SystemWorkbench/plugins/fr.ac6.mcu.externaltools.arm-none.linux64_1.17.0.201812190825/tools/compiler/bin/../lib/gcc/arm-none-eabi/7.3.1/../../../../arm-none-eabi/lib/thumb/v7e-m/fpv4-sp/hard/libc_nano.a(lib_a-nano-reallocr.o)
                0x0000000008005474                _realloc_r
 .text._sbrk_r  0x00000000080054c0       0x20 /home/rayan/Ac6/SystemWorkbench/plugins/fr.ac6.mcu.externaltools.arm-none.linux64_1.17.0.201812190825/tools/compiler/bin/../lib/gcc/arm-none-eabi/7.3.1/../../../../arm-none-eabi/lib/thumb/v7e-m/fpv4-sp/hard/libc_nano.a(lib_a-sbrkr.o)
                0x00000000080054c0                _sbrk_r
 .text.__malloc_lock
                0x00000000080054e0        0x2 /home/rayan/Ac6/SystemWorkbench/plugins/fr.ac6.mcu.externaltools.arm-none.linux64_1.17.0.201812190825/tools/compiler/bin/../lib/gcc/arm-none-eabi/7.3.1/../../../../arm-none-eabi/lib/thumb/v7e-m/fpv4-sp/hard/libc_nano.a(lib_a-mlock.o)
                0x00000000080054e0                __malloc_lock
 .text.__malloc_unlock
                0x00000000080054e2        0x2 /home/rayan/Ac6/SystemWorkbench/plugins/fr.ac6.mcu.externaltools.arm-none.linux64_1.17.0.201812190825/tools/compiler/bin/../lib/gcc/arm-none-eabi/7.3.1/../../../../arm-none-eabi/lib/thumb/v7e-m/fpv4-sp/hard/libc_nano.a(lib_a-mlock.o)
                0x00000000080054e2                __malloc_unlock
 .text._malloc_usable_size_r
                0x00000000080054e4       0x10 /home/rayan/Ac6/SystemWorkbench/plugins/fr.ac6.mcu.externaltools.arm-none.linux64_1.17.0.201812190825/tools/compiler/bin/../lib/gcc/arm-none-eabi/7.3.1/../../../../arm-none-eabi/lib/thumb/v7e-m/fpv4-sp/hard/libc_nano.a(lib_a-nano-msizer.o)
                0x00000000080054e4                _malloc_usable_size_r
 *(.glue_7)
 .glue_7        0x00000000080054f4        0x0 linker stubs
 *(.glue_7t)
 .glue_7t       0x00000000080054f4        0x0 linker stubs
 *(.eh_frame)
 .eh_frame      0x00000000080054f4        0x0 /home/rayan/Ac6/SystemWorkbench/plugins/fr.ac6.mcu.externaltools.arm-none.linux64_1.17.0.201812190825/tools/compiler/bin/../lib/gcc/arm-none-eabi/7.3.1/thumb/v7e-m/fpv4-sp/hard/crtbegin.o
 *(.init)
 .init          0x00000000080054f4        0x4 /home/rayan/Ac6/SystemWorkbench/plugins/fr.ac6.mcu.externaltools.arm-none.linux64_1.17.0.201812190825/tools/compiler/bin/../lib/gcc/arm-none-eabi/7.3.1/thumb/v7e-m/fpv4-sp/hard/crti.o
                0x00000000080054f4                _init
 .init          0x00000000080054f8        0x8 /home/rayan/Ac6/SystemWorkbench/plugins/fr.ac6.mcu.externaltools.arm-none.linux64_1.17.0.201812190825/tools/compiler/bin/../lib/gcc/arm-none-eabi/7.3.1/thumb/v7e-m/fpv4-sp/hard/crtn.o
 *(.fini)
 .fini          0x0000000008005500        0x4 /home/rayan/Ac6/SystemWorkbench/plugins/fr.ac6.mcu.externaltools.arm-none.linux64_1.17.0.201812190825/tools/compiler/bin/../lib/gcc/arm-none-eabi/7.3.1/thumb/v7e-m/fpv4-sp/hard/crti.o
                0x0000000008005500                _fini
 .fini          0x0000000008005504        0x8 /home/rayan/Ac6/SystemWorkbench/plugins/fr.ac6.mcu.externaltools.arm-none.linux64_1.17.0.201812190825/tools/compiler/bin/../lib/gcc/arm-none-eabi/7.3.1/thumb/v7e-m/fpv4-sp/hard/crtn.o
                0x000000000800550c                . = ALIGN (0x4)
                0x000000000800550c                _etext = .

.vfp11_veneer   0x000000000800550c        0x0
 .vfp11_veneer  0x000000000800550c        0x0 linker stubs

.v4_bx          0x000000000800550c        0x0
 .v4_bx         0x000000000800550c        0x0 linker stubs

.iplt           0x000000000800550c        0x0
 .iplt          0x000000000800550c        0x0 /home/rayan/Ac6/SystemWorkbench/plugins/fr.ac6.mcu.externaltools.arm-none.linux64_1.17.0.201812190825/tools/compiler/bin/../lib/gcc/arm-none-eabi/7.3.1/thumb/v7e-m/fpv4-sp/hard/crtbegin.o

.rodata         0x000000000800550c      0x2d8
                0x000000000800550c                . = ALIGN (0x4)
 *(.rodata)
 .rodata        0x000000000800550c      0x18e Drivers/si4463/Src/si4463.o
 *fill*         0x000000000800569a        0x2 
 .rodata        0x000000000800569c       0x54 Src/freertos.o
 .rodata        0x00000000080056f0       0x18 Src/system_stm32f4xx.o
                0x00000000080056f0                AHBPrescTable
                0x0000000008005700                APBPrescTable
 *(.rodata*)
 .rodata.str1.4
                0x0000000008005708        0x5 Middlewares/Third_Party/FreeRTOS/Source/tasks.o
 *fill*         0x000000000800570d        0x3 
 .rodata.str1.4
                0x0000000008005710       0x24 Src/freertos.o
 .rodata.str1.4
                0x0000000008005734       0x7c Src/main.o
                                         0x7b (size before relaxing)
 .rodata._svfprintf_r.str1.1
                0x00000000080057b0       0x11 /home/rayan/Ac6/SystemWorkbench/plugins/fr.ac6.mcu.externaltools.arm-none.linux64_1.17.0.201812190825/tools/compiler/bin/../lib/gcc/arm-none-eabi/7.3.1/../../../../arm-none-eabi/lib/thumb/v7e-m/fpv4-sp/hard/libc_nano.a(lib_a-nano-svfprintf.o)
 .rodata._printf_i.str1.1
                0x00000000080057c1       0x22 /home/rayan/Ac6/SystemWorkbench/plugins/fr.ac6.mcu.externaltools.arm-none.linux64_1.17.0.201812190825/tools/compiler/bin/../lib/gcc/arm-none-eabi/7.3.1/../../../../arm-none-eabi/lib/thumb/v7e-m/fpv4-sp/hard/libc_nano.a(lib_a-nano-vfprintf_i.o)
                0x00000000080057e4                . = ALIGN (0x4)
 *fill*         0x00000000080057e3        0x1 

.ARM.extab
 *(.ARM.extab* .gnu.linkonce.armextab.*)

.ARM            0x00000000080057e4        0x8
                0x00000000080057e4                __exidx_start = .
 *(.ARM.exidx*)
 .ARM.exidx     0x00000000080057e4        0x8 /home/rayan/Ac6/SystemWorkbench/plugins/fr.ac6.mcu.externaltools.arm-none.linux64_1.17.0.201812190825/tools/compiler/bin/../lib/gcc/arm-none-eabi/7.3.1/thumb/v7e-m/fpv4-sp/hard/libgcc.a(_udivmoddi4.o)
                0x00000000080057ec                __exidx_end = .

.rel.dyn        0x00000000080057ec        0x0
 .rel.iplt      0x00000000080057ec        0x0 /home/rayan/Ac6/SystemWorkbench/plugins/fr.ac6.mcu.externaltools.arm-none.linux64_1.17.0.201812190825/tools/compiler/bin/../lib/gcc/arm-none-eabi/7.3.1/thumb/v7e-m/fpv4-sp/hard/crtbegin.o

.preinit_array  0x00000000080057ec        0x0
                0x00000000080057ec                PROVIDE (__preinit_array_start = .)
 *(.preinit_array*)
                0x00000000080057ec                PROVIDE (__preinit_array_end = .)

.init_array     0x00000000080057ec        0x4
                0x00000000080057ec                PROVIDE (__init_array_start = .)
 *(SORT_BY_NAME(.init_array.*))
 *(.init_array*)
 .init_array    0x00000000080057ec        0x4 /home/rayan/Ac6/SystemWorkbench/plugins/fr.ac6.mcu.externaltools.arm-none.linux64_1.17.0.201812190825/tools/compiler/bin/../lib/gcc/arm-none-eabi/7.3.1/thumb/v7e-m/fpv4-sp/hard/crtbegin.o
                0x00000000080057f0                PROVIDE (__init_array_end = .)

.fini_array     0x00000000080057f0        0x4
                [!provide]                        PROVIDE (__fini_array_start = .)
 *(SORT_BY_NAME(.fini_array.*))
 *(.fini_array*)
 .fini_array    0x00000000080057f0        0x4 /home/rayan/Ac6/SystemWorkbench/plugins/fr.ac6.mcu.externaltools.arm-none.linux64_1.17.0.201812190825/tools/compiler/bin/../lib/gcc/arm-none-eabi/7.3.1/thumb/v7e-m/fpv4-sp/hard/crtbegin.o
                [!provide]                        PROVIDE (__fini_array_end = .)
                0x00000000080057f4                _sidata = LOADADDR (.data)

.data           0x0000000020000000       0x74 load address 0x00000000080057f4
                0x0000000020000000                . = ALIGN (0x4)
                0x0000000020000000                _sdata = .
 *(.data)
 .data          0x0000000020000000        0x8 Drivers/STM32F4xx_HAL_Driver/Src/stm32f4xx_hal.o
                0x0000000020000000                uwTickFreq
                0x0000000020000004                uwTickPrio
 .data          0x0000000020000008        0x4 Middlewares/Third_Party/FreeRTOS/Source/portable/GCC/ARM_CM4F/port.o
 .data          0x000000002000000c        0x4 Src/system_stm32f4xx.o
                0x000000002000000c                SystemCoreClock
 *(.data*)
 .data._impure_ptr
                0x0000000020000010        0x4 /home/rayan/Ac6/SystemWorkbench/plugins/fr.ac6.mcu.externaltools.arm-none.linux64_1.17.0.201812190825/tools/compiler/bin/../lib/gcc/arm-none-eabi/7.3.1/../../../../arm-none-eabi/lib/thumb/v7e-m/fpv4-sp/hard/libc_nano.a(lib_a-impure.o)
                0x0000000020000010                _impure_ptr
 .data.impure_data
                0x0000000020000014       0x60 /home/rayan/Ac6/SystemWorkbench/plugins/fr.ac6.mcu.externaltools.arm-none.linux64_1.17.0.201812190825/tools/compiler/bin/../lib/gcc/arm-none-eabi/7.3.1/../../../../arm-none-eabi/lib/thumb/v7e-m/fpv4-sp/hard/libc_nano.a(lib_a-impure.o)
                0x0000000020000074                . = ALIGN (0x4)
                0x0000000020000074                _edata = .
                0x0000000008005868                _siccmram = LOADADDR (.ccmram)

.igot.plt       0x0000000020000074        0x0 load address 0x0000000008005868
 .igot.plt      0x0000000020000074        0x0 /home/rayan/Ac6/SystemWorkbench/plugins/fr.ac6.mcu.externaltools.arm-none.linux64_1.17.0.201812190825/tools/compiler/bin/../lib/gcc/arm-none-eabi/7.3.1/thumb/v7e-m/fpv4-sp/hard/crtbegin.o

.ccmram         0x0000000010000000        0x0 load address 0x0000000008005868
                0x0000000010000000                . = ALIGN (0x4)
                0x0000000010000000                _sccmram = .
 *(.ccmram)
 *(.ccmram*)
                0x0000000010000000                . = ALIGN (0x4)
                0x0000000010000000                _eccmram = .
                0x0000000010000000                . = ALIGN (0x4)

.bss            0x0000000020000074     0x42a0
                0x0000000020000074                _sbss = .
                0x0000000020000074                __bss_start__ = _sbss
 *(.bss)
 .bss           0x0000000020000074       0x1c /home/rayan/Ac6/SystemWorkbench/plugins/fr.ac6.mcu.externaltools.arm-none.linux64_1.17.0.201812190825/tools/compiler/bin/../lib/gcc/arm-none-eabi/7.3.1/thumb/v7e-m/fpv4-sp/hard/crtbegin.o
 .bss           0x0000000020000090        0x8 Drivers/Delay_DWT/Src/delay_dwt.o
 .bss           0x0000000020000098      0x128 Middlewares/Third_Party/FreeRTOS/Source/tasks.o
                0x000000002000009c                pxCurrentTCB
 .bss           0x00000000200001c0        0x8 Middlewares/Third_Party/FreeRTOS/Source/portable/GCC/ARM_CM4F/port.o
 .bss           0x00000000200001c8     0x3c18 Middlewares/Third_Party/FreeRTOS/Source/portable/MemMang/heap_4.o
 .bss           0x0000000020003de0      0x254 Src/freertos.o
 .bss           0x0000000020004034       0x47 Src/main.o
                0x0000000020004034                Rx_indx
                0x0000000020004038                Rx_data
                0x0000000020004077                check_module_flag
                0x0000000020004078                i
                0x000000002000407a                rssi_value
 *fill*         0x000000002000407b        0x1 
 .bss           0x000000002000407c        0x8 Src/syscalls.o
                0x0000000020004080                __env
 *(.bss*)
 .bss.__malloc_free_list
                0x0000000020004084        0x4 /home/rayan/Ac6/SystemWorkbench/plugins/fr.ac6.mcu.externaltools.arm-none.linux64_1.17.0.201812190825/tools/compiler/bin/../lib/gcc/arm-none-eabi/7.3.1/../../../../arm-none-eabi/lib/thumb/v7e-m/fpv4-sp/hard/libc_nano.a(lib_a-nano-mallocr.o)
                0x0000000020004084                __malloc_free_list
 .bss.__malloc_sbrk_start
                0x0000000020004088        0x4 /home/rayan/Ac6/SystemWorkbench/plugins/fr.ac6.mcu.externaltools.arm-none.linux64_1.17.0.201812190825/tools/compiler/bin/../lib/gcc/arm-none-eabi/7.3.1/../../../../arm-none-eabi/lib/thumb/v7e-m/fpv4-sp/hard/libc_nano.a(lib_a-nano-mallocr.o)
                0x0000000020004088                __malloc_sbrk_start
 *(COMMON)
 COMMON         0x000000002000408c        0x4 Drivers/STM32F4xx_HAL_Driver/Src/stm32f4xx_hal.o
                0x000000002000408c                uwTick
 COMMON         0x0000000020004090       0x34 Drivers/si4463/Src/si4463.o
                0x0000000020004090                BuffPos
                0x0000000020004091                flagRxCmdUART
                0x0000000020004094                outgoingBuffer
 COMMON         0x00000000200040c4       0x48 Src/adc.o
                0x00000000200040c4                hadc1
 COMMON         0x000000002000410c       0xcc Src/freertos.o
                0x000000002000410c                defaultTaskHandle
                0x0000000020004110                myTask02Handle
                0x0000000020004114                si4463
                0x0000000020004154                myTask03Handle
                0x0000000020004158                outBuffer
                0x0000000020004198                huart2
 COMMON         0x00000000200041d8       0x8f Src/main.o
                0x00000000200041d8                Transfer_cplt
                0x00000000200041dc                incomingBuffer
                0x000000002000421c                str
                0x0000000020004228                Rx_buffer
 *fill*         0x0000000020004267        0x1 
 COMMON         0x0000000020004268       0x10 Src/rng.o
                0x0000000020004268                hrng
 COMMON         0x0000000020004278       0x58 Src/spi.o
                0x0000000020004278                hspi1
 COMMON         0x00000000200042d0       0x40 Src/stm32f4xx_hal_timebase_tim.o
                0x00000000200042d0                htim3
 COMMON         0x0000000020004310        0x4 /home/rayan/Ac6/SystemWorkbench/plugins/fr.ac6.mcu.externaltools.arm-none.linux64_1.17.0.201812190825/tools/compiler/bin/../lib/gcc/arm-none-eabi/7.3.1/../../../../arm-none-eabi/lib/thumb/v7e-m/fpv4-sp/hard/libc_nano.a(lib_a-reent.o)
                0x0000000020004310                errno
                0x0000000020004314                . = ALIGN (0x4)
                0x0000000020004314                _ebss = .
                0x0000000020004314                __bss_end__ = _ebss

._user_heap_stack
                0x0000000020004314      0x604
                0x0000000020004318                . = ALIGN (0x8)
 *fill*         0x0000000020004314        0x4 
                0x0000000020004318                PROVIDE (end = .)
                [!provide]                        PROVIDE (_end = .)
                0x0000000020004518                . = (. + _Min_Heap_Size)
 *fill*         0x0000000020004318      0x200 
                0x0000000020004918                . = (. + _Min_Stack_Size)
 *fill*         0x0000000020004518      0x400 
                0x0000000020004918                . = ALIGN (0x8)

/DISCARD/
 libc.a(*)
 libm.a(*)
 libgcc.a(*)

.ARM.attributes
                0x0000000000000000       0x30
 *(.ARM.attributes)
 .ARM.attributes
                0x0000000000000000       0x22 /home/rayan/Ac6/SystemWorkbench/plugins/fr.ac6.mcu.externaltools.arm-none.linux64_1.17.0.201812190825/tools/compiler/bin/../lib/gcc/arm-none-eabi/7.3.1/thumb/v7e-m/fpv4-sp/hard/crti.o
 .ARM.attributes
                0x0000000000000022       0x34 /home/rayan/Ac6/SystemWorkbench/plugins/fr.ac6.mcu.externaltools.arm-none.linux64_1.17.0.201812190825/tools/compiler/bin/../lib/gcc/arm-none-eabi/7.3.1/thumb/v7e-m/fpv4-sp/hard/crtbegin.o
 .ARM.attributes
                0x0000000000000056       0x39 Drivers/Delay_DWT/Src/delay_dwt.o
 .ARM.attributes
                0x000000000000008f       0x39 Drivers/STM32F4xx_HAL_Driver/Src/stm32f4xx_hal.o
 .ARM.attributes
                0x00000000000000c8       0x39 Drivers/STM32F4xx_HAL_Driver/Src/stm32f4xx_hal_adc.o
 .ARM.attributes
                0x0000000000000101       0x39 Drivers/STM32F4xx_HAL_Driver/Src/stm32f4xx_hal_cortex.o
 .ARM.attributes
                0x000000000000013a       0x39 Drivers/STM32F4xx_HAL_Driver/Src/stm32f4xx_hal_dma.o
 .ARM.attributes
                0x0000000000000173       0x39 Drivers/STM32F4xx_HAL_Driver/Src/stm32f4xx_hal_gpio.o
 .ARM.attributes
                0x00000000000001ac       0x39 Drivers/STM32F4xx_HAL_Driver/Src/stm32f4xx_hal_rcc.o
 .ARM.attributes
                0x00000000000001e5       0x39 Drivers/STM32F4xx_HAL_Driver/Src/stm32f4xx_hal_rng.o
 .ARM.attributes
                0x000000000000021e       0x39 Drivers/STM32F4xx_HAL_Driver/Src/stm32f4xx_hal_spi.o
 .ARM.attributes
                0x0000000000000257       0x39 Drivers/STM32F4xx_HAL_Driver/Src/stm32f4xx_hal_tim.o
 .ARM.attributes
                0x0000000000000290       0x39 Drivers/STM32F4xx_HAL_Driver/Src/stm32f4xx_hal_tim_ex.o
 .ARM.attributes
                0x00000000000002c9       0x39 Drivers/STM32F4xx_HAL_Driver/Src/stm32f4xx_hal_uart.o
 .ARM.attributes
                0x0000000000000302       0x39 Drivers/si4463/Src/si4463.o
 .ARM.attributes
                0x000000000000033b       0x39 Middlewares/Third_Party/FreeRTOS/Source/CMSIS_RTOS/cmsis_os.o
 .ARM.attributes
                0x0000000000000374       0x39 Middlewares/Third_Party/FreeRTOS/Source/list.o
 .ARM.attributes
                0x00000000000003ad       0x39 Middlewares/Third_Party/FreeRTOS/Source/tasks.o
 .ARM.attributes
                0x00000000000003e6       0x39 Middlewares/Third_Party/FreeRTOS/Source/portable/GCC/ARM_CM4F/port.o
 .ARM.attributes
                0x000000000000041f       0x39 Middlewares/Third_Party/FreeRTOS/Source/portable/MemMang/heap_4.o
 .ARM.attributes
                0x0000000000000458       0x39 Src/adc.o
 .ARM.attributes
                0x0000000000000491       0x39 Src/freertos.o
 .ARM.attributes
                0x00000000000004ca       0x39 Src/gpio.o
 .ARM.attributes
                0x0000000000000503       0x39 Src/main.o
 .ARM.attributes
                0x000000000000053c       0x39 Src/rng.o
 .ARM.attributes
                0x0000000000000575       0x39 Src/spi.o
 .ARM.attributes
                0x00000000000005ae       0x39 Src/stm32f4xx_hal_msp.o
 .ARM.attributes
                0x00000000000005e7       0x39 Src/stm32f4xx_hal_timebase_tim.o
 .ARM.attributes
                0x0000000000000620       0x39 Src/stm32f4xx_it.o
 .ARM.attributes
                0x0000000000000659       0x39 Src/syscalls.o
 .ARM.attributes
                0x0000000000000692       0x39 Src/system_stm32f4xx.o
 .ARM.attributes
                0x00000000000006cb       0x39 Src/usart.o
 .ARM.attributes
                0x0000000000000704       0x21 startup/startup_stm32f405xx.o
 .ARM.attributes
                0x0000000000000725       0x22 /home/rayan/Ac6/SystemWorkbench/plugins/fr.ac6.mcu.externaltools.arm-none.linux64_1.17.0.201812190825/tools/compiler/bin/../lib/gcc/arm-none-eabi/7.3.1/thumb/v7e-m/fpv4-sp/hard/libgcc.a(_aeabi_uldivmod.o)
 .ARM.attributes
                0x0000000000000747       0x34 /home/rayan/Ac6/SystemWorkbench/plugins/fr.ac6.mcu.externaltools.arm-none.linux64_1.17.0.201812190825/tools/compiler/bin/../lib/gcc/arm-none-eabi/7.3.1/thumb/v7e-m/fpv4-sp/hard/libgcc.a(_udivmoddi4.o)
 .ARM.attributes
                0x000000000000077b       0x22 /home/rayan/Ac6/SystemWorkbench/plugins/fr.ac6.mcu.externaltools.arm-none.linux64_1.17.0.201812190825/tools/compiler/bin/../lib/gcc/arm-none-eabi/7.3.1/thumb/v7e-m/fpv4-sp/hard/libgcc.a(_dvmd_tls.o)
 .ARM.attributes
                0x000000000000079d       0x34 /home/rayan/Ac6/SystemWorkbench/plugins/fr.ac6.mcu.externaltools.arm-none.linux64_1.17.0.201812190825/tools/compiler/bin/../lib/gcc/arm-none-eabi/7.3.1/../../../../arm-none-eabi/lib/thumb/v7e-m/fpv4-sp/hard/libc_nano.a(lib_a-errno.o)
 .ARM.attributes
                0x00000000000007d1       0x34 /home/rayan/Ac6/SystemWorkbench/plugins/fr.ac6.mcu.externaltools.arm-none.linux64_1.17.0.201812190825/tools/compiler/bin/../lib/gcc/arm-none-eabi/7.3.1/../../../../arm-none-eabi/lib/thumb/v7e-m/fpv4-sp/hard/libc_nano.a(lib_a-impure.o)
 .ARM.attributes
                0x0000000000000805       0x34 /home/rayan/Ac6/SystemWorkbench/plugins/fr.ac6.mcu.externaltools.arm-none.linux64_1.17.0.201812190825/tools/compiler/bin/../lib/gcc/arm-none-eabi/7.3.1/../../../../arm-none-eabi/lib/thumb/v7e-m/fpv4-sp/hard/libc_nano.a(lib_a-init.o)
 .ARM.attributes
                0x0000000000000839       0x34 /home/rayan/Ac6/SystemWorkbench/plugins/fr.ac6.mcu.externaltools.arm-none.linux64_1.17.0.201812190825/tools/compiler/bin/../lib/gcc/arm-none-eabi/7.3.1/../../../../arm-none-eabi/lib/thumb/v7e-m/fpv4-sp/hard/libc_nano.a(lib_a-memcpy-stub.o)
 .ARM.attributes
                0x000000000000086d       0x34 /home/rayan/Ac6/SystemWorkbench/plugins/fr.ac6.mcu.externaltools.arm-none.linux64_1.17.0.201812190825/tools/compiler/bin/../lib/gcc/arm-none-eabi/7.3.1/../../../../arm-none-eabi/lib/thumb/v7e-m/fpv4-sp/hard/libc_nano.a(lib_a-memset.o)
 .ARM.attributes
                0x00000000000008a1       0x34 /home/rayan/Ac6/SystemWorkbench/plugins/fr.ac6.mcu.externaltools.arm-none.linux64_1.17.0.201812190825/tools/compiler/bin/../lib/gcc/arm-none-eabi/7.3.1/../../../../arm-none-eabi/lib/thumb/v7e-m/fpv4-sp/hard/libc_nano.a(lib_a-sprintf.o)
 .ARM.attributes
                0x00000000000008d5       0x20 /home/rayan/Ac6/SystemWorkbench/plugins/fr.ac6.mcu.externaltools.arm-none.linux64_1.17.0.201812190825/tools/compiler/bin/../lib/gcc/arm-none-eabi/7.3.1/../../../../arm-none-eabi/lib/thumb/v7e-m/fpv4-sp/hard/libc_nano.a(lib_a-strcmp.o)
 .ARM.attributes
                0x00000000000008f5       0x1b /home/rayan/Ac6/SystemWorkbench/plugins/fr.ac6.mcu.externaltools.arm-none.linux64_1.17.0.201812190825/tools/compiler/bin/../lib/gcc/arm-none-eabi/7.3.1/../../../../arm-none-eabi/lib/thumb/v7e-m/fpv4-sp/hard/libc_nano.a(lib_a-strlen.o)
 .ARM.attributes
                0x0000000000000910       0x34 /home/rayan/Ac6/SystemWorkbench/plugins/fr.ac6.mcu.externaltools.arm-none.linux64_1.17.0.201812190825/tools/compiler/bin/../lib/gcc/arm-none-eabi/7.3.1/../../../../arm-none-eabi/lib/thumb/v7e-m/fpv4-sp/hard/libc_nano.a(lib_a-nano-svfprintf.o)
 .ARM.attributes
                0x0000000000000944       0x34 /home/rayan/Ac6/SystemWorkbench/plugins/fr.ac6.mcu.externaltools.arm-none.linux64_1.17.0.201812190825/tools/compiler/bin/../lib/gcc/arm-none-eabi/7.3.1/../../../../arm-none-eabi/lib/thumb/v7e-m/fpv4-sp/hard/libc_nano.a(lib_a-nano-vfprintf_i.o)
 .ARM.attributes
                0x0000000000000978       0x20 /home/rayan/Ac6/SystemWorkbench/plugins/fr.ac6.mcu.externaltools.arm-none.linux64_1.17.0.201812190825/tools/compiler/bin/../lib/gcc/arm-none-eabi/7.3.1/../../../../arm-none-eabi/lib/thumb/v7e-m/fpv4-sp/hard/libc_nano.a(lib_a-memchr.o)
 .ARM.attributes
                0x0000000000000998       0x34 /home/rayan/Ac6/SystemWorkbench/plugins/fr.ac6.mcu.externaltools.arm-none.linux64_1.17.0.201812190825/tools/compiler/bin/../lib/gcc/arm-none-eabi/7.3.1/../../../../arm-none-eabi/lib/thumb/v7e-m/fpv4-sp/hard/libc_nano.a(lib_a-memmove.o)
 .ARM.attributes
                0x00000000000009cc       0x34 /home/rayan/Ac6/SystemWorkbench/plugins/fr.ac6.mcu.externaltools.arm-none.linux64_1.17.0.201812190825/tools/compiler/bin/../lib/gcc/arm-none-eabi/7.3.1/../../../../arm-none-eabi/lib/thumb/v7e-m/fpv4-sp/hard/libc_nano.a(lib_a-nano-freer.o)
 .ARM.attributes
                0x0000000000000a00       0x34 /home/rayan/Ac6/SystemWorkbench/plugins/fr.ac6.mcu.externaltools.arm-none.linux64_1.17.0.201812190825/tools/compiler/bin/../lib/gcc/arm-none-eabi/7.3.1/../../../../arm-none-eabi/lib/thumb/v7e-m/fpv4-sp/hard/libc_nano.a(lib_a-nano-mallocr.o)
 .ARM.attributes
                0x0000000000000a34       0x34 /home/rayan/Ac6/SystemWorkbench/plugins/fr.ac6.mcu.externaltools.arm-none.linux64_1.17.0.201812190825/tools/compiler/bin/../lib/gcc/arm-none-eabi/7.3.1/../../../../arm-none-eabi/lib/thumb/v7e-m/fpv4-sp/hard/libc_nano.a(lib_a-nano-reallocr.o)
 .ARM.attributes
                0x0000000000000a68       0x34 /home/rayan/Ac6/SystemWorkbench/plugins/fr.ac6.mcu.externaltools.arm-none.linux64_1.17.0.201812190825/tools/compiler/bin/../lib/gcc/arm-none-eabi/7.3.1/../../../../arm-none-eabi/lib/thumb/v7e-m/fpv4-sp/hard/libc_nano.a(lib_a-sbrkr.o)
 .ARM.attributes
                0x0000000000000a9c       0x34 /home/rayan/Ac6/SystemWorkbench/plugins/fr.ac6.mcu.externaltools.arm-none.linux64_1.17.0.201812190825/tools/compiler/bin/../lib/gcc/arm-none-eabi/7.3.1/../../../../arm-none-eabi/lib/thumb/v7e-m/fpv4-sp/hard/libc_nano.a(lib_a-mlock.o)
 .ARM.attributes
                0x0000000000000ad0       0x34 /home/rayan/Ac6/SystemWorkbench/plugins/fr.ac6.mcu.externaltools.arm-none.linux64_1.17.0.201812190825/tools/compiler/bin/../lib/gcc/arm-none-eabi/7.3.1/../../../../arm-none-eabi/lib/thumb/v7e-m/fpv4-sp/hard/libc_nano.a(lib_a-nano-msizer.o)
 .ARM.attributes
                0x0000000000000b04       0x34 /home/rayan/Ac6/SystemWorkbench/plugins/fr.ac6.mcu.externaltools.arm-none.linux64_1.17.0.201812190825/tools/compiler/bin/../lib/gcc/arm-none-eabi/7.3.1/../../../../arm-none-eabi/lib/thumb/v7e-m/fpv4-sp/hard/libc_nano.a(lib_a-reent.o)
 .ARM.attributes
                0x0000000000000b38       0x22 /home/rayan/Ac6/SystemWorkbench/plugins/fr.ac6.mcu.externaltools.arm-none.linux64_1.17.0.201812190825/tools/compiler/bin/../lib/gcc/arm-none-eabi/7.3.1/thumb/v7e-m/fpv4-sp/hard/crtn.o
OUTPUT(test.elf elf32-littlearm)

.debug_info     0x0000000000000000    0x25e2c
 .debug_info    0x0000000000000000      0x562 Drivers/Delay_DWT/Src/delay_dwt.o
 .debug_info    0x0000000000000562      0xa07 Drivers/STM32F4xx_HAL_Driver/Src/stm32f4xx_hal.o
 .debug_info    0x0000000000000f69      0xe00 Drivers/STM32F4xx_HAL_Driver/Src/stm32f4xx_hal_adc.o
 .debug_info    0x0000000000001d69      0xf78 Drivers/STM32F4xx_HAL_Driver/Src/stm32f4xx_hal_cortex.o
 .debug_info    0x0000000000002ce1      0xb0c Drivers/STM32F4xx_HAL_Driver/Src/stm32f4xx_hal_dma.o
 .debug_info    0x00000000000037ed      0x7c7 Drivers/STM32F4xx_HAL_Driver/Src/stm32f4xx_hal_gpio.o
 .debug_info    0x0000000000003fb4      0xad0 Drivers/STM32F4xx_HAL_Driver/Src/stm32f4xx_hal_rcc.o
 .debug_info    0x0000000000004a84      0x61e Drivers/STM32F4xx_HAL_Driver/Src/stm32f4xx_hal_rng.o
 .debug_info    0x00000000000050a2     0x2b16 Drivers/STM32F4xx_HAL_Driver/Src/stm32f4xx_hal_spi.o
 .debug_info    0x0000000000007bb8     0x3e8e Drivers/STM32F4xx_HAL_Driver/Src/stm32f4xx_hal_tim.o
 .debug_info    0x000000000000ba46     0x1568 Drivers/STM32F4xx_HAL_Driver/Src/stm32f4xx_hal_tim_ex.o
 .debug_info    0x000000000000cfae     0x18c3 Drivers/STM32F4xx_HAL_Driver/Src/stm32f4xx_hal_uart.o
 .debug_info    0x000000000000e871     0x4c0a Drivers/si4463/Src/si4463.o
 .debug_info    0x000000000001347b     0x2d93 Middlewares/Third_Party/FreeRTOS/Source/CMSIS_RTOS/cmsis_os.o
 .debug_info    0x000000000001620e      0xad6 Middlewares/Third_Party/FreeRTOS/Source/list.o
 .debug_info    0x0000000000016ce4     0x32de Middlewares/Third_Party/FreeRTOS/Source/tasks.o
 .debug_info    0x0000000000019fc2      0x568 Middlewares/Third_Party/FreeRTOS/Source/portable/GCC/ARM_CM4F/port.o
 .debug_info    0x000000000001a52a      0xcb7 Middlewares/Third_Party/FreeRTOS/Source/portable/MemMang/heap_4.o
 .debug_info    0x000000000001b1e1      0xc38 Src/adc.o
 .debug_info    0x000000000001be19     0x172c Src/freertos.o
 .debug_info    0x000000000001d545      0x916 Src/gpio.o
 .debug_info    0x000000000001de5b     0x2fe2 Src/main.o
 .debug_info    0x0000000000020e3d      0x5db Src/rng.o
 .debug_info    0x0000000000021418      0xb18 Src/spi.o
 .debug_info    0x0000000000021f30      0x681 Src/stm32f4xx_hal_msp.o
 .debug_info    0x00000000000225b1      0xbe3 Src/stm32f4xx_hal_timebase_tim.o
 .debug_info    0x0000000000023194      0xa1f Src/stm32f4xx_it.o
 .debug_info    0x0000000000023bb3      0xff9 Src/syscalls.o
 .debug_info    0x0000000000024bac      0x559 Src/system_stm32f4xx.o
 .debug_info    0x0000000000025105      0xd27 Src/usart.o

.debug_abbrev   0x0000000000000000     0x507f
 .debug_abbrev  0x0000000000000000      0x17b Drivers/Delay_DWT/Src/delay_dwt.o
 .debug_abbrev  0x000000000000017b      0x240 Drivers/STM32F4xx_HAL_Driver/Src/stm32f4xx_hal.o
 .debug_abbrev  0x00000000000003bb      0x2b5 Drivers/STM32F4xx_HAL_Driver/Src/stm32f4xx_hal_adc.o
 .debug_abbrev  0x0000000000000670      0x320 Drivers/STM32F4xx_HAL_Driver/Src/stm32f4xx_hal_cortex.o
 .debug_abbrev  0x0000000000000990      0x32b Drivers/STM32F4xx_HAL_Driver/Src/stm32f4xx_hal_dma.o
 .debug_abbrev  0x0000000000000cbb      0x1f4 Drivers/STM32F4xx_HAL_Driver/Src/stm32f4xx_hal_gpio.o
 .debug_abbrev  0x0000000000000eaf      0x2c3 Drivers/STM32F4xx_HAL_Driver/Src/stm32f4xx_hal_rcc.o
 .debug_abbrev  0x0000000000001172      0x258 Drivers/STM32F4xx_HAL_Driver/Src/stm32f4xx_hal_rng.o
 .debug_abbrev  0x00000000000013ca      0x395 Drivers/STM32F4xx_HAL_Driver/Src/stm32f4xx_hal_spi.o
 .debug_abbrev  0x000000000000175f      0x33a Drivers/STM32F4xx_HAL_Driver/Src/stm32f4xx_hal_tim.o
 .debug_abbrev  0x0000000000001a99      0x2ea Drivers/STM32F4xx_HAL_Driver/Src/stm32f4xx_hal_tim_ex.o
 .debug_abbrev  0x0000000000001d83      0x325 Drivers/STM32F4xx_HAL_Driver/Src/stm32f4xx_hal_uart.o
 .debug_abbrev  0x00000000000020a8      0x517 Drivers/si4463/Src/si4463.o
 .debug_abbrev  0x00000000000025bf      0x4aa Middlewares/Third_Party/FreeRTOS/Source/CMSIS_RTOS/cmsis_os.o
 .debug_abbrev  0x0000000000002a69      0x223 Middlewares/Third_Party/FreeRTOS/Source/list.o
 .debug_abbrev  0x0000000000002c8c      0x4b5 Middlewares/Third_Party/FreeRTOS/Source/tasks.o
 .debug_abbrev  0x0000000000003141      0x22c Middlewares/Third_Party/FreeRTOS/Source/portable/GCC/ARM_CM4F/port.o
 .debug_abbrev  0x000000000000336d      0x356 Middlewares/Third_Party/FreeRTOS/Source/portable/MemMang/heap_4.o
 .debug_abbrev  0x00000000000036c3      0x233 Src/adc.o
 .debug_abbrev  0x00000000000038f6      0x295 Src/freertos.o
 .debug_abbrev  0x0000000000003b8b      0x1a9 Src/gpio.o
 .debug_abbrev  0x0000000000003d34      0x41d Src/main.o
 .debug_abbrev  0x0000000000004151      0x1ae Src/rng.o
 .debug_abbrev  0x00000000000042ff      0x1fc Src/spi.o
 .debug_abbrev  0x00000000000044fb      0x15a Src/stm32f4xx_hal_msp.o
 .debug_abbrev  0x0000000000004655      0x1ee Src/stm32f4xx_hal_timebase_tim.o
 .debug_abbrev  0x0000000000004843      0x1fa Src/stm32f4xx_it.o
 .debug_abbrev  0x0000000000004a3d      0x312 Src/syscalls.o
 .debug_abbrev  0x0000000000004d4f      0x12b Src/system_stm32f4xx.o
 .debug_abbrev  0x0000000000004e7a      0x205 Src/usart.o

.debug_loc      0x0000000000000000    0x14607
 .debug_loc     0x0000000000000000      0x183 Drivers/Delay_DWT/Src/delay_dwt.o
 .debug_loc     0x0000000000000183      0x120 Drivers/STM32F4xx_HAL_Driver/Src/stm32f4xx_hal.o
 .debug_loc     0x00000000000002a3      0x967 Drivers/STM32F4xx_HAL_Driver/Src/stm32f4xx_hal_adc.o
 .debug_loc     0x0000000000000c0a      0x5c9 Drivers/STM32F4xx_HAL_Driver/Src/stm32f4xx_hal_cortex.o
 .debug_loc     0x00000000000011d3      0x86d Drivers/STM32F4xx_HAL_Driver/Src/stm32f4xx_hal_dma.o
 .debug_loc     0x0000000000001a40      0x435 Drivers/STM32F4xx_HAL_Driver/Src/stm32f4xx_hal_gpio.o
 .debug_loc     0x0000000000001e75      0x3fc Drivers/STM32F4xx_HAL_Driver/Src/stm32f4xx_hal_rcc.o
 .debug_loc     0x0000000000002271      0x3c2 Drivers/STM32F4xx_HAL_Driver/Src/stm32f4xx_hal_rng.o
 .debug_loc     0x0000000000002633     0x362d Drivers/STM32F4xx_HAL_Driver/Src/stm32f4xx_hal_spi.o
 .debug_loc     0x0000000000005c60     0x560a Drivers/STM32F4xx_HAL_Driver/Src/stm32f4xx_hal_tim.o
 .debug_loc     0x000000000000b26a     0x112b Drivers/STM32F4xx_HAL_Driver/Src/stm32f4xx_hal_tim_ex.o
 .debug_loc     0x000000000000c395     0x1762 Drivers/STM32F4xx_HAL_Driver/Src/stm32f4xx_hal_uart.o
 .debug_loc     0x000000000000daf7     0x297a Drivers/si4463/Src/si4463.o
 .debug_loc     0x0000000000010471     0x1401 Middlewares/Third_Party/FreeRTOS/Source/CMSIS_RTOS/cmsis_os.o
 .debug_loc     0x0000000000011872       0x69 Middlewares/Third_Party/FreeRTOS/Source/list.o
 .debug_loc     0x00000000000118db     0x1ef4 Middlewares/Third_Party/FreeRTOS/Source/tasks.o
 .debug_loc     0x00000000000137cf       0xd5 Middlewares/Third_Party/FreeRTOS/Source/portable/GCC/ARM_CM4F/port.o
 .debug_loc     0x00000000000138a4      0x355 Middlewares/Third_Party/FreeRTOS/Source/portable/MemMang/heap_4.o
 .debug_loc     0x0000000000013bf9       0xab Src/adc.o
 .debug_loc     0x0000000000013ca4       0x84 Src/freertos.o
 .debug_loc     0x0000000000013d28      0x2be Src/main.o
 .debug_loc     0x0000000000013fe6       0x42 Src/spi.o
 .debug_loc     0x0000000000014028       0x9a Src/stm32f4xx_hal_timebase_tim.o
 .debug_loc     0x00000000000140c2      0x3b7 Src/syscalls.o
 .debug_loc     0x0000000000014479      0x14c Src/system_stm32f4xx.o
 .debug_loc     0x00000000000145c5       0x42 Src/usart.o

.debug_aranges  0x0000000000000000     0x1368
 .debug_aranges
                0x0000000000000000       0x78 Drivers/Delay_DWT/Src/delay_dwt.o
 .debug_aranges
                0x0000000000000078       0xe8 Drivers/STM32F4xx_HAL_Driver/Src/stm32f4xx_hal.o
 .debug_aranges
                0x0000000000000160       0xb8 Drivers/STM32F4xx_HAL_Driver/Src/stm32f4xx_hal_adc.o
 .debug_aranges
                0x0000000000000218       0xa8 Drivers/STM32F4xx_HAL_Driver/Src/stm32f4xx_hal_cortex.o
 .debug_aranges
                0x00000000000002c0       0x78 Drivers/STM32F4xx_HAL_Driver/Src/stm32f4xx_hal_dma.o
 .debug_aranges
                0x0000000000000338       0x58 Drivers/STM32F4xx_HAL_Driver/Src/stm32f4xx_hal_gpio.o
 .debug_aranges
                0x0000000000000390       0x88 Drivers/STM32F4xx_HAL_Driver/Src/stm32f4xx_hal_rcc.o
 .debug_aranges
                0x0000000000000418       0x78 Drivers/STM32F4xx_HAL_Driver/Src/stm32f4xx_hal_rng.o
 .debug_aranges
                0x0000000000000490      0x160 Drivers/STM32F4xx_HAL_Driver/Src/stm32f4xx_hal_spi.o
 .debug_aranges
                0x00000000000005f0      0x258 Drivers/STM32F4xx_HAL_Driver/Src/stm32f4xx_hal_tim.o
 .debug_aranges
                0x0000000000000848       0xf0 Drivers/STM32F4xx_HAL_Driver/Src/stm32f4xx_hal_tim_ex.o
 .debug_aranges
                0x0000000000000938      0x158 Drivers/STM32F4xx_HAL_Driver/Src/stm32f4xx_hal_uart.o
 .debug_aranges
                0x0000000000000a90      0x170 Drivers/si4463/Src/si4463.o
 .debug_aranges
                0x0000000000000c00      0x190 Middlewares/Third_Party/FreeRTOS/Source/CMSIS_RTOS/cmsis_os.o
 .debug_aranges
                0x0000000000000d90       0x40 Middlewares/Third_Party/FreeRTOS/Source/list.o
 .debug_aranges
                0x0000000000000dd0      0x180 Middlewares/Third_Party/FreeRTOS/Source/tasks.o
 .debug_aranges
                0x0000000000000f50       0x80 Middlewares/Third_Party/FreeRTOS/Source/portable/GCC/ARM_CM4F/port.o
 .debug_aranges
                0x0000000000000fd0       0x48 Middlewares/Third_Party/FreeRTOS/Source/portable/MemMang/heap_4.o
 .debug_aranges
                0x0000000000001018       0x38 Src/adc.o
 .debug_aranges
                0x0000000000001050       0x40 Src/freertos.o
 .debug_aranges
                0x0000000000001090       0x20 Src/gpio.o
 .debug_aranges
                0x00000000000010b0       0xa8 Src/main.o
 .debug_aranges
                0x0000000000001158       0x30 Src/rng.o
 .debug_aranges
                0x0000000000001188       0x30 Src/spi.o
 .debug_aranges
                0x00000000000011b8       0x20 Src/stm32f4xx_hal_msp.o
 .debug_aranges
                0x00000000000011d8       0x30 Src/stm32f4xx_hal_timebase_tim.o
 .debug_aranges
                0x0000000000001208       0x58 Src/stm32f4xx_it.o
 .debug_aranges
                0x0000000000001260       0xb0 Src/syscalls.o
 .debug_aranges
                0x0000000000001310       0x28 Src/system_stm32f4xx.o
 .debug_aranges
                0x0000000000001338       0x30 Src/usart.o

.debug_ranges   0x0000000000000000     0x2e70
 .debug_ranges  0x0000000000000000       0x90 Drivers/Delay_DWT/Src/delay_dwt.o
 .debug_ranges  0x0000000000000090       0xd8 Drivers/STM32F4xx_HAL_Driver/Src/stm32f4xx_hal.o
 .debug_ranges  0x0000000000000168       0xd0 Drivers/STM32F4xx_HAL_Driver/Src/stm32f4xx_hal_adc.o
 .debug_ranges  0x0000000000000238      0x138 Drivers/STM32F4xx_HAL_Driver/Src/stm32f4xx_hal_cortex.o
 .debug_ranges  0x0000000000000370      0x120 Drivers/STM32F4xx_HAL_Driver/Src/stm32f4xx_hal_dma.o
 .debug_ranges  0x0000000000000490       0x60 Drivers/STM32F4xx_HAL_Driver/Src/stm32f4xx_hal_gpio.o
 .debug_ranges  0x00000000000004f0      0x100 Drivers/STM32F4xx_HAL_Driver/Src/stm32f4xx_hal_rcc.o
 .debug_ranges  0x00000000000005f0       0x98 Drivers/STM32F4xx_HAL_Driver/Src/stm32f4xx_hal_rng.o
 .debug_ranges  0x0000000000000688      0xb78 Drivers/STM32F4xx_HAL_Driver/Src/stm32f4xx_hal_spi.o
 .debug_ranges  0x0000000000001200      0x6f0 Drivers/STM32F4xx_HAL_Driver/Src/stm32f4xx_hal_tim.o
 .debug_ranges  0x00000000000018f0       0xe0 Drivers/STM32F4xx_HAL_Driver/Src/stm32f4xx_hal_tim_ex.o
 .debug_ranges  0x00000000000019d0      0x310 Drivers/STM32F4xx_HAL_Driver/Src/stm32f4xx_hal_uart.o
 .debug_ranges  0x0000000000001ce0      0x528 Drivers/si4463/Src/si4463.o
 .debug_ranges  0x0000000000002208      0x2d0 Middlewares/Third_Party/FreeRTOS/Source/CMSIS_RTOS/cmsis_os.o
 .debug_ranges  0x00000000000024d8       0x30 Middlewares/Third_Party/FreeRTOS/Source/list.o
 .debug_ranges  0x0000000000002508      0x438 Middlewares/Third_Party/FreeRTOS/Source/tasks.o
 .debug_ranges  0x0000000000002940       0xa8 Middlewares/Third_Party/FreeRTOS/Source/portable/GCC/ARM_CM4F/port.o
 .debug_ranges  0x00000000000029e8       0x38 Middlewares/Third_Party/FreeRTOS/Source/portable/MemMang/heap_4.o
 .debug_ranges  0x0000000000002a20       0x58 Src/adc.o
 .debug_ranges  0x0000000000002a78       0x30 Src/freertos.o
 .debug_ranges  0x0000000000002aa8       0x48 Src/gpio.o
 .debug_ranges  0x0000000000002af0      0x168 Src/main.o
 .debug_ranges  0x0000000000002c58       0x20 Src/rng.o
 .debug_ranges  0x0000000000002c78       0x50 Src/spi.o
 .debug_ranges  0x0000000000002cc8       0x10 Src/stm32f4xx_hal_msp.o
 .debug_ranges  0x0000000000002cd8       0x48 Src/stm32f4xx_hal_timebase_tim.o
 .debug_ranges  0x0000000000002d20       0x48 Src/stm32f4xx_it.o
 .debug_ranges  0x0000000000002d68       0xa0 Src/syscalls.o
 .debug_ranges  0x0000000000002e08       0x18 Src/system_stm32f4xx.o
 .debug_ranges  0x0000000000002e20       0x50 Src/usart.o

.debug_macro    0x0000000000000000    0x23f12
 .debug_macro   0x0000000000000000      0x20a Drivers/Delay_DWT/Src/delay_dwt.o
 .debug_macro   0x000000000000020a      0xa54 Drivers/Delay_DWT/Src/delay_dwt.o
 .debug_macro   0x0000000000000c5e      0x2a6 Drivers/Delay_DWT/Src/delay_dwt.o
 .debug_macro   0x0000000000000f04       0x2e Drivers/Delay_DWT/Src/delay_dwt.o
 .debug_macro   0x0000000000000f32       0x2f Drivers/Delay_DWT/Src/delay_dwt.o
 .debug_macro   0x0000000000000f61       0x22 Drivers/Delay_DWT/Src/delay_dwt.o
 .debug_macro   0x0000000000000f83       0x8e Drivers/Delay_DWT/Src/delay_dwt.o
 .debug_macro   0x0000000000001011       0x51 Drivers/Delay_DWT/Src/delay_dwt.o
 .debug_macro   0x0000000000001062       0xef Drivers/Delay_DWT/Src/delay_dwt.o
 .debug_macro   0x0000000000001151       0x6a Drivers/Delay_DWT/Src/delay_dwt.o
 .debug_macro   0x00000000000011bb      0x1df Drivers/Delay_DWT/Src/delay_dwt.o
 .debug_macro   0x000000000000139a       0x1c Drivers/Delay_DWT/Src/delay_dwt.o
 .debug_macro   0x00000000000013b6       0x22 Drivers/Delay_DWT/Src/delay_dwt.o
 .debug_macro   0x00000000000013d8       0xdf Drivers/Delay_DWT/Src/delay_dwt.o
 .debug_macro   0x00000000000014b7     0x102d Drivers/Delay_DWT/Src/delay_dwt.o
 .debug_macro   0x00000000000024e4      0x11f Drivers/Delay_DWT/Src/delay_dwt.o
 .debug_macro   0x0000000000002603    0x14251 Drivers/Delay_DWT/Src/delay_dwt.o
 .debug_macro   0x0000000000016854       0x43 Drivers/Delay_DWT/Src/delay_dwt.o
 .debug_macro   0x0000000000016897     0x3659 Drivers/Delay_DWT/Src/delay_dwt.o
 .debug_macro   0x0000000000019ef0      0x174 Drivers/Delay_DWT/Src/delay_dwt.o
 .debug_macro   0x000000000001a064       0x5a Drivers/Delay_DWT/Src/delay_dwt.o
 .debug_macro   0x000000000001a0be      0x8a7 Drivers/Delay_DWT/Src/delay_dwt.o
 .debug_macro   0x000000000001a965      0x9fe Drivers/Delay_DWT/Src/delay_dwt.o
 .debug_macro   0x000000000001b363      0x117 Drivers/Delay_DWT/Src/delay_dwt.o
 .debug_macro   0x000000000001b47a      0x130 Drivers/Delay_DWT/Src/delay_dwt.o
 .debug_macro   0x000000000001b5aa       0x27 Drivers/Delay_DWT/Src/delay_dwt.o
 .debug_macro   0x000000000001b5d1      0x174 Drivers/Delay_DWT/Src/delay_dwt.o
 .debug_macro   0x000000000001b745      0x287 Drivers/Delay_DWT/Src/delay_dwt.o
 .debug_macro   0x000000000001b9cc       0x5f Drivers/Delay_DWT/Src/delay_dwt.o
 .debug_macro   0x000000000001ba2b      0x236 Drivers/Delay_DWT/Src/delay_dwt.o
 .debug_macro   0x000000000001bc61      0x391 Drivers/Delay_DWT/Src/delay_dwt.o
 .debug_macro   0x000000000001bff2      0x176 Drivers/Delay_DWT/Src/delay_dwt.o
 .debug_macro   0x000000000001c168       0xf9 Drivers/Delay_DWT/Src/delay_dwt.o
 .debug_macro   0x000000000001c261      0x12c Drivers/Delay_DWT/Src/delay_dwt.o
 .debug_macro   0x000000000001c38d      0x21e Drivers/Delay_DWT/Src/delay_dwt.o
 .debug_macro   0x000000000001c5ab       0x2e Drivers/Delay_DWT/Src/delay_dwt.o
 .debug_macro   0x000000000001c5d9      0x11a Drivers/Delay_DWT/Src/delay_dwt.o
 .debug_macro   0x000000000001c6f3       0x7e Drivers/Delay_DWT/Src/delay_dwt.o
 .debug_macro   0x000000000001c771       0x89 Drivers/Delay_DWT/Src/delay_dwt.o
 .debug_macro   0x000000000001c7fa       0xa4 Drivers/Delay_DWT/Src/delay_dwt.o
 .debug_macro   0x000000000001c89e      0x225 Drivers/Delay_DWT/Src/delay_dwt.o
 .debug_macro   0x000000000001cac3      0x8a0 Drivers/Delay_DWT/Src/delay_dwt.o
 .debug_macro   0x000000000001d363       0x47 Drivers/Delay_DWT/Src/delay_dwt.o
 .debug_macro   0x000000000001d3aa      0x287 Drivers/Delay_DWT/Src/delay_dwt.o
 .debug_macro   0x000000000001d631      0x12d Drivers/Delay_DWT/Src/delay_dwt.o
 .debug_macro   0x000000000001d75e       0x16 Drivers/Delay_DWT/Src/delay_dwt.o
 .debug_macro   0x000000000001d774      0x25b Drivers/STM32F4xx_HAL_Driver/Src/stm32f4xx_hal.o
 .debug_macro   0x000000000001d9cf      0x1fc Drivers/STM32F4xx_HAL_Driver/Src/stm32f4xx_hal_adc.o
 .debug_macro   0x000000000001dbcb      0x1fb Drivers/STM32F4xx_HAL_Driver/Src/stm32f4xx_hal_cortex.o
 .debug_macro   0x000000000001ddc6      0x201 Drivers/STM32F4xx_HAL_Driver/Src/stm32f4xx_hal_dma.o
 .debug_macro   0x000000000001dfc7      0x231 Drivers/STM32F4xx_HAL_Driver/Src/stm32f4xx_hal_gpio.o
 .debug_macro   0x000000000001e1f8      0x21f Drivers/STM32F4xx_HAL_Driver/Src/stm32f4xx_hal_rcc.o
 .debug_macro   0x000000000001e417      0x201 Drivers/STM32F4xx_HAL_Driver/Src/stm32f4xx_hal_rng.o
 .debug_macro   0x000000000001e618      0x20a Drivers/STM32F4xx_HAL_Driver/Src/stm32f4xx_hal_spi.o
 .debug_macro   0x000000000001e822      0x1fc Drivers/STM32F4xx_HAL_Driver/Src/stm32f4xx_hal_tim.o
 .debug_macro   0x000000000001ea1e      0x1fb Drivers/STM32F4xx_HAL_Driver/Src/stm32f4xx_hal_tim_ex.o
 .debug_macro   0x000000000001ec19      0x1fc Drivers/STM32F4xx_HAL_Driver/Src/stm32f4xx_hal_uart.o
 .debug_macro   0x000000000001ee15      0x2e7 Drivers/si4463/Src/si4463.o
 .debug_macro   0x000000000001f0fc       0x22 Drivers/si4463/Src/si4463.o
 .debug_macro   0x000000000001f11e       0x5e Drivers/si4463/Src/si4463.o
 .debug_macro   0x000000000001f17c       0x18 Drivers/si4463/Src/si4463.o
 .debug_macro   0x000000000001f194       0x35 Drivers/si4463/Src/si4463.o
 .debug_macro   0x000000000001f1c9       0x34 Drivers/si4463/Src/si4463.o
 .debug_macro   0x000000000001f1fd       0x58 Drivers/si4463/Src/si4463.o
 .debug_macro   0x000000000001f255       0x1f Drivers/si4463/Src/si4463.o
 .debug_macro   0x000000000001f274       0x43 Drivers/si4463/Src/si4463.o
 .debug_macro   0x000000000001f2b7       0x20 Drivers/si4463/Src/si4463.o
 .debug_macro   0x000000000001f2d7      0x18e Drivers/si4463/Src/si4463.o
 .debug_macro   0x000000000001f465      0x330 Drivers/si4463/Src/si4463.o
 .debug_macro   0x000000000001f795       0x10 Drivers/si4463/Src/si4463.o
 .debug_macro   0x000000000001f7a5       0x35 Drivers/si4463/Src/si4463.o
 .debug_macro   0x000000000001f7da      0x140 Drivers/si4463/Src/si4463.o
 .debug_macro   0x000000000001f91a      0x18a Drivers/si4463/Src/si4463.o
 .debug_macro   0x000000000001faa4       0xd9 Drivers/si4463/Src/si4463.o
 .debug_macro   0x000000000001fb7d       0x54 Drivers/si4463/Src/si4463.o
 .debug_macro   0x000000000001fbd1       0x76 Drivers/si4463/Src/si4463.o
 .debug_macro   0x000000000001fc47      0x1ec Middlewares/Third_Party/FreeRTOS/Source/CMSIS_RTOS/cmsis_os.o
 .debug_macro   0x000000000001fe33       0x58 Middlewares/Third_Party/FreeRTOS/Source/CMSIS_RTOS/cmsis_os.o
 .debug_macro   0x000000000001fe8b       0x94 Middlewares/Third_Party/FreeRTOS/Source/CMSIS_RTOS/cmsis_os.o
 .debug_macro   0x000000000001ff1f       0x57 Middlewares/Third_Party/FreeRTOS/Source/CMSIS_RTOS/cmsis_os.o
 .debug_macro   0x000000000001ff76       0xea Middlewares/Third_Party/FreeRTOS/Source/CMSIS_RTOS/cmsis_os.o
 .debug_macro   0x0000000000020060      0x15a Middlewares/Third_Party/FreeRTOS/Source/CMSIS_RTOS/cmsis_os.o
 .debug_macro   0x00000000000201ba       0xde Middlewares/Third_Party/FreeRTOS/Source/CMSIS_RTOS/cmsis_os.o
 .debug_macro   0x0000000000020298       0x1c Middlewares/Third_Party/FreeRTOS/Source/CMSIS_RTOS/cmsis_os.o
 .debug_macro   0x00000000000202b4       0x26 Middlewares/Third_Party/FreeRTOS/Source/CMSIS_RTOS/cmsis_os.o
 .debug_macro   0x00000000000202da      0x4e8 Middlewares/Third_Party/FreeRTOS/Source/CMSIS_RTOS/cmsis_os.o
 .debug_macro   0x00000000000207c2       0xb5 Middlewares/Third_Party/FreeRTOS/Source/CMSIS_RTOS/cmsis_os.o
 .debug_macro   0x0000000000020877       0xaa Middlewares/Third_Party/FreeRTOS/Source/CMSIS_RTOS/cmsis_os.o
 .debug_macro   0x0000000000020921       0x91 Middlewares/Third_Party/FreeRTOS/Source/CMSIS_RTOS/cmsis_os.o
 .debug_macro   0x00000000000209b2       0x8d Middlewares/Third_Party/FreeRTOS/Source/CMSIS_RTOS/cmsis_os.o
 .debug_macro   0x0000000000020a3f       0x7e Middlewares/Third_Party/FreeRTOS/Source/CMSIS_RTOS/cmsis_os.o
 .debug_macro   0x0000000000020abd       0x19 Middlewares/Third_Party/FreeRTOS/Source/CMSIS_RTOS/cmsis_os.o
 .debug_macro   0x0000000000020ad6       0xf2 Middlewares/Third_Party/FreeRTOS/Source/CMSIS_RTOS/cmsis_os.o
 .debug_macro   0x0000000000020bc8       0xc7 Middlewares/Third_Party/FreeRTOS/Source/CMSIS_RTOS/cmsis_os.o
 .debug_macro   0x0000000000020c8f      0x17a Middlewares/Third_Party/FreeRTOS/Source/list.o
 .debug_macro   0x0000000000020e09      0x267 Middlewares/Third_Party/FreeRTOS/Source/tasks.o
 .debug_macro   0x0000000000021070       0x10 Middlewares/Third_Party/FreeRTOS/Source/tasks.o
 .debug_macro   0x0000000000021080      0x196 Middlewares/Third_Party/FreeRTOS/Source/portable/GCC/ARM_CM4F/port.o
 .debug_macro   0x0000000000021216      0x1a1 Middlewares/Third_Party/FreeRTOS/Source/portable/MemMang/heap_4.o
 .debug_macro   0x00000000000213b7      0x214 Src/adc.o
 .debug_macro   0x00000000000215cb      0x39a Src/freertos.o
 .debug_macro   0x0000000000021965      0x32a Src/freertos.o
 .debug_macro   0x0000000000021c8f      0x214 Src/gpio.o
 .debug_macro   0x0000000000021ea3      0x4d2 Src/main.o
 .debug_macro   0x0000000000022375       0xea Src/main.o
 .debug_macro   0x000000000002245f       0x1c Src/main.o
 .debug_macro   0x000000000002247b       0x10 Src/main.o
 .debug_macro   0x000000000002248b       0x10 Src/main.o
 .debug_macro   0x000000000002249b       0x1c Src/main.o
 .debug_macro   0x00000000000224b7       0x52 Src/main.o
 .debug_macro   0x0000000000022509       0x40 Src/main.o
 .debug_macro   0x0000000000022549       0x10 Src/main.o
 .debug_macro   0x0000000000022559       0x40 Src/main.o
 .debug_macro   0x0000000000022599       0xd7 Src/main.o
 .debug_macro   0x0000000000022670       0x1c Src/main.o
 .debug_macro   0x000000000002268c       0x3d Src/main.o
 .debug_macro   0x00000000000226c9       0x16 Src/main.o
 .debug_macro   0x00000000000226df      0x16f Src/main.o
 .debug_macro   0x000000000002284e       0x1c Src/main.o
 .debug_macro   0x000000000002286a      0x214 Src/rng.o
 .debug_macro   0x0000000000022a7e      0x214 Src/spi.o
 .debug_macro   0x0000000000022c92      0x20a Src/stm32f4xx_hal_msp.o
 .debug_macro   0x0000000000022e9c      0x1fb Src/stm32f4xx_hal_timebase_tim.o
 .debug_macro   0x0000000000023097      0x214 Src/stm32f4xx_it.o
 .debug_macro   0x00000000000232ab      0x243 Src/syscalls.o
 .debug_macro   0x00000000000234ee       0x10 Src/syscalls.o
 .debug_macro   0x00000000000234fe       0x10 Src/syscalls.o
 .debug_macro   0x000000000002350e       0x10 Src/syscalls.o
 .debug_macro   0x000000000002351e       0x35 Src/syscalls.o
 .debug_macro   0x0000000000023553      0x122 Src/syscalls.o
 .debug_macro   0x0000000000023675       0x10 Src/syscalls.o
 .debug_macro   0x0000000000023685      0x241 Src/syscalls.o
 .debug_macro   0x00000000000238c6       0x10 Src/syscalls.o
 .debug_macro   0x00000000000238d6      0x189 Src/syscalls.o
 .debug_macro   0x0000000000023a5f       0x16 Src/syscalls.o
 .debug_macro   0x0000000000023a75       0x88 Src/syscalls.o
 .debug_macro   0x0000000000023afd      0x201 Src/system_stm32f4xx.o
 .debug_macro   0x0000000000023cfe      0x214 Src/usart.o

.debug_line     0x0000000000000000    0x154ed
 .debug_line    0x0000000000000000      0x8c8 Drivers/Delay_DWT/Src/delay_dwt.o
 .debug_line    0x00000000000008c8      0x97f Drivers/STM32F4xx_HAL_Driver/Src/stm32f4xx_hal.o
 .debug_line    0x0000000000001247      0xd74 Drivers/STM32F4xx_HAL_Driver/Src/stm32f4xx_hal_adc.o
 .debug_line    0x0000000000001fbb      0xa0b Drivers/STM32F4xx_HAL_Driver/Src/stm32f4xx_hal_cortex.o
 .debug_line    0x00000000000029c6      0xc3c Drivers/STM32F4xx_HAL_Driver/Src/stm32f4xx_hal_dma.o
 .debug_line    0x0000000000003602      0x982 Drivers/STM32F4xx_HAL_Driver/Src/stm32f4xx_hal_gpio.o
 .debug_line    0x0000000000003f84      0xab2 Drivers/STM32F4xx_HAL_Driver/Src/stm32f4xx_hal_rcc.o
 .debug_line    0x0000000000004a36      0x98a Drivers/STM32F4xx_HAL_Driver/Src/stm32f4xx_hal_rng.o
 .debug_line    0x00000000000053c0     0x184a Drivers/STM32F4xx_HAL_Driver/Src/stm32f4xx_hal_spi.o
 .debug_line    0x0000000000006c0a     0x1eb5 Drivers/STM32F4xx_HAL_Driver/Src/stm32f4xx_hal_tim.o
 .debug_line    0x0000000000008abf      0xd3e Drivers/STM32F4xx_HAL_Driver/Src/stm32f4xx_hal_tim_ex.o
 .debug_line    0x00000000000097fd     0x13d9 Drivers/STM32F4xx_HAL_Driver/Src/stm32f4xx_hal_uart.o
 .debug_line    0x000000000000abd6     0x1225 Drivers/si4463/Src/si4463.o
 .debug_line    0x000000000000bdfb      0xdae Middlewares/Third_Party/FreeRTOS/Source/CMSIS_RTOS/cmsis_os.o
 .debug_line    0x000000000000cba9      0x5d9 Middlewares/Third_Party/FreeRTOS/Source/list.o
 .debug_line    0x000000000000d182     0x1093 Middlewares/Third_Party/FreeRTOS/Source/tasks.o
 .debug_line    0x000000000000e215      0x6a0 Middlewares/Third_Party/FreeRTOS/Source/portable/GCC/ARM_CM4F/port.o